polityka: greedy (źródło: argv)
reset(seed='36522638797')
log ruchów: bridge-out/moves.1.jsonl
ruch 0: slot 2 -> (4,0) wynik 700 OK
ruch 1: slot 1 -> (1,2) wynik 74 OK
ruch 2: slot 0 -> (0,3) wynik 706 OK
ruch 3: slot 2 -> (6,3) wynik 720 OK
ruch 4: slot 1 -> (0,4) wynik 744 OK
ruch 5: slot 0 -> (3,2) wynik 778 OK
ruch 6: slot 2 -> (7,0) wynik 781 OK
ruch 7: slot 1 -> (6,2) wynik 784 OK
ruch 8: slot 2 -> (0,2) wynik 826 OK
ruch 9: slot 0 -> (2,2) wynik 830 OK
ruch 10: slot 1 -> (5,2) wynik 833 OK
ruch 11: slot 0 -> (1,3) wynik 835 OK
ruch 12: slot 2 -> (3,4) wynik 839 OK
ruch 13: slot 1 -> (6,4) wynik 843 OK
ruch 14: slot 1 -> (3,3) wynik 845 OK
ruch 15: slot 2 -> (7,2) wynik 858 OK
ruch 16: slot 0 -> (3,1) wynik 880 OK
ruch 17: slot 1 -> (3,0) wynik 914 OK
ruch 18: slot 0 -> (7,4) wynik 958 OK
ruch 19: slot 2 -> (0,0) wynik 1010 OK
ruch 20: slot 0 -> (1,0) wynik 1011 OK
ruch 21: slot 1 -> (5,0) wynik 1017 OK
ruch 22: slot 2 -> (0,2) wynik 1021 OK
ruch 23: slot 2 -> (2,3) wynik 1025 OK
ruch 24: slot 0 -> (1,5) wynik 1040 OK
ruch 25: slot 1 -> (1,2) wynik 1063 OK
ruch 26: slot 1 -> (0,1) wynik 1067 OK
ruch 27: slot 2 -> (4,1) wynik 101 OK
ruch 28: slot 0 -> (7,2) wynik 1146 OK
ruch 29: slot 2 -> (1,0) wynik 1197 OK
najdłuższa seria zgodnych ruchów: 30
