polityka: greedy (źródło: argv)
reset(seed='36522638797')
log ruchów: bridge-out/moves.3.jsonl
ruch 0: slot 1 -> (0,0) wynik 4045 OK
ruch 1: slot 2 -> (3,0) wynik 4051 OK
ruch 2: slot 0 -> (0,3) wynik 4055 OK
ruch 3: slot 2 -> (0,1) wynik 4283 OK
ruch 4: slot 1 -> (5,0) wynik 4424 OK
ruch 5: slot 1 -> (1,5) wynik 4427 OK
ruch 6: slot 2 -> (1,0) wynik 4667 OK
ruch 7: slot 0 -> (7,0) wynik 4816 OK
ruch 8: slot 2 -> (3,1) wynik 4818 OK
ruch 9: slot 0 -> (4,5) wynik 5090 OK
ruch 10: slot 1 -> (0,1) wynik 9231 OK
ruch 11: slot 2 -> (2,5) wynik 5513 OK
ruch 12: slot 0 -> (3,0) wynik 5950 OK
ruch 13: slot 1 -> (3,2) wynik 6105 OK
ruch 14: slot 1 -> (5,2) wynik 6109 OK
ruch 15: slot 0 -> (4,1) wynik 6398 OK
ruch 16: slot 2 -> (0,2) wynik 6879 OK
ruch 17: slot 2 -> (5,2) wynik 7061 OK
ruch 18: slot 0 -> (5,0) wynik 71773 OK
ruch 19: slot 1 -> (1,2) wynik 8110 OK
ruch 20: slot 0 -> (0,5) wynik 8114 OK
ruch 21: slot 1 -> (1,0) wynik 8458 OK
ruch 22: slot 2 -> (6,1) wynik 8662 OK
ruch 23: slot 1 -> (4,1) wynik 8665 OK
ruch 24: slot 0 -> (5,5) wynik 9228 OK
ruch 25: slot 2 -> (1,4) wynik 9234 OK
ruch 26: slot 1 -> (3,4) wynik 9238 OK
ruch 27: slot 2 -> (0,0) wynik 10118 OK
ruch 28: slot 0 -> (1,0) wynik 1302 OK
ruch 29: slot 0 -> (2,0) wynik 11728 OK
najdłuższa seria zgodnych ruchów: 30
