polityka: greedy (źródło: argv)
reset(seed='36522638797')
log ruchów: bridge-out/moves.4.jsonl
ruch 0: slot 1 -> (4,0) wynik 11732 OK
ruch 1: slot 2 -> (4,1) wynik 11736 OK
ruch 2: slot 2 -> (2,5) wynik 739 OK
ruch 3: slot 1 -> (0,2) wynik 12631 OK
ruch 4: slot 0 -> (1,4) wynik 13692 OK
ruch 5: slot 0 -> (1,0) wynik 14103 OK
ruch 6: slot 1 -> (3,0) wynik 14382 OK
ruch 7: slot 2 -> (1,3) wynik 14388 OK
ruch 8: slot 2 -> (0,5) wynik 14392 OK
ruch 9: slot 1 -> (1,0) wynik 15381 OK
ruch 10: slot 0 -> (7,0) wynik 15805 OK
ruch 11: slot 0 -> (1,2) wynik 15808 OK
ruch 12: slot 1 -> (6,2) wynik 15814 OK
ruch 13: slot 2 -> (3,2) wynik 16278 OK
ruch 14: slot 1 -> (5,1) wynik 17000 OK
ruch 15: slot 0 -> (0,2) wynik 17795 OK
ruch 16: slot 2 -> (3,4) wynik 18550 OK
ruch 17: slot 1 -> (0,0) wynik 19377 OK
ruch 18: slot 0 -> (1,0) wynik 20152 OK
ruch 19: slot 2 -> (1,3) wynik 20465 OK
ruch 20: slot 1 -> (6,1) wynik 20470 OK
ruch 21: slot 2 -> (4,0) wynik 21013 OK
ruch 22: slot 0 -> (0,1) wynik 22571 OK
ruch 23: slot 0 -> (1,4) wynik 23091 OK
ruch 24: slot 2 -> (3,1) wynik 23698 OK
ruch 25: slot 1 -> (6,0) wynik 24004 OK
ruch 26: slot 1 -> (0,0) wynik 24010 OK
ruch 27: slot 0 -> (0,0) wynik 29774 OK
ruch 28: slot 2 -> (1,0) wynik 29776 OK
ruch 29: slot 0 -> (3,0) wynik 29778 OK
najdłuższa seria zgodnych ruchów: 30
