polityka: greedy (źródło: argv)
reset(seed='36522638797')
log ruchów: bridge-out/moves.12.jsonl
ruch 0: slot 2 -> (7,1) wynik 4773 OK
ruch 1: slot 0 -> (0,1) wynik 4834 OK
ruch 2: slot 1 -> (3,1) wynik 4868 OK
ruch 3: slot 2 -> (7,0) wynik 4872 OK
ruch 4: slot 2 -> (1,2) wynik 4874 OK
ruch 5: slot 1 -> (5,1) wynik 4887 OK
ruch 6: slot 0 -> (0,1) wynik 49 OK
ruch 7: slot 0 -> (1,0) wynik 4915 OK
ruch 8: slot 2 -> (4,2) wynik 4950 OK
ruch 9: slot 1 -> (4,0) wynik 4992 OK
ruch 10: slot 0 -> (5,1) wynik 4996 OK
ruch 11: slot 1 -> (0,0) wynik 59050 OK
ruch 12: slot 2 -> (2,0) wynik 9054 OK
ruch 13: slot 0 -> (0,1) wynik 9056 OK
ruch 14: slot 1 -> (1,4) wynik 39060 OK
ruch 15: slot 2 -> (1,5) wynik 5190 OK
ruch 16: slot 0 -> (2,1) wynik 9253 OK
ruch 17: slot 2 -> (1,0) wynik 9327 OK
ruch 18: slot 1 -> (3,1) wynik 9365 OK
ruch 19: slot 0 -> (2,3) wynik 9367 OK
ruch 20: slot 1 -> (1,2) wynik 59447 OK
ruch 21: slot 2 -> (1,0) wynik 9584 OK
ruch 22: slot 0 -> (1,4) wynik 9634 OK
ruch 23: slot 1 -> (6,4) wynik 9639 OK
ruch 24: slot 2 -> (1,0) wynik 5738 OK
ruch 25: slot 1 -> (5,0) wynik 5793 OK
ruch 26: slot 0 -> (5,1) wynik 9939 OK
ruch 27: slot 2 -> (0,1) wynik 6021 OK
ruch 28: slot 1 -> (0,4) wynik 6025 OK
ruch 29: slot 0 -> (3,1) wynik 6030 OK
najdłuższa seria zgodnych ruchów: 30
