polityka: greedy (źródło: argv)
reset(seed='36522638797')
log ruchów: bridge-out/moves.13.jsonl
ruch 0: slot 2 -> (3,6) wynik 6034 OK
ruch 1: slot 0 -> (0,5) wynik 6191 OK
ruch 2: slot 1 -> (4,4) wynik 6280 ROZBIEŻNOŚĆ
OCR: Bottom=0, top=180, base=0, x=0

Total count=0
Min=0.00 Really=0
Lower quartile=0.00
Median=0.00, ile(0.5)=0.00
Upper quartile=0.00
Max=0.00 Really=0
Range=1
Mean= 0.00
SD= 0.00
okno: reklama_statyczna
OCR: 
okno: reklama_statyczna
OCR: Bottom=0, top=180, base=0, x=0

Total count=0
Min=0.00 Really=0
Lower quartile=0.00
Median=0.00, ile(0.5)=0.00
Upper quartile=0.00
Max=0.00 Really=0
Range=1
Mean= 0.00
SD= 0.00
koniec_partii, wynik 6284, nowa_partia 2
OCR: 
ruch 3: slot 0 -> (0,0) wynik None OK
ruch 4: slot 1 -> (1,0) wynik 3 OK
ruch 5: slot 2 -> (3,0) wynik 5 OK
ruch 6: slot 1 -> (3,0) wynik 7 OK
ruch 7: slot 2 -> (6,0) wynik 1 OK
ruch 8: slot 0 -> (1,2) wynik 14 OK
ruch 9: slot 1 -> (3,2) wynik 16 OK
ruch 10: slot 0 -> (0,2) wynik 34 OK
ruch 11: slot 2 -> (2,2) wynik 38 OK
ruch 12: slot 1 -> (5,2) wynik 4 OK
ruch 13: slot 0 -> (0,2) wynik 71 OK
ruch 14: slot 2 -> (4,2) wynik 75 OK
ruch 15: slot 0 -> (5,4) wynik 19 OK
ruch 16: slot 1 -> (6,4) wynik 122 OK
ruch 17: slot 2 -> (5,1) wynik 178 OK
ruch 18: slot 0 -> (5,3) wynik 182 OK
ruch 19: slot 1 -> (2,2) wynik 186 OK
ruch 20: slot 2 -> (5,0) wynik 250 OK
ruch 21: slot 1 -> (0,0) wynik 259 OK
ruch 22: slot 0 -> (0,0) wynik 909 OK
ruch 23: slot 2 -> (0,5) wynik 1209 OK
ruch 24: slot 1 -> (0,3) wynik 1323 OK
ruch 25: slot 2 -> (0,0) wynik 1775 OK
ruch 26: slot 0 -> (0,1) wynik 1975 OK
ruch 27: slot 1 -> (4,1) wynik 1979 OK
ruch 28: slot 2 -> (5,0) wynik 2167 OK
ruch 29: slot 0 -> (0,0) wynik 2507 OK
najdłuższa seria zgodnych ruchów: 27
