polityka: greedy (źródło: argv)
reset(seed='36522638797')
log ruchów: bridge-out/moves.8.jsonl
ruch 0: slot 2 -> (1,0) wynik 1657 OK
ruch 1: slot 0 -> (3,0) wynik 1661 OK
ruch 2: slot 1 -> (5,0) wynik 1665 OK
ruch 3: slot 2 -> (1,2) wynik 1669 OK
ruch 4: slot 2 -> (6,0) wynik 1673 OK
ruch 5: slot 1 -> (3,0) wynik 1687 OK
ruch 6: slot 0 -> (2,0) wynik 1711 OK
ruch 7: slot 0 -> (4,2) wynik 1714 OK
ruch 8: slot 1 -> (5,3) wynik 1718 OK
ruch 9: slot 2 -> (0,4) wynik 1722 OK
ruch 10: slot 2 -> (3,2) wynik 1726 OK
ruch 11: slot 0 -> (7,3) wynik 1740 OK
ruch 12: slot 1 -> (0,0) wynik 1761 OK
ruch 13: slot 0 -> (3,0) wynik 1763 OK
ruch 14: slot 1 -> (6,0) wynik 1765 OK
ruch 15: slot 2 -> (0,0) wynik 1767 OK
ruch 16: slot 1 -> (6,1) wynik 1769 OK
ruch 17: slot 0 -> (5,0) wynik 1781 OK
ruch 18: slot 2 -> (0,0) wynik 1805 OK
ruch 19: slot 2 -> (1,0) wynik 1806 OK
ruch 20: slot 0 -> (2,0) wynik 1809 OK
ruch 21: slot 1 -> (3,0) wynik 1811 OK
ruch 22: slot 2 -> (3,1) wynik 1813 OK
ruch 23: slot 0 -> (5,0) wynik 1817 OK
ruch 24: slot 1 -> (0,2) wynik 1819 OK
ruch 25: slot 0 -> (7,0) wynik 1821 OK
ruch 26: slot 2 -> (0,2) wynik 1836 OK
ruch 27: slot 1 -> (0,0) wynik 1859 OK
ruch 28: slot 2 -> (2,3) wynik 1891 OK
ruch 29: slot 1 -> (0,1) wynik 1936 OK
najdłuższa seria zgodnych ruchów: 30
