polityka: greedy (źródło: argv)
reset(seed='36522638797')
log ruchów: bridge-out/moves.6.jsonl
ruch 0: slot 2 -> (5,0) wynik 26 OK
ruch 1: slot 0 -> (0,0) wynik 90 OK
ruch 2: slot 1 -> (5,0) wynik 94 OK
ruch 3: slot 2 -> (0,1) wynik 38 OK
ruch 4: slot 1 -> (2,0) wynik 62 OK
ruch 5: slot 0 -> (4,0) wynik 86 OK
ruch 6: slot 2 -> (0,3) wynik 95 OK
ruch 7: slot 0 -> (7,0) wynik 104 OK
ruch 8: slot 1 -> (0,0) wynik 129 OK
ruch 9: slot 2 -> (3,2) wynik 135 OK
ruch 10: slot 1 -> (3,0) wynik 141 OK
ruch 11: slot 0 -> (6,3) wynik 212 OK
ruch 12: slot 2 -> (3,4) wynik 277 OK
ruch 13: slot 0 -> (0,0) wynik 427 OK
ruch 14: slot 2 -> (2,0) wynik 496 OK
ruch 15: slot 1 -> (5,0) wynik 499 OK
ruch 16: slot 0 -> (5,0) wynik 901 OK
ruch 17: slot 1 -> (0,0) wynik 515 OK
ruch 18: slot 2 -> (0,1) wynik 920 OK
ruch 19: slot 1 -> (2,1) wynik 5924 OK
ruch 20: slot 0 -> (5,2) wynik 548 OK
ruch 21: slot 2 -> (0,1) wynik 982 OK
ruch 22: slot 0 -> (5,0) wynik 3986 OK
ruch 23: slot 1 -> (1,2) wynik 632 OK
ruch 24: slot 2 -> (0,4) wynik 638 OK
ruch 25: slot 0 -> (2,4) wynik 642 OK
ruch 26: slot 1 -> (4,4) wynik 648 OK
ruch 27: slot 2 -> (6,4) wynik 654 OK
ruch 28: slot 1 -> (4,1) wynik 731 OK
ruch 29: slot 2 -> (6,2) wynik 829 OK
najdłuższa seria zgodnych ruchów: 30
