polityka: greedy (źródło: argv)
reset(seed='36522638797')
log ruchów: bridge-out/moves.19.jsonl
ruch 0: slot 1 -> (2,7) wynik 18406 OK
ruch 1: slot 0 -> (2,0) wynik 18451 OK
ruch 2: slot 2 -> (0,0) wynik 18505 OK
ruch 3: slot 0 -> (0,4) wynik 18509 OK
ruch 4: slot 2 -> (2,0) wynik 18573 OK
ruch 5: slot 1 -> (0,0) wynik 18609 OK
ruch 6: slot 2 -> (1,3) wynik 18613 OK
ruch 7: slot 0 -> (0,4) wynik 18683 OK
ruch 8: slot 1 -> (2,4) wynik 18800 OK
ruch 9: slot 1 -> (2,6) wynik 18937 OK
ruch 10: slot 0 -> (0,0) wynik 19084 OK
ruch 11: slot 2 -> (1,0) wynik 19144 OK
ruch 12: slot 0 -> (3,0) wynik 19148 OK
ruch 13: slot 1 -> (3,3) wynik 19469 OK
ruch 14: slot 2 -> (2,2) wynik 19801 OK
ruch 15: slot 0 -> (0,4) wynik 20081 OK
ruch 16: slot 1 -> (5,2) wynik 20378 OK
ruch 17: slot 2 -> (0,0) wynik 20688 OK
ruch 18: slot 2 -> (2,0) wynik 20814 OK
ruch 19: slot 1 -> (5,0) wynik 20820 OK
ruch 20: slot 0 -> (6,1) wynik 21041 OK
ruch 21: slot 2 -> (1,0) wynik 21405 OK
ruch 22: slot 0 -> (2,1) wynik 21533 OK
ruch 23: slot 1 -> (5,0) wynik 21772 OK
ruch 24: slot 0 -> (1,3) wynik 21921 OK
ruch 25: slot 1 -> (0,0) wynik 22177 OK
ruch 26: slot 2 -> (1,0) wynik 22593 OK
ruch 27: slot 0 -> (6,0) wynik 22753 OK
ruch 28: slot 1 -> (2,0) wynik 22759 OK
ruch 29: slot 2 -> (5,1) wynik 23036 OK
najdłuższa seria zgodnych ruchów: 30
