polityka: greedy (źródło: argv)
reset(seed='36522638797')
log ruchów: bridge-out/moves.9.jsonl
ruch 0: slot 0 -> (0,0) wynik 1988 OK
ruch 1: slot 0 -> (2,0) wynik 1989 OK
ruch 2: slot 1 -> (5,0) wynik 1995 OK
ruch 3: slot 2 -> (0,2) wynik 2063 OK
ruch 4: slot 1 -> (0,0) wynik 2095 OK
ruch 5: slot 0 -> (2,0) wynik 2163 OK
ruch 6: slot 2 -> (0,0) wynik 2206 OK
ruch 7: slot 0 -> (4,0) wynik 2207 OK
ruch 8: slot 2 -> (6,0) wynik 2213 OK
ruch 9: slot 1 -> (0,0) wynik 2289 OK
ruch 10: slot 0 -> (6,0) wynik 2337 OK
ruch 11: slot 1 -> (1,0) wynik 2343 OK
ruch 12: slot 2 -> (0,0) wynik 2428 OK
ruch 13: slot 0 -> (2,1) wynik 2482 OK
ruch 14: slot 2 -> (3,0) wynik 2580 OK
ruch 15: slot 1 -> (0,0) wynik 2775 OK
ruch 16: slot 0 -> (3,1) wynik 2861 OK
ruch 17: slot 2 -> (3,3) wynik 3017 OK
ruch 18: slot 1 -> (1,0) wynik 3269 OK
ruch 19: slot 0 -> (3,0) wynik 3373 OK
ruch 20: slot 2 -> (5,0) wynik 3379 OK
ruch 21: slot 1 -> (1,1) wynik 3383 OK
ruch 22: slot 2 -> (0,0) wynik 3385 OK
ruch 23: slot 0 -> (4,2) wynik 3399 OK
ruch 24: slot 1 -> (5,0) wynik 3403 OK
ruch 25: slot 2 -> (6,1) wynik 3405 OK
ruch 26: slot 1 -> (1,2) wynik 3429 OK
ruch 27: slot 0 -> (0,0) wynik 3500 OK
ruch 28: slot 0 -> (2,0) wynik 3515 OK
ruch 29: slot 1 -> (4,1) wynik 3519 OK
najdłuższa seria zgodnych ruchów: 30
