polityka: greedy (źródło: argv)
reset(seed='36522638797')
log ruchów: bridge-out/moves.16.jsonl
ruch 0: slot 0 -> (0,4) wynik 11283 OK
ruch 1: slot 2 -> (2,4) wynik 11559 OK
ruch 2: slot 1 -> (1,0) wynik 12011 OK
ruch 3: slot 1 -> (6,0) wynik 12195 OK
ruch 4: slot 2 -> (0,1) wynik 12491 OK
ruch 5: slot 0 -> (0,0) wynik 13379 OK
ruch 6: slot 0 -> (4,0) wynik 13728 OK
ruch 7: slot 1 -> (0,1) wynik 13732 OK
ruch 8: slot 2 -> (1,2) wynik 13736 OK
ruch 9: slot 0 -> (6,0) wynik 13740 OK
ruch 10: slot 2 -> (3,2) wynik 13744 OK
ruch 11: slot 1 -> (0,1) wynik 13758 OK
ruch 12: slot 2 -> (6,0) wynik 13762 OK
ruch 13: slot 0 -> (3,1) wynik 13786 OK
ruch 14: slot 1 -> (0,0) wynik 13858 OK
ruch 15: slot 0 -> (3,0) wynik 13874 OK
ruch 16: slot 1 -> (3,5) wynik 13880 OK
ruch 17: slot 2 -> (1,0) wynik 13935 OK
ruch 18: slot 1 -> (5,0) wynik 13940 OK
ruch 19: slot 0 -> (6,0) wynik 14009 OK
ruch 20: slot 2 -> (0,0) wynik 14103 OK
ruch 21: slot 2 -> (1,0) wynik 14148 OK
ruch 22: slot 0 -> (6,0) wynik 14231 OK
ruch 23: slot 1 -> (3,0) wynik 14277 OK
ruch 24: slot 0 -> (7,0) wynik 14281 OK
ruch 25: slot 1 -> (0,2) wynik 14365 OK
ruch 26: slot 2 -> (1,2) wynik 14441 OK
ruch 27: slot 1 -> (4,1) wynik 14709 OK
ruch 28: slot 2 -> (1,3) wynik 14809 OK
ruch 29: slot 0 -> (1,6) wynik 14818 OK
najdłuższa seria zgodnych ruchów: 30
