polityka: greedy (źródło: argv)
reset(seed='36522638797')
log ruchów: bridge-out/moves.21.jsonl
ruch 0: slot 2 -> (1,1) wynik 254 OK
ruch 1: slot 0 -> (0,0) wynik 331 OK
ruch 2: slot 1 -> (4,0) wynik 379 OK
ruch 3: slot 0 -> (6,0) wynik 383 OK
ruch 4: slot 2 -> (7,0) wynik 385 OK
ruch 5: slot 1 -> (0,1) wynik 469 OK
ruch 6: slot 2 -> (0,0) wynik 981 OK
ruch 7: slot 0 -> (5,0) wynik 986 OK
OCR: 
ruch 8: slot 0 -> (0,0) wynik None OK
ruch 9: slot 2 -> (3,0) wynik 1 OK
OCR: 
ruch 10: slot 1 -> (4,0) wynik None OK
ruch 11: slot 1 -> (6,0) wynik 1475 OK
ruch 12: slot 0 -> (1,1) wynik 1481 OK
ruch 13: slot 2 -> (0,3) wynik 1485 OK
ruch 14: slot 1 -> (0,5) wynik 1489 OK
ruch 15: slot 0 -> (3,4) wynik 1524 OK
ruch 16: slot 2 -> (1,0) wynik 1554 OK
ruch 17: slot 0 -> (1,4) wynik 1558 OK
OCR: 
ruch 18: slot 1 -> (1,0) wynik None OK
OCR: 
ruch 19: slot 2 -> (2,0) wynik None OK
OCR: 
ruch 20: slot 0 -> (2,2) wynik None OK
OCR: 
ruch 21: slot 1 -> (2,5) wynik None OK
OCR: 
ruch 22: slot 2 -> (2,0) wynik None OK
OCR: 
ruch 23: slot 0 -> (2,2) wynik None OK
OCR: 
ruch 24: slot 1 -> (3,2) wynik None OK
OCR: 
ruch 25: slot 2 -> (4,2) wynik None OK
ruch 26: slot 2 -> (2,5) wynik 1738 OK
ruch 27: slot 1 -> (1,3) wynik 1760 OK
OCR: 
ruch 28: slot 0 -> (1,5) wynik None OK
OCR: 
ruch 29: slot 0 -> (1,0) wynik None OK
najdłuższa seria zgodnych ruchów: 30
