polityka: greedy (źródło: argv)
reset(seed='36522638797')
log ruchów: bridge-out/moves.20.jsonl
ruch 0: slot 0 -> (0,0) wynik 23669 OK
ruch 1: slot 1 -> (4,0) wynik 23673 OK
ruch 2: slot 2 -> (1,0) wynik 24157 OK
ruch 3: slot 0 -> (0,3) wynik 24161 OK
ruch 4: slot 2 -> (0,0) wynik 24431 OK
ruch 5: slot 1 -> (4,0) wynik 24906 OK
ruch 6: slot 1 -> (3,2) wynik 25408 OK
ruch 7: slot 0 -> (0,0) wynik 26323 OK
ruch 8: slot 2 -> (2,0) wynik 26392 OK
ruch 9: slot 0 -> (4,0) wynik 26396 OK
ruch 10: slot 1 -> (4,1) wynik 26400 OK
ruch 11: slot 2 -> (0,2) wynik 26404 OK
ruch 12: slot 0 -> (7,0) wynik 26408 OK
ruch 13: slot 1 -> (3,3) wynik 26421 OK
ruch 14: slot 2 -> (0,4) wynik 26430 OK
ruch 15: slot 0 -> (4,0) wynik 26436 OK
ruch 16: slot 1 -> (0,0) wynik 26458 OK
OCR: 
okno: reklama_statyczna
OCR: 
okno: reklama_statyczna
OCR: Bottom=0, top=180, base=0, x=0

Total count=0
Min=0.00 Really=0
Lower quartile=0.00
Median=0.00, ile(0.5)=0.00
Upper quartile=0.00
Max=0.00 Really=0
Range=1
Mean= 0.00
SD= 0.00
okno: ustawienia_wstecz
OCR: Bottom=0, top=180, base=0, x=0

Total count=0
Min=0.00 Really=0
Lower quartile=0.00
Median=0.00, ile(0.5)=0.00
Upper quartile=0.00
Max=0.00 Really=0
Range=1
Mean= 0.00
SD= 0.00
koniec_partii, wynik 26462, nowa_partia 2
OCR: 
ruch 17: slot 0 -> (0,0) wynik None OK
ruch 18: slot 1 -> (1,0) wynik 3 OK
OCR: 
ruch 19: slot 2 -> (2,0) wynik None OK
ruch 20: slot 1 -> (3,0) wynik 7 OK
ruch 21: slot 2 -> (5,0) wynik 1 OK
ruch 22: slot 0 -> (1,1) wynik 18 OK
ruch 23: slot 0 -> (4,3) wynik 18 OK
ruch 24: slot 1 -> (0,2) wynik 22 OK
ruch 25: slot 2 -> (6,0) wynik 39 OK
ruch 26: slot 1 -> (3,1) wynik 69 OK
ruch 27: slot 0 -> (0,1) wynik 112 OK
ruch 28: slot 2 -> (6,1) wynik 116 OK
ruch 29: slot 1 -> (3,0) wynik 120 OK
najdłuższa seria zgodnych ruchów: 30
