polityka: greedy (źródło: argv)
reset(seed='36522638797')
log ruchów: bridge-out/moves.15.jsonl
ruch 0: slot 1 -> (0,0) wynik 7212 OK
ruch 1: slot 2 -> (3,2) wynik 7291 OK
ruch 2: slot 0 -> (1,0) wynik 7422 OK
ruch 3: slot 1 -> (4,0) wynik 7485 OK
ruch 4: slot 0 -> (6,1) wynik 7489 OK
ruch 5: slot 2 -> (4,0) wynik 7580 OK
ruch 6: slot 0 -> (0,0) wynik 7645 OK
ruch 7: slot 2 -> (6,0) wynik 7649 OK
ruch 8: slot 1 -> (0,0) wynik 7784 OK
ruch 9: slot 1 -> (4,0) wynik 7877 OK
ruch 10: slot 0 -> (0,2) wynik 8022 OK
ruch 11: slot 2 -> (2,2) wynik 8125 OK
ruch 12: slot 0 -> (5,2) wynik 8129 OK
ruch 13: slot 1 -> (3,1) wynik 8286 OK
ruch 14: slot 2 -> (0,0) wynik 8564 OK
ruch 15: slot 0 -> (1,3) wynik 8681 OK
ruch 16: slot 1 -> (4,3) wynik 8859 OK
ruch 17: slot 2 -> (2,0) wynik 9190 OK
ruch 18: slot 0 -> (6,0) wynik 9313 OK
ruch 19: slot 1 -> (0,1) wynik 9319 OK
ruch 20: slot 2 -> (0,2) wynik 9523 OK
ruch 21: slot 1 -> (4,0) wynik 9667 OK
ruch 22: slot 0 -> (0,0) wynik 10180 OK
ruch 23: slot 2 -> (2,0) wynik 10435 OK
ruch 24: slot 0 -> (1,4) wynik 10439 OK
ruch 25: slot 1 -> (5,0) wynik 10683 OK
ruch 26: slot 2 -> (0,3) wynik 10847 OK
ruch 27: slot 0 -> (0,6) wynik 10851 OK
ruch 28: slot 1 -> (0,0) wynik 1 OK
ruch 29: slot 2 -> (3,0) wynik 11279 OK
najdłuższa seria zgodnych ruchów: 30
