polityka: greedy (źródło: argv)
reset(seed='36522638797')
log ruchów: bridge-out/moves.24.jsonl
OCR: 
ruch 0: slot 2 -> (0,1) wynik None OK
OCR: 
ruch 1: slot 1 -> (3,1) wynik None OK
OCR: 
ruch 2: slot 0 -> (6,0) wynik None OK
OCR: 
ruch 3: slot 1 -> (0,1) wynik None OK
OCR: 
ruch 4: slot 2 -> (0,6) wynik None OK
OCR: 
ruch 5: slot 1 -> (0,0) wynik None OK
OCR: 
ruch 6: slot 0 -> (6,0) wynik None OK
OCR: 
ruch 7: slot 2 -> (3,0) wynik None OK
OCR: 
ruch 8: slot 2 -> (4,0) wynik None OK
OCR: 
ruch 9: slot 1 -> (6,1) wynik None OK
OCR: 
ruch 10: slot 0 -> (0,0) wynik None OK
ruch 11: slot 0 -> (4,0) wynik 6 OK
OCR: 
ruch 12: slot 1 -> (5,0) wynik None OK
OCR: 
ruch 13: slot 2 -> (0,1) wynik None OK
ruch 14: slot 1 -> (7,0) wynik 6532 OK
ruch 15: slot 2 -> (1,2) wynik 6547 OK
ruch 16: slot 0 -> (2,1) wynik 6552 OK
ruch 17: slot 0 -> (0,1) wynik 6576 OK
ruch 18: slot 1 -> (2,0) wynik 6579 OK
OCR: 
ruch 19: slot 2 -> (0,0) wynik None OK
OCR: 
ruch 20: slot 0 -> (1,5) wynik None OK
ruch 21: slot 1 -> (4,0) wynik 6 OK
OCR: 
ruch 22: slot 2 -> (1,0) wynik None OK
OCR: 
ruch 23: slot 1 -> (3,5) wynik None ROZBIEŻNOŚĆ
ruch 24: slot 1 -> (3,5) wynik 6 ROZBIEŻNOŚĆ
OCR: 
ruch 25: slot 1 -> (3,5) wynik None ROZBIEŻNOŚĆ
OCR: 
ruch 26: slot 1 -> (3,5) wynik None ROZBIEŻNOŚĆ
OCR: 
ruch 27: slot 1 -> (3,5) wynik None ROZBIEŻNOŚĆ
OCR: 
ruch 28: slot 1 -> (3,5) wynik None ROZBIEŻNOŚĆ
OCR: 
ruch 29: slot 1 -> (3,5) wynik None ROZBIEŻNOŚĆ
najdłuższa seria zgodnych ruchów: 23
