polityka: greedy (źródło: argv)
reset(seed='36522638797')
log ruchów: bridge-out/moves.18.jsonl
ruch 0: slot 0 -> (3,5) wynik 17049 OK
ruch 1: slot 2 -> (5,5) wynik 17109 OK
ruch 2: slot 1 -> (3,0) wynik 17187 OK
ruch 3: slot 0 -> (5,0) wynik 17189 OK
ruch 4: slot 2 -> (4,0) wynik 17234 OK
ruch 5: slot 1 -> (2,0) wynik 17238 OK
ruch 6: slot 2 -> (5,0) wynik 17239 OK
ruch 7: slot 1 -> (0,1) wynik 17294 OK
ruch 8: slot 0 -> (0,0) wynik 17356 OK
ruch 9: slot 0 -> (3,0) wynik 17389 OK
ruch 10: slot 2 -> (3,0) wynik 17455 OK
ruch 11: slot 1 -> (5,0) wynik 17505 OK
ruch 12: slot 0 -> (2,2) wynik 17509 OK
ruch 13: slot 1 -> (5,2) wynik 17513 OK
ruch 14: slot 2 -> (0,0) wynik 17680 OK
ruch 15: slot 2 -> (7,0) wynik 17760 OK
ruch 16: slot 1 -> (0,1) wynik 17764 OK
ruch 17: slot 0 -> (0,1) wynik 17845 OK
ruch 18: slot 2 -> (2,1) wynik 17903 OK
ruch 19: slot 1 -> (6,0) wynik 17908 OK
ruch 20: slot 0 -> (2,0) wynik 18001 OK
ruch 21: slot 2 -> (0,0) wynik 18200 OK
ruch 22: slot 0 -> (4,0) wynik 18289 OK
ruch 23: slot 1 -> (1,0) wynik 18293 OK
ruch 24: slot 2 -> (3,4) wynik 18297 OK
ruch 25: slot 1 -> (3,2) wynik 18312 OK
ruch 26: slot 0 -> (0,3) wynik 18318 OK
ruch 27: slot 0 -> (0,5) wynik 18322 OK
ruch 28: slot 1 -> (2,4) wynik 18391 OK
ruch 29: slot 2 -> (5,4) wynik 18400 OK
najdłuższa seria zgodnych ruchów: 30
