polityka: greedy (źródło: argv)
reset(seed='36522638797')
log ruchów: bridge-out/moves.22.jsonl
OCR: 
ruch 0: slot 1 -> (2,1) wynik None OK
OCR: 
ruch 1: slot 2 -> (1,3) wynik None OK
ruch 2: slot 2 -> (5,1) wynik 1909 OK
ruch 3: slot 1 -> (0,2) wynik 1924 OK
ruch 4: slot 0 -> (0,0) wynik 1953 OK
ruch 5: slot 0 -> (0,1) wynik 1954 OK
ruch 6: slot 1 -> (3,1) wynik 1960 OK
ruch 7: slot 2 -> (6,1) wynik 1966 OK
OCR: 
ruch 8: slot 0 -> (1,0) wynik None OK
OCR: 
ruch 9: slot 1 -> (4,0) wynik None OK
ruch 10: slot 2 -> (0,1) wynik 2 OK
ruch 11: slot 2 -> (1,5) wynik 2060 OK
ruch 12: slot 1 -> (0,2) wynik 2078 OK
ruch 13: slot 0 -> (0,0) wynik 2106 OK
ruch 14: slot 1 -> (1,0) wynik 2110 OK
OCR: 
ruch 15: slot 0 -> (7,1) wynik None OK
OCR: 
ruch 16: slot 2 -> (3,0) wynik None OK
ruch 17: slot 0 -> (6,0) wynik 1 OK
ruch 18: slot 1 -> (0,0) wynik 8 OK
ruch 19: slot 2 -> (4,0) wynik 2 OK
OCR: 
ruch 20: slot 1 -> (2,0) wynik None OK
ruch 21: slot 2 -> (0,0) wynik 8 OK
OCR: 
ruch 22: slot 0 -> (3,0) wynik None OK
OCR: 
ruch 23: slot 2 -> (2,6) wynik None OK
OCR: 
ruch 24: slot 0 -> (5,0) wynik None OK
OCR: 
ruch 25: slot 1 -> (4,5) wynik None OK
OCR: 
ruch 26: slot 1 -> (2,0) wynik None OK
OCR: 
ruch 27: slot 0 -> (2,3) wynik None OK
OCR: 
ruch 28: slot 2 -> (2,2) wynik None OK
OCR: 
ruch 29: slot 1 -> (4,2) wynik None OK
najdłuższa seria zgodnych ruchów: 30
