polityka: greedy (źródło: argv)
reset(seed='36522638797')
log ruchów: bridge-out/moves.2.jsonl
ruch 0: slot 0 -> (3,0) wynik 1203 OK
ruch 1: slot 1 -> (7,0) wynik 1206 OK
ruch 2: slot 1 -> (4,0) wynik 1208 OK
ruch 3: slot 0 -> (0,0) wynik 1220 OK
ruch 4: slot 2 -> (3,0) wynik 1244 OK
ruch 5: slot 0 -> (5,0) wynik 1250 OK
ruch 6: slot 2 -> (0,0) wynik 1289 OK
ruch 7: slot 1 -> (1,2) wynik 1307 OK
ruch 8: slot 1 -> (0,0) wynik 1342 OK
ruch 9: slot 2 -> (4,3) wynik 1396 OK
ruch 10: slot 0 -> (4,0) wynik 1468 OK
ruch 11: slot 0 -> (1,0) wynik 1493 OK
ruch 12: slot 1 -> (5,0) wynik 1497 OK
ruch 13: slot 2 -> (5,1) wynik 1569 OK
ruch 14: slot 2 -> (0,2) wynik 1610 OK
ruch 15: slot 1 -> (2,2) wynik 1693 OK
ruch 16: slot 0 -> (0,0) wynik 1738 OK
ruch 17: slot 0 -> (5,0) wynik 1740 OK
ruch 18: slot 1 -> (1,0) wynik 1838 OK
ruch 19: slot 2 -> (4,3) wynik 1884 OK
ruch 20: slot 0 -> (0,5) wynik 1888 OK
ruch 21: slot 2 -> (0,1) wynik 1997 OK
ruch 22: slot 1 -> (5,2) wynik 2192 OK
ruch 23: slot 1 -> (2,0) wynik 2429 OK
ruch 24: slot 2 -> (3,6) wynik 2957 OK
ruch 25: slot 0 -> (4,1) wynik 2968 OK
ruch 26: slot 2 -> (0,0) wynik 3365 OK
ruch 27: slot 1 -> (2,0) wynik 3371 OK
ruch 28: slot 0 -> (7,0) wynik 3376 OK
ruch 29: slot 0 -> (2,1) wynik 3591 OK
najdłuższa seria zgodnych ruchów: 30
