polityka: greedy (źródło: argv)
reset(seed='36522638797')
log ruchów: bridge-out/moves.26.jsonl
OCR: 
ruch 0: slot 1 -> (3,5) wynik None ROZBIEŻNOŚĆ
OCR: 
ruch 1: slot 1 -> (3,5) wynik None ROZBIEŻNOŚĆ
ruch 2: slot 1 -> (3,5) wynik 6 ROZBIEŻNOŚĆ
OCR: 
ruch 3: slot 1 -> (3,5) wynik None ROZBIEŻNOŚĆ
OCR: 
ruch 4: slot 1 -> (3,5) wynik None ROZBIEŻNOŚĆ
ruch 5: slot 1 -> (3,5) wynik 6 ROZBIEŻNOŚĆ
OCR: 
ruch 6: slot 1 -> (3,5) wynik None ROZBIEŻNOŚĆ
ruch 7: slot 1 -> (3,5) wynik 6 ROZBIEŻNOŚĆ
OCR: 
ruch 8: slot 1 -> (3,5) wynik None ROZBIEŻNOŚĆ
OCR: 
ruch 9: slot 1 -> (3,5) wynik None ROZBIEŻNOŚĆ
OCR: 
ruch 10: slot 1 -> (3,5) wynik None ROZBIEŻNOŚĆ
OCR: 
ruch 11: slot 1 -> (3,5) wynik None ROZBIEŻNOŚĆ
OCR: 
ruch 12: slot 1 -> (3,5) wynik None ROZBIEŻNOŚĆ
OCR: 
ruch 13: slot 1 -> (3,5) wynik None ROZBIEŻNOŚĆ
OCR: 
ruch 14: slot 1 -> (3,5) wynik None ROZBIEŻNOŚĆ
OCR: 
ruch 15: slot 1 -> (3,5) wynik None ROZBIEŻNOŚĆ
OCR: 
ruch 16: slot 1 -> (3,5) wynik None ROZBIEŻNOŚĆ
OCR: 
ruch 17: slot 1 -> (3,5) wynik None ROZBIEŻNOŚĆ
OCR: 
ruch 18: slot 1 -> (3,5) wynik None ROZBIEŻNOŚĆ
OCR: 
ruch 19: slot 1 -> (3,5) wynik None ROZBIEŻNOŚĆ
OCR: 
ruch 20: slot 1 -> (3,5) wynik None ROZBIEŻNOŚĆ
ruch 21: slot 1 -> (3,5) wynik 6 ROZBIEŻNOŚĆ
OCR: 
ruch 22: slot 1 -> (3,5) wynik None ROZBIEŻNOŚĆ
OCR: 
ruch 23: slot 1 -> (3,5) wynik None ROZBIEŻNOŚĆ
OCR: 
ruch 24: slot 1 -> (3,5) wynik None ROZBIEŻNOŚĆ
OCR: 
ruch 25: slot 1 -> (3,5) wynik None ROZBIEŻNOŚĆ
OCR: 
ruch 26: slot 1 -> (3,5) wynik None ROZBIEŻNOŚĆ
OCR: 
ruch 27: slot 1 -> (3,5) wynik None ROZBIEŻNOŚĆ
OCR: 
ruch 28: slot 1 -> (3,5) wynik None ROZBIEŻNOŚĆ
ruch 29: slot 1 -> (3,5) wynik 6 ROZBIEŻNOŚĆ
najdłuższa seria zgodnych ruchów: 0
