polityka: greedy (źródło: argv)
reset(seed='36522638797')
log ruchów: bridge-out/moves.11.jsonl
ruch 0: slot 1 -> (5,3) wynik 3909 OK
ruch 1: slot 2 -> (3,0) wynik 3913 OK
ruch 2: slot 0 -> (0,0) wynik 3917 OK
ruch 3: slot 1 -> (6,1) wynik 3929 OK
ruch 4: slot 1 -> (2,1) wynik 3952 OK
ruch 5: slot 2 -> (0,0) wynik 3986 OK
ruch 6: slot 0 -> (3,0) wynik 3989 OK
ruch 7: slot 2 -> (3,0) wynik 3990 OK
ruch 8: slot 1 -> (1,6) wynik 3995 OK
ruch 9: slot 0 -> (0,4) wynik 4039 OK
ruch 10: slot 0 -> (5,5) wynik 4043 OK
ruch 11: slot 1 -> (3,0) wynik 4097 OK
ruch 12: slot 2 -> (4,7) wynik 4101 OK
ruch 13: slot 1 -> (5,0) wynik 4164 OK
ruch 14: slot 2 -> (1,1) wynik 4257 OK
ruch 15: slot 0 -> (2,5) wynik 4379 OK
ruch 16: slot 0 -> (0,1) wynik 4507 OK
ruch 17: slot 1 -> (4,2) wynik 4570 OK
ruch 18: slot 2 -> (3,3) wynik 4575 OK
ruch 19: slot 1 -> (1,6) wynik 4580 OK
ruch 20: slot 0 -> (3,0) wynik 4596 OK
ruch 21: slot 2 -> (6,0) wynik 4600 OK
ruch 22: slot 0 -> (4,5) wynik 4602 OK
ruch 23: slot 1 -> (6,0) wynik 4627 OK
ruch 24: slot 2 -> (3,1) wynik 4661 OK
ruch 25: slot 1 -> (1,0) wynik 4665 OK
ruch 26: slot 2 -> (6,2) wynik 4709 OK
ruch 27: slot 0 -> (0,0) wynik 4761 OK
ruch 28: slot 0 -> (4,0) wynik 4765 OK
ruch 29: slot 1 -> (5,1) wynik 4769 OK
najdłuższa seria zgodnych ruchów: 30
