polityka: greedy (źródło: argv)
reset(seed='36522638797')
log ruchów: bridge-out/moves.23.jsonl
OCR: 
ruch 0: slot 0 -> (7,2) wynik None OK
OCR: 
ruch 1: slot 2 -> (4,0) wynik None OK
OCR: 
ruch 2: slot 1 -> (0,2) wynik None OK
ruch 3: slot 2 -> (6,1) wynik 33 OK
ruch 4: slot 0 -> (2,0) wynik 3 OK
OCR: 
ruch 5: slot 1 -> (3,2) wynik None OK
OCR: 
ruch 6: slot 2 -> (0,1) wynik None OK
OCR: 
ruch 7: slot 0 -> (5,0) wynik None OK
OCR: 
ruch 8: slot 1 -> (0,2) wynik None OK
OCR: 
ruch 9: slot 2 -> (6,0) wynik None OK
OCR: 
ruch 10: slot 0 -> (3,1) wynik None OK
ruch 11: slot 1 -> (4,1) wynik 4094 OK
ruch 12: slot 0 -> (0,0) wynik 4 OK
ruch 13: slot 2 -> (0,0) wynik 4138 OK
ruch 14: slot 1 -> (0,5) wynik 44 OK
ruch 15: slot 2 -> (3,4) wynik 4150 OK
ruch 16: slot 0 -> (6,3) wynik 4155 OK
ruch 17: slot 2 -> (5,5) wynik 4159 OK
ruch 18: slot 1 -> (0,3) wynik 4189 OK
OCR: 
ruch 19: slot 0 -> (7,2) wynik None OK
OCR: 
ruch 20: slot 1 -> (3,0) wynik None OK
OCR: 
ruch 21: slot 2 -> (0,1) wynik None OK
OCR: 
ruch 22: slot 0 -> (6,0) wynik None OK
ruch 23: slot 2 -> (1,2) wynik 4341 OK
ruch 24: slot 0 -> (3,2) wynik 4358 OK
ruch 25: slot 1 -> (0,4) wynik 4364 OK
ruch 26: slot 0 -> (6,0) wynik 4370 OK
OCR: 
ruch 27: slot 1 -> (0,0) wynik None OK
OCR: 
ruch 28: slot 2 -> (3,0) wynik None OK
OCR: 
ruch 29: slot 0 -> (6,2) wynik None OK
najdłuższa seria zgodnych ruchów: 30
