polityka: greedy (źródło: argv)
reset(seed='36471384187')
log ruchów: bridge-out/moves.jsonl
OCR: 
ruch 0: slot 1 -> (3,3) wynik None ROZBIEŻNOŚĆ
ruch 1: slot 0 -> (0,0) wynik 124 OK
ruch 2: slot 1 -> (3,0) wynik 129 OK
ruch 3: slot 2 -> (0,0) wynik 154 OK
ruch 4: slot 0 -> (2,0) wynik 157 OK
ruch 5: slot 1 -> (6,0) wynik 162 OK
ruch 6: slot 2 -> (0,0) wynik 195 OK
ruch 7: slot 0 -> (2,0) wynik 198 OK
ruch 8: slot 1 -> (3,1) wynik 202 OK
ruch 9: slot 2 -> (0,2) wynik 205 OK
ruch 10: slot 0 -> (3,1) wynik 208 OK
ruch 11: slot 2 -> (0,4) wynik 223 OK
ruch 12: slot 1 -> (4,0) wynik 228 OK
ruch 13: slot 1 -> (6,0) wynik 231 OK
ruch 14: slot 2 -> (0,0) wynik 295 ROZBIEŻNOŚĆ
ruch 15: slot 0 -> (3,0) wynik 300 ROZBIEŻNOŚĆ
ruch 16: slot 2 -> (3,4) wynik 304 OK
ruch 17: slot 0 -> (5,0) wynik 338 OK
ruch 18: slot 1 -> (0,0) wynik 403 OK
ruch 19: slot 1 -> (2,0) wynik 406 OK
ruch 20: slot 2 -> (5,0) wynik 902 OK
ruch 21: slot 0 -> (0,0) wynik 311 OK
ruch 22: slot 2 -> (1,0) wynik 609 OK
ruch 23: slot 0 -> (0,0) wynik 737 OK
ruch 24: slot 1 -> (3,0) wynik 874 OK
ruch 25: slot 0 -> (1,0) wynik 1029 OK
ruch 26: slot 2 -> (3,0) wynik 1044 OK
ruch 27: slot 1 -> (5,0) wynik 1048 OK
ruch 28: slot 0 -> (1,4) wynik 1051 OK
ruch 29: slot 1 -> (1,0) wynik 1065 OK
najdłuższa seria zgodnych ruchów: 14
