polityka: greedy (źródło: argv)
reset(seed='36471384187')
log ruchów: bridge-out/moves.2.jsonl
ruch 0: slot 2 -> (5,2) wynik 312 OK
ruch 1: slot 0 -> (0,0) wynik 346 OK
ruch 2: slot 1 -> (1,3) wynik 672 OK
ruch 3: slot 1 -> (0,0) wynik 827 OK
ruch 4: slot 0 -> (3,0) wynik 854 OK
ruch 5: slot 2 -> (3,1) wynik 1041 OK
ruch 6: slot 0 -> (0,0) wynik 1324 OK
ruch 7: slot 1 -> (2,0) wynik 1328 OK
ruch 8: slot 2 -> (5,0) wynik 1332 OK
ruch 9: slot 0 -> (2,2) wynik 1336 OK
ruch 10: slot 1 -> (2,5) wynik 1340 OK
ruch 11: slot 2 -> (3,0) wynik 1354 OK
ruch 12: slot 1 -> (6,0) wynik 1357 OK
ruch 13: slot 0 -> (3,2) wynik 1381 OK
ruch 14: slot 2 -> (1,0) wynik 1414 OK
ruch 15: slot 0 -> (3,0) wynik 1460 OK
ruch 16: slot 2 -> (6,0) wynik 1466 OK
ruch 17: slot 1 -> (0,0) wynik 1472 OK
ruch 18: slot 2 -> (3,1) wynik 1657 OK
ruch 19: slot 1 -> (0,0) wynik 1768 OK
ruch 20: slot 0 -> (6,0) wynik 1774 OK
ruch 21: slot 0 -> (6,4) wynik 1778 OK
ruch 22: slot 2 -> (3,2) wynik 1902 OK
ruch 23: slot 1 -> (2,0) wynik 1908 OK
ruch 24: slot 0 -> (0,6) wynik 1913 OK
ruch 25: slot 1 -> (0,3) wynik 2054 OK
ruch 26: slot 2 -> (1,0) wynik 2208 OK
ruch 27: slot 2 -> (3,4) wynik 2211 OK
ruch 28: slot 0 -> (1,3) wynik 2435 OK
ruch 29: slot 1 -> (6,1) wynik 2444 OK
najdłuższa seria zgodnych ruchów: 30
