polityka: greedy (źródło: argv)
reset(seed='36471384187')
log ruchów: bridge-out/moves.5.jsonl
ruch 0: slot 0 -> (6,0) wynik 6194 OK
ruch 1: slot 2 -> (3,0) wynik 6296 ROZBIEŻNOŚĆ
OCR: 
koniec_partii, wynik 6307, nowa_partia 2
OCR: 
ruch 2: slot 1 -> (0,0) wynik None OK
ruch 3: slot 0 -> (2,0) wynik 6 OK
ruch 4: slot 2 -> (5,0) wynik 1 OK
ruch 5: slot 1 -> (2,0) wynik 26 OK
ruch 6: slot 2 -> (6,0) wynik 30 OK
ruch 7: slot 0 -> (0,0) wynik 94 OK
ruch 8: slot 0 -> (2,0) wynik 96 OK
ruch 9: slot 2 -> (3,0) wynik 101 ROZBIEŻNOŚĆ
ruch 10: slot 1 -> (6,0) wynik 106 OK
ruch 11: slot 2 -> (0,1) wynik 110 OK
ruch 12: slot 1 -> (6,1) wynik 124 OK
ruch 13: slot 0 -> (0,1) wynik 148 OK
ruch 14: slot 2 -> (4,0) wynik 152 OK
ruch 15: slot 0 -> (0,1) wynik 188 OK
ruch 16: slot 1 -> (4,1) wynik 192 OK
ruch 17: slot 0 -> (2,0) wynik 236 OK
ruch 18: slot 1 -> (4,1) wynik 240 OK
ruch 19: slot 2 -> (0,1) wynik 244 OK
ruch 20: slot 0 -> (0,0) wynik 298 OK
ruch 21: slot 1 -> (3,1) wynik 392 OK
ruch 22: slot 2 -> (6,0) wynik 489 OK
ruch 23: slot 0 -> (2,2) wynik 908 OK
ruch 24: slot 1 -> (0,0) wynik 622 ROZBIEŻNOŚĆ
ruch 25: slot 2 -> (3,0) wynik 638 ROZBIEŻNOŚĆ
ruch 26: slot 2 -> (6,1) wynik 760 OK
ruch 27: slot 0 -> (1,0) wynik 920 OK
ruch 28: slot 1 -> (2,0) wynik 1130 OK
ruch 29: slot 0 -> (1,3) wynik 1165 OK
najdłuższa seria zgodnych ruchów: 14
