polityka: greedy (źródło: argv)
reset(seed='36471384187')
log ruchów: bridge-out/moves.1.jsonl
ruch 0: slot 2 -> (6,0) wynik 1068 OK
ruch 1: slot 1 -> (1,4) wynik 1071 OK
ruch 2: slot 2 -> (4,4) wynik 1080 OK
ruch 3: slot 0 -> (6,2) wynik 1085 OK
ruch 4: slot 1 -> (0,2) wynik 1089 OK
ruch 5: slot 0 -> (7,3) wynik 1103 OK
ruch 6: slot 2 -> (0,3) wynik 1168 OK
ruch 7: slot 0 -> (4,3) wynik 72 OK
ruch 8: slot 1 -> (5,3) wynik 1217 OK
ruch 9: slot 2 -> (3,1) wynik 1272 OK
ruch 10: slot 2 -> (2,4) wynik 1281 OK
ruch 11: slot 1 -> (6,3) wynik 1286 ROZBIEŻNOŚĆ
OCR: 
koniec_partii, wynik 1290, nowa_partia 2
OCR: 
ruch 12: slot 0 -> (0,0) wynik None OK
ruch 13: slot 1 -> (3,0) wynik 4 OK
OCR: 
ruch 14: slot 2 -> (6,0) wynik None OK
ruch 15: slot 0 -> (2,1) wynik 12 OK
ruch 16: slot 2 -> (0,1) wynik 25 OK
ruch 17: slot 1 -> (5,1) wynik 30 OK
ruch 18: slot 1 -> (6,1) wynik 33 OK
ruch 19: slot 0 -> (0,1) wynik 7 OK
ruch 20: slot 2 -> (3,1) wynik 61 OK
ruch 21: slot 2 -> (4,1) wynik 65 OK
ruch 22: slot 1 -> (5,0) wynik 99 OK
ruch 23: slot 0 -> (0,2) wynik 103 OK
ruch 24: slot 1 -> (3,2) wynik 106 OK
ruch 25: slot 2 -> (0,2) wynik 145 OK
ruch 26: slot 0 -> (3,2) wynik 157 OK
ruch 27: slot 2 -> (6,2) wynik 160 OK
ruch 28: slot 0 -> (0,3) wynik 214 OK
ruch 29: slot 1 -> (3,3) wynik 218 OK
najdłuższa seria zgodnych ruchów: 18
