polityka: greedy (źródło: argv)
reset(seed='36471384187')
log ruchów: bridge-out/moves.8.jsonl
ruch 0: slot 0 -> (0,0) wynik 5423 OK
ruch 1: slot 0 -> (0,4) wynik 5427 OK
ruch 2: slot 2 -> (0,0) wynik 5758 OK
ruch 3: slot 1 -> (2,0) wynik 5805 OK
ruch 4: slot 0 -> (4,0) wynik 9809 OK
ruch 5: slot 2 -> (6,0) wynik 5815 OK
ruch 6: slot 1 -> (2,0) wynik 6563 OK
ruch 7: slot 0 -> (0,0) wynik 6993 OK
ruch 8: slot 1 -> (4,0) wynik 6997 OK
ruch 9: slot 2 -> (6,0) wynik 7001 OK
ruch 10: slot 0 -> (1,2) wynik 7005 OK
ruch 11: slot 1 -> (1,5) wynik 701 OK
ruch 12: slot 2 -> (1,0) wynik 7023 OK
ruch 13: slot 1 -> (1,0) wynik 7155 OK
ruch 14: slot 0 -> (0,0) wynik 7176 OK
ruch 15: slot 2 -> (4,0) wynik 7180 OK
ruch 16: slot 0 -> (6,0) wynik 7184 OK
ruch 17: slot 1 -> (4,2) wynik 7188 OK
ruch 18: slot 2 -> (4,5) wynik 7192 OK
ruch 19: slot 1 -> (5,2) wynik 7202 OK
ruch 20: slot 0 -> (1,2) wynik 7218 OK
ruch 21: slot 2 -> (5,1) wynik 7245 OK
ruch 22: slot 0 -> (6,3) wynik 7249 OK
ruch 23: slot 1 -> (0,2) wynik 7253 OK
ruch 24: slot 2 -> (2,3) wynik 7257 OK
ruch 25: slot 0 -> (4,2) wynik 7285 OK
ruch 26: slot 1 -> (1,1) wynik 7319 ROZBIEŻNOŚĆ
OCR: 
koniec_partii, wynik 7377, nowa_partia 2
OCR: 
ruch 27: slot 0 -> (0,0) wynik None OK
ruch 28: slot 1 -> (3,0) wynik 4 OK
OCR: 
ruch 29: slot 2 -> (6,0) wynik None OK
najdłuższa seria zgodnych ruchów: 26
