polityka: greedy (źródło: argv)
reset(seed='36471384187')
log ruchów: bridge-out/moves.4.jsonl
ruch 0: slot 1 -> (0,3) wynik 3566 OK
ruch 1: slot 2 -> (2,0) wynik 3656 OK
ruch 2: slot 0 -> (0,0) wynik 3896 OK
ruch 3: slot 1 -> (5,0) wynik 4205 OK
ruch 4: slot 0 -> (0,0) wynik 4547 OK
ruch 5: slot 2 -> (2,0) wynik 4609 OK
ruch 6: slot 0 -> (1,6) wynik 4613 OK
ruch 7: slot 1 -> (2,0) wynik 4966 OK
ruch 8: slot 2 -> (2,4) wynik 5001 OK
ruch 9: slot 2 -> (0,3) wynik 5357 OK
ruch 10: slot 0 -> (2,0) wynik 5787 OK
ruch 11: slot 1 -> (4,0) wynik 5834 OK
ruch 12: slot 1 -> (3,3) wynik 5838 OK
ruch 13: slot 2 -> (6,0) wynik 5842 OK
ruch 14: slot 0 -> (0,0) wynik 5846 OK
ruch 15: slot 2 -> (3,6) wynik 5849 OK
ruch 16: slot 1 -> (1,6) wynik 9863 OK
ruch 17: slot 0 -> (1,0) wynik 9884 OK
ruch 18: slot 1 -> (3,0) wynik 5886 OK
ruch 19: slot 0 -> (0,2) wynik 9920 OK
ruch 20: slot 2 -> (5,3) wynik 9924 OK
ruch 21: slot 0 -> (3,2) wynik 9928 OK
ruch 22: slot 2 -> (0,5) wynik 9972 OK
ruch 23: slot 1 -> (1,0) wynik 5976 OK
ruch 24: slot 2 -> (6,5) wynik 65978 OK
ruch 25: slot 0 -> (2,5) wynik 66984 OK
ruch 26: slot 1 -> (4,5) wynik 5988 OK
ruch 27: slot 0 -> (0,0) wynik 6091 OK
ruch 28: slot 2 -> (2,0) wynik 6185 OK
ruch 29: slot 1 -> (1,1) wynik 6190 OK
najdłuższa seria zgodnych ruchów: 30
