polityka: greedy (źródło: argv)
reset(seed='36471384187')
log ruchów: bridge-out/moves.6.jsonl
ruch 0: slot 1 -> (0,0) wynik 1410 OK
ruch 1: slot 2 -> (0,5) wynik 1415 OK
ruch 2: slot 0 -> (0,2) wynik 1640 OK
ruch 3: slot 2 -> (5,0) wynik 1685 OK
ruch 4: slot 1 -> (0,2) wynik 1947 OK
ruch 5: slot 1 -> (0,0) wynik 1975 OK
ruch 6: slot 2 -> (5,2) wynik 2619 OK
ruch 7: slot 0 -> (0,0) wynik 2929 OK
ruch 8: slot 1 -> (5,0) wynik 2968 OK
ruch 9: slot 0 -> (0,0) wynik 3286 OK
ruch 10: slot 2 -> (3,0) wynik 3337 OK
ruch 11: slot 1 -> (4,0) wynik 3341 OK
ruch 12: slot 2 -> (1,1) wynik 3350 OK
ruch 13: slot 0 -> (0,1) wynik 3690 OK
ruch 14: slot 0 -> (4,2) wynik 4105 OK
ruch 15: slot 2 -> (1,1) wynik 4533 OK
ruch 16: slot 1 -> (3,1) wynik 4573 OK
ruch 17: slot 0 -> (1,4) wynik 4576 OK
ruch 18: slot 2 -> (4,3) wynik 5468 OK
ruch 19: slot 1 -> (1,0) wynik 5514 OK
ruch 20: slot 0 -> (2,3) wynik 5518 OK
ruch 21: slot 2 -> (3,6) wynik 5876 ROZBIEŻNOŚĆ
OCR: Bottom=0, top=180, base=0, x=0

Total count=0
Min=0.00 Really=0
Lower quartile=0.00
Median=0.00, ile(0.5)=0.00
Upper quartile=0.00
Max=0.00 Really=0
Range=1
Mean= 0.00
SD= 0.00
okno: ustawienia_wstecz
OCR: 
koniec_partii, wynik 6311, nowa_partia 2
OCR: 
ruch 22: slot 0 -> (0,0) wynik None OK
ruch 23: slot 1 -> (3,0) wynik 4 OK
OCR: 
ruch 24: slot 2 -> (5,0) wynik None OK
ruch 25: slot 1 -> (6,0) wynik 12 OK
ruch 26: slot 0 -> (0,0) wynik 26 OK
ruch 27: slot 2 -> (4,1) wynik 30 OK
ruch 28: slot 1 -> (2,0) wynik 34 OK
ruch 29: slot 2 -> (6,0) wynik 38 OK
najdłuższa seria zgodnych ruchów: 21
