polityka: lookahead-ntuple (źródło: argv)
reset(seed='36756381290')
log ruchów: bridge-out/moves.jsonl
ruch 0: slot 2 -> (3,5) wynik 6867 OK
ruch 1: slot 1 -> (2,4) wynik 6871 OK
ruch 2: slot 0 -> (0,2) wynik 684975 OK
ruch 3: slot 2 -> (5,0) wynik 68864 OK
ruch 4: slot 0 -> (5,3) wynik 684459 OK
ruch 5: slot 1 -> (0,3) wynik 68701 OK
ruch 6: slot 0 -> (2,5) wynik 69849 OK
ruch 7: slot 2 -> (3,2) wynik 69853 OK
ruch 8: slot 1 -> (3,0) wynik 69995 OK
ruch 9: slot 0 -> (3,4) wynik 69116 OK
ruch 10: slot 2 -> (3,1) wynik 69947 OK
ruch 11: slot 1 -> (0,0) wynik 699939 OK
ruch 12: slot 0 -> (2,0) wynik 694055 OK
ruch 13: slot 2 -> (3,1) wynik 698059 OK
ruch 14: slot 1 -> (5,2) wynik 69963 OK
ruch 15: slot 0 -> (4,4) wynik 70173 OK
ruch 16: slot 1 -> (4,0) wynik 709889 OK
ruch 17: slot 2 -> (0,6) wynik 70083 OK
ruch 18: slot 2 -> (5,1) wynik 70815 OK
ruch 19: slot 1 -> (3,2) wynik 706819 OK
ruch 20: slot 0 -> (6,3) wynik 70710 OK
ruch 21: slot 0 -> (0,0) wynik 709966 OK
ruch 22: slot 1 -> (0,2) wynik 7165 OK
ruch 23: slot 2 -> (0,2) wynik 71630 OK
ruch 24: slot 1 -> (0,0) wynik 7122 OK
ruch 25: slot 2 -> (3,0) wynik 7153875 OK
ruch 26: slot 0 -> (6,0) wynik 71379 OK
ruch 27: slot 2 -> (1,0) wynik 713883 OK
ruch 28: slot 1 -> (2,5) wynik 717835 OK
ruch 29: slot 0 -> (1,4) wynik 71708 OK
ruch 30: slot 0 -> (5,1) wynik 72816 OK
ruch 31: slot 2 -> (0,1) wynik 72461 OK
ruch 32: slot 1 -> (6,2) wynik 729586 OK
ruch 33: slot 2 -> (0,4) wynik 729935 OK
ruch 34: slot 0 -> (2,2) wynik 724939 OK
ruch 35: slot 1 -> (2,1) wynik 724043 OK
ruch 36: slot 0 -> (1,0) wynik 729935 OK
ruch 37: slot 1 -> (1,5) wynik 729895 OK
ruch 38: slot 2 -> (0,6) wynik 7396 OK
ruch 39: slot 0 -> (4,0) wynik 73881 OK
ruch 40: slot 1 -> (4,5) wynik 739885 OK
ruch 41: slot 2 -> (3,5) wynik 7329562 OK
ruch 42: slot 1 -> (6,5) wynik 73300 OK
ruch 43: slot 2 -> (4,5) wynik 739871 OK
ruch 44: slot 0 -> (0,0) wynik 73374 OK
ruch 45: slot 2 -> (1,0) wynik 739875 OK
ruch 46: slot 1 -> (1,5) wynik 73979 OK
ruch 47: slot 0 -> (1,2) wynik 7383 OK
ruch 48: slot 0 -> (1,0) wynik 744212 OK
ruch 49: slot 2 -> (3,2) wynik 749893 OK
ruch 50: slot 1 -> (2,2) wynik 7423 OK
ruch 51: slot 1 -> (1,2) wynik 7492835 OK
ruch 52: slot 0 -> (1,4) wynik 7427 OK
ruch 53: slot 2 -> (1,0) wynik 7439557 OK
ruch 54: slot 1 -> (2,6) wynik 749955 OK
ruch 55: slot 2 -> (0,4) wynik 75287 OK
ruch 56: slot 0 -> (2,3) wynik 759489 OK
ruch 57: slot 0 -> (0,1) wynik 7505 OK
ruch 58: slot 1 -> (0,5) wynik 753873 OK
ruch 59: slot 2 -> (1,6) wynik 753805 OK
ruch 60: slot 1 -> (2,1) wynik 76229 OK
ruch 61: slot 2 -> (2,0) wynik 769681 OK
ruch 62: slot 0 -> (1,4) wynik 769685 OK
ruch 63: slot 0 -> (4,3) wynik 76906 OK
ruch 64: slot 1 -> (2,0) wynik 7649317 OK
ruch 65: slot 2 -> (1,3) wynik 76480 OK
ruch 66: slot 1 -> (3,3) wynik 774893 OK
ruch 67: slot 0 -> (0,3) wynik 774897 OK
ruch 68: slot 2 -> (6,2) wynik 77401 OK
ruch 69: slot 0 -> (0,0) wynik 7736 OK
ruch 70: slot 1 -> (4,1) wynik 779983 OK
ruch 71: slot 2 -> (5,3) wynik 7767 OK
ruch 72: slot 0 -> (6,4) wynik 77455 OK
ruch 73: slot 2 -> (5,2) wynik 77161 OK
ruch 74: slot 1 -> (6,0) wynik 7765 OK
ruch 75: slot 2 -> (5,6) wynik 774480 OK
ruch 76: slot 0 -> (0,1) wynik 78950 OK
ruch 77: slot 1 -> (0,6) wynik 789867 OK
ruch 78: slot 0 -> (1,2) wynik 78979 OK
ruch 79: slot 2 -> (1,1) wynik 789979 OK
ruch 80: slot 1 -> (6,3) wynik 78096 OK
ruch 81: slot 2 -> (2,5) wynik 7897 OK
ruch 82: slot 1 -> (2,3) wynik 78601 OK
ruch 83: slot 0 -> (3,0) wynik 7840 OK
ruch 84: slot 2 -> (3,2) wynik 79925 OK
ruch 85: slot 0 -> (0,4) wynik 7996 OK
ruch 86: slot 1 -> (0,2) wynik 799855 OK
ruch 87: slot 2 -> (0,0) wynik 799859 OK
ruch 88: slot 0 -> (4,5) wynik 794206 OK
ruch 89: slot 1 -> (5,0) wynik 79439 OK
ruch 90: slot 0 -> (2,4) wynik 79451 OK
ruch 91: slot 2 -> (2,2) wynik 80979 OK
ruch 92: slot 1 -> (0,1) wynik 80974 OK
ruch 93: slot 2 -> (0,5) wynik 80133 OK
ruch 94: slot 1 -> (6,0) wynik 804755 OK
ruch 95: slot 0 -> (5,1) wynik 8039993 OK
ruch 96: slot 0 -> (4,1) wynik 8079097 OK
ruch 97: slot 2 -> (1,1) wynik 8001 OK
ruch 98: slot 1 -> (2,0) wynik 80364 OK
ruch 99: slot 2 -> (4,2) wynik 813 OK
ruch 100: slot 1 -> (0,2) wynik 81235 OK
ruch 101: slot 0 -> (1,0) wynik 8139 OK
ruch 102: slot 2 -> (0,2) wynik 8193 OK
ruch 103: slot 0 -> (1,4) wynik 817993 OK
ruch 104: slot 1 -> (1,4) wynik 818992 OK
ruch 105: slot 0 -> (7,3) wynik 82183 OK
ruch 106: slot 2 -> (4,3) wynik 8275 OK
ruch 107: slot 1 -> (1,3) wynik 8279 OK
ruch 108: slot 2 -> (2,1) wynik 82125 OK
ruch 109: slot 1 -> (1,6) wynik 82881 OK
ruch 110: slot 0 -> (3,3) wynik 82290 OK
ruch 111: slot 2 -> (2,0) wynik 82589 OK
ruch 112: slot 1 -> (2,1) wynik 824593 OK
ruch 113: slot 0 -> (2,4) wynik 820867 OK
ruch 114: slot 1 -> (5,3) wynik 83932 OK
ruch 115: slot 0 -> (2,5) wynik 834923 OK
ruch 116: slot 2 -> (0,4) wynik 834927 OK
ruch 117: slot 2 -> (0,3) wynik 83549 OK
ruch 118: slot 1 -> (2,3) wynik 83553 OK
ruch 119: slot 0 -> (3,4) wynik 8357 OK
ruch 120: slot 0 -> (5,4) wynik 8379887 OK
ruch 121: slot 1 -> (4,1) wynik 8389 OK
ruch 122: slot 2 -> (5,2) wynik 839793 OK
ruch 123: slot 0 -> (3,1) wynik 8499927 OK
ruch 124: slot 1 -> (2,0) wynik 844967 OK
ruch 125: slot 2 -> (0,0) wynik 8445 OK
ruch 126: slot 0 -> (3,0) wynik 8417 OK
ruch 127: slot 2 -> (6,1) wynik 8421 OK
ruch 128: slot 1 -> (5,0) wynik 843999 OK
ruch 129: slot 1 -> (2,6) wynik 8552 OK
ruch 130: slot 2 -> (4,6) wynik 859935 OK
ruch 131: slot 0 -> (1,1) wynik 859187 OK
ruch 132: slot 0 -> (0,2) wynik 85403 OK
ruch 133: slot 1 -> (0,4) wynik 854907 OK
ruch 134: slot 2 -> (2,4) wynik 854425 OK
ruch 135: slot 2 -> (1,6) wynik 8502 OK
ruch 136: slot 0 -> (1,3) wynik 8657 OK
ruch 137: slot 1 -> (1,0) wynik 86561 OK
ruch 138: slot 1 -> (0,0) wynik 86998 OK
ruch 139: slot 2 -> (2,0) wynik 864736 OK
ruch 140: slot 0 -> (3,2) wynik 869935 OK
ruch 141: slot 0 -> (4,3) wynik 863939 OK
ruch 142: slot 2 -> (3,0) wynik 869933 OK
ruch 143: slot 1 -> (1,2) wynik 8732 OK
ruch 144: slot 2 -> (5,1) wynik 87937 OK
ruch 145: slot 0 -> (4,1) wynik 87 OK
ruch 146: slot 1 -> (3,3) wynik 87955 OK
ruch 147: slot 0 -> (0,3) wynik 8765 OK
ruch 148: slot 2 -> (2,5) wynik 879678 OK
ruch 149: slot 1 -> (2,1) wynik 8867 OK
najdłuższa seria zgodnych ruchów: 150
