polityka: lookahead-ntuple (źródło: argv)
reset(seed='36756381290')
log ruchów: bridge-out/moves.jsonl
ruch 0: slot 0 -> (1,2) wynik 26617 OK
ruch 1: slot 2 -> (2,3) wynik 26922 OK
ruch 2: slot 1 -> (0,0) wynik 2777 OK
ruch 3: slot 2 -> (2,5) wynik 2748 OK
ruch 4: slot 1 -> (3,0) wynik 27952 OK
ruch 5: slot 0 -> (3,4) wynik 27956 OK
ruch 6: slot 0 -> (0,4) wynik 279313 OK
ruch 7: slot 1 -> (0,6) wynik 279832 OK
ruch 8: slot 2 -> (3,4) wynik 279997 OK
ruch 9: slot 1 -> (0,4) wynik 2714 OK
ruch 10: slot 0 -> (6,5) wynik 2718 OK
ruch 11: slot 2 -> (4,5) wynik 274873 OK
ruch 12: slot 1 -> (0,0) wynik 27201 OK
ruch 13: slot 0 -> (1,1) wynik 274896 OK
ruch 14: slot 2 -> (0,1) wynik 274220 OK
ruch 15: slot 0 -> (5,3) wynik 279496 OK
ruch 16: slot 1 -> (7,0) wynik 279831 OK
ruch 17: slot 2 -> (3,2) wynik 27802 OK
ruch 18: slot 1 -> (3,3) wynik 2794 OK
ruch 19: slot 2 -> (2,0) wynik 2714 OK
ruch 20: slot 0 -> (3,6) wynik 2740 OK
ruch 21: slot 1 -> (5,0) wynik 28532 OK
ruch 22: slot 0 -> (2,1) wynik 28536 OK
ruch 23: slot 2 -> (6,5) wynik 28562 OK
ruch 24: slot 0 -> (3,3) wynik 286817 OK
ruch 25: slot 1 -> (4,5) wynik 289786 OK
ruch 26: slot 2 -> (2,0) wynik 289918 OK
ruch 27: slot 1 -> (0,3) wynik 28922 OK
ruch 28: slot 2 -> (0,1) wynik 289926 OK
ruch 29: slot 0 -> (0,6) wynik 289930 OK
ruch 30: slot 2 -> (0,0) wynik 284432 OK
ruch 31: slot 1 -> (0,2) wynik 28206 OK
ruch 32: slot 0 -> (0,5) wynik 28210 OK
ruch 33: slot 1 -> (0,0) wynik 284839 OK
ruch 34: slot 0 -> (4,0) wynik 2839858 OK
ruch 35: slot 2 -> (6,0) wynik 2839165 OK
ruch 36: slot 1 -> (7,2) wynik 284512 OK
ruch 37: slot 0 -> (4,2) wynik 289568 OK
ruch 38: slot 2 -> (2,1) wynik 28987 OK
ruch 39: slot 1 -> (0,4) wynik 2934 OK
ruch 40: slot 0 -> (2,4) wynik 2902 OK
ruch 41: slot 2 -> (2,5) wynik 2906 OK
ruch 42: slot 2 -> (4,6) wynik 29180 OK
ruch 43: slot 1 -> (5,0) wynik 29489 OK
ruch 44: slot 0 -> (4,5) wynik 294864 OK
ruch 45: slot 2 -> (2,0) wynik 294609 OK
ruch 46: slot 1 -> (2,3) wynik 299554 OK
ruch 47: slot 0 -> (2,5) wynik 299588 OK
ruch 48: slot 2 -> (0,5) wynik 2950 OK
ruch 49: slot 1 -> (0,0) wynik 2954 OK
ruch 50: slot 0 -> (0,0) wynik 2901 OK
ruch 51: slot 1 -> (4,0) wynik 293956 OK
ruch 52: slot 2 -> (4,3) wynik 293960 OK
ruch 53: slot 0 -> (6,4) wynik 299960 OK
ruch 54: slot 1 -> (0,4) wynik 2968 OK
ruch 55: slot 2 -> (4,5) wynik 2972 OK
ruch 56: slot 0 -> (4,4) wynik 29476 OK
ruch 57: slot 1 -> (4,0) wynik 30518 OK
ruch 58: slot 0 -> (2,5) wynik 3001 OK
ruch 59: slot 2 -> (2,3) wynik 3051 OK
ruch 60: slot 1 -> (3,2) wynik 309924 OK
ruch 61: slot 2 -> (3,5) wynik 304055 OK
ruch 62: slot 0 -> (3,0) wynik 304059 OK
ruch 63: slot 0 -> (0,2) wynik 304222 OK
ruch 64: slot 1 -> (2,3) wynik 30997 OK
ruch 65: slot 2 -> (6,3) wynik 304461 OK
ruch 66: slot 2 -> (0,3) wynik 30592 OK
ruch 67: slot 0 -> (4,3) wynik 30389 OK
ruch 68: slot 1 -> (1,5) wynik 30730 OK
ruch 69: slot 1 -> (0,3) wynik 3070 OK
ruch 70: slot 0 -> (2,3) wynik 31603 OK
ruch 71: slot 2 -> (1,2) wynik 31607 OK
ruch 72: slot 1 -> (5,4) wynik 31074 OK
ruch 73: slot 2 -> (5,0) wynik 311975 OK
ruch 74: slot 0 -> (5,2) wynik 31918 OK
ruch 75: slot 2 -> (6,1) wynik 31976 OK
ruch 76: slot 1 -> (2,2) wynik 31925 OK
ruch 77: slot 0 -> (3,2) wynik 31429 OK
ruch 78: slot 0 -> (1,0) wynik 314273 OK
ruch 79: slot 1 -> (5,0) wynik 319415 OK
ruch 80: slot 2 -> (1,1) wynik 315860 OK
ruch 81: slot 2 -> (5,0) wynik 3123 OK
ruch 82: slot 0 -> (4,6) wynik 31901 OK
ruch 83: slot 1 -> (6,3) wynik 31805 OK
ruch 84: slot 0 -> (4,4) wynik 318977 OK
ruch 85: slot 1 -> (0,0) wynik 31909 OK
ruch 86: slot 2 -> (0,4) wynik 31813 OK
ruch 87: slot 2 -> (3,5) wynik 319930 OK
ruch 88: slot 1 -> (7,4) wynik 32037 OK
ruch 89: slot 0 -> (0,4) wynik 3241 ROZBIEŻNOŚĆ
ruch 90: slot 1 -> (6,0) wynik 32045 ROZBIEŻNOŚĆ
ruch 91: slot 2 -> (1,3) wynik 329963 OK
ruch 92: slot 0 -> (4,4) wynik 32967 OK
ruch 93: slot 0 -> (0,2) wynik 329748 OK
ruch 94: slot 1 -> (5,3) wynik 32927 OK
ruch 95: slot 2 -> (1,0) wynik 32064 OK
ruch 96: slot 0 -> (0,3) wynik 32367 OK
ruch 97: slot 2 -> (2,4) wynik 3239071 OK
ruch 98: slot 1 -> (1,4) wynik 32395 OK
ruch 99: slot 2 -> (1,6) wynik 324764 OK
ruch 100: slot 0 -> (5,5) wynik 32965 OK
ruch 101: slot 1 -> (2,3) wynik 33131 OK
ruch 102: slot 2 -> (3,4) wynik 3339 OK
ruch 103: slot 1 -> (4,0) wynik 33983 OK
ruch 104: slot 0 -> (2,0) wynik 339836 OK
ruch 105: slot 0 -> (0,0) wynik 334053 OK
ruch 106: slot 1 -> (7,1) wynik 334059 OK
ruch 107: slot 2 -> (4,0) wynik 334063 OK
ruch 108: slot 1 -> (3,1) wynik 334069 OK
ruch 109: slot 2 -> (1,0) wynik 34281 OK
ruch 110: slot 0 -> (5,3) wynik 349122 OK
ruch 111: slot 2 -> (0,4) wynik 34963 OK
ruch 112: slot 0 -> (3,3) wynik 34967 OK
ruch 113: slot 1 -> (1,1) wynik 349850 OK
ruch 114: slot 1 -> (2,2) wynik 349055 OK
ruch 115: slot 2 -> (0,6) wynik 349059 OK
ruch 116: slot 0 -> (0,7) wynik 349057 OK
ruch 117: slot 2 -> (2,3) wynik 34453 OK
ruch 118: slot 0 -> (0,4) wynik 344579 OK
ruch 119: slot 1 -> (2,0) wynik 343978 OK
ruch 120: slot 1 -> (1,5) wynik 349055 OK
ruch 121: slot 0 -> (0,2) wynik 349899 OK
ruch 122: slot 2 -> (0,0) wynik 3567 OK
ruch 123: slot 0 -> (2,5) wynik 359811 OK
ruch 124: slot 1 -> (2,2) wynik 35985 OK
ruch 125: slot 2 -> (2,0) wynik 35989 OK
ruch 126: slot 0 -> (6,4) wynik 359091 OK
ruch 127: slot 1 -> (6,0) wynik 359615 OK
ruch 128: slot 2 -> (4,6) wynik 3548 ROZBIEŻNOŚĆ
ruch 129: slot 0 -> (1,2) wynik 3547 ROZBIEŻNOŚĆ
ruch 130: slot 2 -> (1,0) wynik 3579 OK
ruch 131: slot 1 -> (2,4) wynik 3583 OK
ruch 132: slot 2 -> (6,5) wynik 3573 OK
ruch 133: slot 0 -> (1,5) wynik 357825 OK
ruch 134: slot 1 -> (2,0) wynik 35001 OK
ruch 135: slot 2 -> (5,4) wynik 3573 OK
ruch 136: slot 1 -> (4,4) wynik 3577 OK
ruch 137: slot 0 -> (4,2) wynik 35925 OK
ruch 138: slot 2 -> (4,1) wynik 3631 OK
ruch 139: slot 0 -> (6,5) wynik 364818 OK
ruch 140: slot 1 -> (6,0) wynik 36949 OK
ruch 141: slot 2 -> (5,3) wynik 369584 OK
ruch 142: slot 1 -> (4,0) wynik 3621 OK
ruch 143: slot 0 -> (3,5) wynik 3695 OK
ruch 144: slot 2 -> (3,3) wynik 364599 OK
ruch 145: slot 1 -> (5,0) wynik 368979 OK
ruch 146: slot 0 -> (5,4) wynik 36831 OK
ruch 147: slot 2 -> (1,4) wynik 36969 OK
ruch 148: slot 0 -> (0,3) wynik 3666 OK
ruch 149: slot 1 -> (4,5) wynik 37965 OK
najdłuższa seria zgodnych ruchów: 89
