polityka: lookahead-ntuple (źródło: argv)
reset(seed='36756381290')
log ruchów: bridge-out/moves.jsonl
ruch 0: slot 2 -> (1,5) wynik 138629 OK
ruch 1: slot 1 -> (2,0) wynik 138633 OK
ruch 2: slot 0 -> (2,3) wynik 138639 OK
ruch 3: slot 2 -> (3,5) wynik 138649 OK
ruch 4: slot 0 -> (5,0) wynik 134 OK
ruch 5: slot 1 -> (2,0) wynik 138 OK
ruch 6: slot 2 -> (5,1) wynik 134 OK
ruch 7: slot 2 -> (5,6) wynik 132 OK
ruch 8: slot 0 -> (6,3) wynik 139 OK
ruch 9: slot 1 -> (6,0) wynik 19 OK
ruch 10: slot 0 -> (4,0) wynik 136 OK
ruch 11: slot 2 -> (4,2) wynik 136 OK
ruch 12: slot 1 -> (5,4) wynik 130 OK
ruch 13: slot 2 -> (0,7) wynik 1387 OK
ruch 14: slot 0 -> (0,0) wynik 135 OK
ruch 15: slot 1 -> (0,4) wynik 3 OK
ruch 16: slot 1 -> (3,4) wynik 13 OK
ruch 17: slot 0 -> (0,4) wynik 130 OK
ruch 18: slot 2 -> (3,4) wynik 133 OK
ruch 19: slot 0 -> (2,1) wynik 139 ROZBIEŻNOŚĆ
ruch 20: slot 2 -> (3,3) wynik 1 ROZBIEŻNOŚĆ
ruch 21: slot 1 -> (2,4) wynik 1 OK
ruch 22: slot 2 -> (0,0) wynik 19 OK
ruch 23: slot 0 -> (2,6) wynik 138 OK
ruch 24: slot 1 -> (4,0) wynik 13 OK
ruch 25: slot 2 -> (4,4) wynik 134 OK
ruch 26: slot 0 -> (5,4) wynik 130 OK
ruch 27: slot 2 -> (2,5) wynik 13 OK
ruch 28: slot 1 -> (0,4) wynik 132 OK
ruch 29: slot 0 -> (3,0) wynik 134 OK
ruch 30: slot 2 -> (7,4) wynik 133 ROZBIEŻNOŚĆ
ruch 31: slot 1 -> (0,0) wynik 19 ROZBIEŻNOŚĆ
ruch 32: slot 0 -> (3,0) wynik 13 OK
ruch 33: slot 1 -> (2,4) wynik 133 ROZBIEŻNOŚĆ
ruch 34: slot 2 -> (4,5) wynik 13 ROZBIEŻNOŚĆ
ruch 35: slot 1 -> (1,5) wynik 139 OK
ruch 36: slot 0 -> (0,0) wynik 134 OK
ruch 37: slot 2 -> (0,5) wynik 139 OK
ruch 38: slot 0 -> (2,0) wynik 140398 OK
ruch 39: slot 1 -> (2,5) wynik 141798 OK
ruch 40: slot 2 -> (2,4) wynik 141802 OK
ruch 41: slot 0 -> (3,1) wynik 141817 ROZBIEŻNOŚĆ
ruch 42: slot 2 -> (3,3) wynik 141944 ROZBIEŻNOŚĆ
ruch 43: slot 2 -> (0,0) wynik 141944 ROZBIEŻNOŚĆ
ruch 44: slot 1 -> (3,5) wynik 141949 ROZBIEŻNOŚĆ
ruch 45: slot 0 -> (3,4) wynik 142010 OK
ruch 46: slot 2 -> (1,6) wynik 142245 OK
ruch 47: slot 1 -> (3,0) wynik 142249 OK
ruch 48: slot 0 -> (1,3) wynik 142272 OK
ruch 49: slot 2 -> (1,1) wynik 142407 OK
ruch 50: slot 1 -> (2,1) wynik 142411 OK
ruch 51: slot 1 -> (1,4) wynik 142415 OK
ruch 52: slot 0 -> (1,6) wynik 142575 OK
ruch 53: slot 2 -> (2,0) wynik 142600 OK
ruch 54: slot 2 -> (3,5) wynik 142764 OK
ruch 55: slot 0 -> (3,3) wynik 142921 ROZBIEŻNOŚĆ
ruch 56: slot 1 -> (3,0) wynik 142925 ROZBIEŻNOŚĆ
ruch 57: slot 2 -> (0,1) wynik 142928 OK
ruch 58: slot 0 -> (0,3) wynik 143294 OK
ruch 59: slot 1 -> (5,0) wynik 143325 OK
ruch 60: slot 0 -> (1,3) wynik 143509 OK
ruch 61: slot 2 -> (1,6) wynik 143689 OK
ruch 62: slot 1 -> (0,0) wynik 143695 OK
ruch 63: slot 0 -> (1,0) wynik 143785 OK
ruch 64: slot 1 -> (0,5) wynik 144142 OK
ruch 65: slot 2 -> (0,3) wynik 144336 OK
ruch 66: slot 1 -> (2,2) wynik 14408 OK
ruch 67: slot 0 -> (0,6) wynik 1414 OK
ruch 68: slot 2 -> (1,0) wynik 1418 OK
ruch 69: slot 1 -> (7,3) wynik 144957 OK
ruch 70: slot 0 -> (5,5) wynik 14460 OK
ruch 71: slot 2 -> (2,6) wynik 1464 OK
ruch 72: slot 2 -> (3,5) wynik 1468 OK
ruch 73: slot 0 -> (2,5) wynik 144512 OK
ruch 74: slot 1 -> (3,1) wynik 1416 OK
ruch 75: slot 2 -> (2,0) wynik 1439 OK
ruch 76: slot 1 -> (3,4) wynik 14470 OK
ruch 77: slot 0 -> (2,2) wynik 1474 OK
ruch 78: slot 1 -> (3,4) wynik 144813 OK
ruch 79: slot 0 -> (0,4) wynik 147034 OK
ruch 80: slot 2 -> (0,4) wynik 147938 OK
ruch 81: slot 2 -> (5,5) wynik 14700 OK
ruch 82: slot 0 -> (4,4) wynik 147933 OK
ruch 83: slot 1 -> (6,4) wynik 147872 OK
ruch 84: slot 1 -> (7,4) wynik 147900 OK
ruch 85: slot 0 -> (0,3) wynik 147050 OK
ruch 86: slot 2 -> (3,4) wynik 147654 OK
ruch 87: slot 1 -> (4,0) wynik 147688 OK
ruch 88: slot 0 -> (4,3) wynik 1438 OK
ruch 89: slot 2 -> (2,4) wynik 14978 OK
ruch 90: slot 1 -> (6,0) wynik 148668 OK
ruch 91: slot 2 -> (4,5) wynik 1438920 OK
ruch 92: slot 0 -> (6,4) wynik 148947 OK
ruch 93: slot 2 -> (0,1) wynik 149922 OK
ruch 94: slot 1 -> (1,4) wynik 149926 OK
ruch 95: slot 0 -> (2,4) wynik 149963 OK
ruch 96: slot 1 -> (3,0) wynik 149967 OK
ruch 97: slot 0 -> (2,5) wynik 149044 OK
ruch 98: slot 2 -> (6,0) wynik 149976 OK
ruch 99: slot 1 -> (2,0) wynik 15605 OK
ruch 100: slot 2 -> (2,4) wynik 15686 OK
ruch 101: slot 0 -> (0,0) wynik 1525 OK
ruch 102: slot 0 -> (2,2) wynik 1518 OK
ruch 103: slot 2 -> (4,2) wynik 1522 OK
ruch 104: slot 1 -> (7,4) wynik 15062 OK
ruch 105: slot 2 -> (0,5) wynik 1560 OK
ruch 106: slot 0 -> (1,4) wynik 15064 OK
ruch 107: slot 1 -> (3,5) wynik 151904 OK
ruch 108: slot 0 -> (0,3) wynik 15938 OK
ruch 109: slot 1 -> (6,2) wynik 151954 OK
ruch 110: slot 2 -> (4,4) wynik 151096 OK
ruch 111: slot 2 -> (6,5) wynik 153910 OK
ruch 112: slot 1 -> (0,3) wynik 159914 OK
ruch 113: slot 0 -> (1,5) wynik 1518 OK
ruch 114: slot 1 -> (1,4) wynik 15357 OK
ruch 115: slot 2 -> (0,2) wynik 15380 OK
ruch 116: slot 0 -> (3,1) wynik 541 OK
ruch 117: slot 2 -> (0,6) wynik 1548 OK
ruch 118: slot 0 -> (1,0) wynik 15352 OK
ruch 119: slot 1 -> (1,2) wynik 1599 OK
ruch 120: slot 0 -> (3,0) wynik 15963 OK
ruch 121: slot 1 -> (3,4) wynik 153602 OK
ruch 122: slot 2 -> (5,5) wynik 159651 OK
OCR: 
ruch 123: slot 0 -> (1,0) wynik None OK
ruch 124: slot 1 -> (2,1) wynik 154076 OK
ruch 125: slot 2 -> (2,5) wynik 15480 OK
ruch 126: slot 0 -> (1,7) wynik 154830 OK
ruch 127: slot 1 -> (6,4) wynik 154678 OK
ruch 128: slot 2 -> (4,6) wynik 154929 OK
ruch 129: slot 2 -> (5,0) wynik 155982 OK
ruch 130: slot 0 -> (3,5) wynik 15922 OK
ruch 131: slot 1 -> (4,4) wynik 1553936 OK
ruch 132: slot 2 -> (2,1) wynik 1539004 OK
ruch 133: slot 0 -> (6,1) wynik 15941 OK
ruch 134: slot 1 -> (6,3) wynik 15476 OK
ruch 135: slot 1 -> (7,2) wynik 15450 OK
ruch 136: slot 2 -> (0,5) wynik 15454 OK
ruch 137: slot 0 -> (1,4) wynik 15404 OK
ruch 138: slot 0 -> (4,2) wynik 153968 OK
ruch 139: slot 1 -> (5,0) wynik 15724 OK
ruch 140: slot 2 -> (0,6) wynik 157028 OK
ruch 141: slot 2 -> (3,4) wynik 157632 OK
ruch 142: slot 1 -> (4,6) wynik 157637 OK
ruch 143: slot 0 -> (4,4) wynik 157643 ROZBIEŻNOŚĆ
ruch 144: slot 1 -> (5,6) wynik 157647 ROZBIEŻNOŚĆ
ruch 145: slot 2 -> (1,3) wynik 157659 OK
ruch 146: slot 0 -> (4,0) wynik 157665 OK
ruch 147: slot 0 -> (2,1) wynik 157669 OK
ruch 148: slot 1 -> (4,3) wynik 187673 OK
ruch 149: slot 2 -> (4,2) wynik 157698 OK
najdłuższa seria zgodnych ruchów: 86
