polityka: lookahead-ntuple (źródło: argv)
reset(seed='36756381290')
log ruchów: bridge-out/moves.jsonl
ruch 0: slot 1 -> (7,0) wynik 735900 OK
ruch 1: slot 0 -> (1,5) wynik 75904 OK
ruch 2: slot 2 -> (1,1) wynik 76784 OK
ruch 3: slot 1 -> (1,1) wynik 76911 OK
ruch 4: slot 2 -> (0,4) wynik 77674 OK
ruch 5: slot 1 -> (0,0) wynik 77783 OK
ruch 6: slot 0 -> (0,5) wynik 78569 OK
ruch 7: slot 1 -> (3,4) wynik 79329 OK
ruch 8: slot 0 -> (2,1) wynik 80377 OK
ruch 9: slot 2 -> (0,2) wynik 80525 OK
ruch 10: slot 0 -> (0,0) wynik 81291 OK
ruch 11: slot 1 -> (0,4) wynik 81295 OK
ruch 12: slot 2 -> (1,4) wynik 81299 OK
ruch 13: slot 1 -> (2,4) wynik 82343 OK
ruch 14: slot 0 -> (1,0) wynik 83137 OK
ruch 15: slot 2 -> (0,0) wynik 83233 OK
ruch 16: slot 1 -> (1,2) wynik 84069 OK
ruch 17: slot 2 -> (0,5) wynik 84073 OK
ruch 18: slot 0 -> (5,4) wynik 84188 OK
ruch 19: slot 1 -> (3,0) wynik 85011 OK
ruch 20: slot 2 -> (3,3) wynik 85015 OK
ruch 21: slot 0 -> (3,5) wynik 85019 OK
ruch 22: slot 1 -> (3,3) wynik 85154 OK
ruch 23: slot 2 -> (1,4) wynik 85963 OK
ruch 24: slot 0 -> (0,2) wynik 86070 OK
ruch 25: slot 1 -> (6,4) wynik 87007 OK
ruch 26: slot 0 -> (5,0) wynik 87865 OK
ruch 27: slot 2 -> (5,2) wynik 88002 OK
ruch 28: slot 1 -> (2,3) wynik 88827 OK
ruch 29: slot 0 -> (5,6) wynik 88831 OK
ruch 30: slot 2 -> (2,5) wynik 88950 OK
ruch 31: slot 0 -> (5,0) wynik 89799 OK
ruch 32: slot 1 -> (5,6) wynik 89803 OK
ruch 33: slot 2 -> (3,4) wynik 89807 OK
ruch 34: slot 0 -> (5,4) wynik 89926 OK
ruch 35: slot 1 -> (0,3) wynik 90781 OK
ruch 36: slot 2 -> (4,2) wynik 91757 OK
ruch 37: slot 2 -> (0,3) wynik 91849 OK
ruch 38: slot 0 -> (5,3) wynik 92743 OK
ruch 39: slot 1 -> (3,2) wynik 92845 OK
ruch 40: slot 2 -> (6,2) wynik 93735 OK
ruch 41: slot 1 -> (2,0) wynik 94729 OK
ruch 42: slot 0 -> (1,2) wynik 94733 OK
ruch 43: slot 2 -> (3,4) wynik 95117 OK
ruch 44: slot 0 -> (4,6) wynik 96745 OK
ruch 45: slot 1 -> (5,0) wynik 96749 OK
ruch 46: slot 2 -> (4,6) wynik 96853 OK
ruch 47: slot 0 -> (4,0) wynik 97765 OK
ruch 48: slot 1 -> (5,2) wynik 97769 OK
ruch 49: slot 0 -> (4,2) wynik 97894 OK
ruch 50: slot 2 -> (4,4) wynik 98882 OK
ruch 51: slot 1 -> (1,0) wynik 99815 OK
ruch 52: slot 0 -> (1,4) wynik 99819 OK
ruch 53: slot 2 -> (1,6) wynik 99823 OK
ruch 54: slot 1 -> (2,0) wynik 99980 OK
ruch 55: slot 2 -> (4,1) wynik 100970 OK
ruch 56: slot 0 -> (1,1) wynik 101893 OK
ruch 57: slot 1 -> (3,0) wynik 102000 OK
ruch 58: slot 0 -> (0,0) wynik 103032 OK
ruch 59: slot 1 -> (1,4) wynik 103987 OK
ruch 60: slot 2 -> (4,0) wynik 104159 OK
ruch 61: slot 2 -> (3,6) wynik 105045 OK
ruch 62: slot 0 -> (0,6) wynik 105175 OK
ruch 63: slot 1 -> (1,0) wynik 106109 OK
ruch 64: slot 1 -> (2,0) wynik 106113 OK
ruch 65: slot 0 -> (1,4) wynik 106117 OK
ruch 66: slot 2 -> (2,5) wynik 106280 OK
ruch 67: slot 1 -> (4,4) wynik 107187 OK
ruch 68: slot 0 -> (4,0) wynik 107191 OK
ruch 69: slot 2 -> (3,2) wynik 107195 OK
ruch 70: slot 2 -> (4,1) wynik 107305 OK
ruch 71: slot 1 -> (4,2) wynik 108378 OK
ruch 72: slot 0 -> (6,4) wynik 109349 OK
ruch 73: slot 1 -> (6,0) wynik 109353 OK
ruch 74: slot 2 -> (6,5) wynik 110437 OK
ruch 75: slot 0 -> (3,5) wynik 110614 OK
ruch 76: slot 2 -> (0,4) wynik 11531 OK
ruch 77: slot 0 -> (0,2) wynik 11655 OK
ruch 78: slot 1 -> (2,2) wynik 12795 OK
ruch 79: slot 0 -> (0,5) wynik 113733 OK
ruch 80: slot 2 -> (6,1) wynik 113737 OK
ruch 81: slot 1 -> (0,2) wynik 113741 OK
ruch 82: slot 0 -> (5,5) wynik 14871 OK
ruch 83: slot 2 -> (4,3) wynik 120373 OK
ruch 84: slot 1 -> (7,1) wynik 120377 OK
ruch 85: slot 1 -> (1,5) wynik 120805 OK
ruch 86: slot 0 -> (1,0) wynik 122617 OK
ruch 87: slot 2 -> (1,1) wynik 122621 OK
ruch 88: slot 1 -> (7,3) wynik 122782 OK
ruch 89: slot 0 -> (0,3) wynik 123751 OK
ruch 90: slot 2 -> (2,2) wynik 123755 OK
ruch 91: slot 1 -> (4,4) wynik 123759 OK
ruch 92: slot 2 -> (2,3) wynik 124891 OK
ruch 93: slot 0 -> (5,2) wynik 124895 OK
ruch 94: slot 0 -> (0,1) wynik 124899 OK
ruch 95: slot 2 -> (0,4) wynik 126037 OK
ruch 96: slot 1 -> (7,1) wynik 126200 OK
ruch 97: slot 2 -> (4,3) wynik 127185 OK
ruch 98: slot 0 -> (0,3) wynik 127189 ROZBIEŻNOŚĆ
ruch 99: slot 1 -> (2,0) wynik 127193 ROZBIEŻNOŚĆ
ruch 100: slot 2 -> (0,1) wynik 128343 OK
ruch 101: slot 0 -> (3,1) wynik 128459 OK
ruch 102: slot 1 -> (0,0) wynik 129523 OK
ruch 103: slot 0 -> (1,5) wynik 130662 OK
ruch 104: slot 2 -> (2,2) wynik 130666 OK
ruch 105: slot 1 -> (2,4) wynik 130844 OK
ruch 106: slot 0 -> (2,0) wynik 131838 OK
ruch 107: slot 1 -> (0,2) wynik 131842 OK
ruch 108: slot 2 -> (6,0) wynik 132009 OK
ruch 109: slot 0 -> (2,3) wynik 133020 OK
ruch 110: slot 1 -> (5,1) wynik 133496 OK
ruch 111: slot 2 -> (2,0) wynik 135392 OK
ruch 112: slot 2 -> (2,3) wynik 135396 OK
ruch 113: slot 0 -> (1,1) wynik 136588 OK
ruch 114: slot 1 -> (7,1) wynik 136592 OK
ruch 115: slot 1 -> (6,3) wynik 136596 OK
ruch 116: slot 0 -> (0,4) wynik 136601 OK
ruch 117: slot 2 -> (5,3) wynik 136603 OK
ruch 118: slot 1 -> (5,7) wynik 136615 OK
ruch 119: slot 0 -> (4,1) wynik 136618 OK
ruch 120: slot 2 -> (4,2) wynik 136631 OK
ruch 121: slot 1 -> (7,3) wynik 136649 OK
ruch 122: slot 0 -> (0,3) wynik 136653 OK
ruch 123: slot 2 -> (3,3) wynik 136657 OK
ruch 124: slot 0 -> (0,3) wynik 136677 OK
ruch 125: slot 2 -> (6,2) wynik 136692 OK
ruch 126: slot 1 -> (1,1) wynik 136732 OK
ruch 127: slot 1 -> (4,0) wynik 136788 OK
ruch 128: slot 2 -> (0,0) wynik 136792 OK
ruch 129: slot 0 -> (2,1) wynik 136803 OK
ruch 130: slot 0 -> (1,0) wynik 136839 OK
ruch 131: slot 2 -> (1,6) wynik 136888 OK
ruch 132: slot 1 -> (3,3) wynik 136902 OK
ruch 133: slot 1 -> (2,0) wynik 136959 OK
ruch 134: slot 0 -> (5,1) wynik 136964 OK
ruch 135: slot 2 -> (3,5) wynik 136966 OK
ruch 136: slot 1 -> (1,6) wynik 137065 OK
ruch 137: slot 0 -> (7,0) wynik 137410 OK
ruch 138: slot 2 -> (7,7) wynik 137491 OK
ruch 139: slot 0 -> (0,4) wynik 137505 OK
ruch 140: slot 1 -> (0,1) wynik 137582 OK
ruch 141: slot 2 -> (1,0) wynik 137599 OK
ruch 142: slot 1 -> (3,2) wynik 137682 OK
ruch 143: slot 2 -> (3,5) wynik 138081 OK
ruch 144: slot 0 -> (3,0) wynik 138087 OK
ruch 145: slot 0 -> (1,0) wynik 1 ROZBIEŻNOŚĆ
ruch 146: slot 1 -> (0,0) wynik 1 OK
ruch 147: slot 2 -> (0,5) wynik 19 OK
ruch 148: slot 0 -> (0,3) wynik 138619 OK
ruch 149: slot 1 -> (0,1) wynik 138625 OK
najdłuższa seria zgodnych ruchów: 98
