polityka: lookahead-ntuple (źródło: argv)
reset(seed='36756381290')
log ruchów: bridge-out/moves.jsonl
ruch 0: slot 1 -> (2,1) wynik 379563 OK
ruch 1: slot 2 -> (1,5) wynik 379567 OK
ruch 2: slot 0 -> (1,6) wynik 3706 OK
ruch 3: slot 0 -> (5,3) wynik 374075 OK
ruch 4: slot 2 -> (1,3) wynik 37585 OK
ruch 5: slot 1 -> (3,1) wynik 3789 OK
ruch 6: slot 0 -> (5,6) wynik 3705 OK
ruch 7: slot 2 -> (3,5) wynik 37909 OK
ruch 8: slot 1 -> (2,0) wynik 373870 OK
ruch 9: slot 1 -> (0,6) wynik 38165 OK
ruch 10: slot 2 -> (1,6) wynik 3869 OK
ruch 11: slot 0 -> (4,6) wynik 38173 OK
ruch 12: slot 1 -> (6,5) wynik 3877 OK
ruch 13: slot 0 -> (2,6) wynik 38979 OK
ruch 14: slot 2 -> (1,4) wynik 38851 OK
ruch 15: slot 1 -> (4,4) wynik 38955 OK
ruch 16: slot 0 -> (3,2) wynik 389059 OK
ruch 17: slot 2 -> (3,3) wynik 38978 OK
ruch 18: slot 0 -> (5,2) wynik 385925 OK
ruch 19: slot 1 -> (3,4) wynik 38861 OK
ruch 20: slot 2 -> (0,6) wynik 38567 OK
ruch 21: slot 0 -> (2,1) wynik 387023 OK
ruch 22: slot 2 -> (1,3) wynik 387027 OK
ruch 23: slot 1 -> (3,0) wynik 38118 OK
ruch 24: slot 2 -> (0,3) wynik 38967 OK
ruch 25: slot 1 -> (7,0) wynik 39965 OK
ruch 26: slot 0 -> (2,3) wynik 39969 OK
ruch 27: slot 2 -> (2,6) wynik 39973 OK
ruch 28: slot 0 -> (4,5) wynik 392949 OK
ruch 29: slot 1 -> (5,6) wynik 399553 OK
ruch 30: slot 0 -> (6,4) wynik 39235 OK
ruch 31: slot 1 -> (6,1) wynik 3923 OK
ruch 32: slot 2 -> (3,4) wynik 393827 OK
ruch 33: slot 0 -> (0,4) wynik 3958 OK
ruch 34: slot 1 -> (1,4) wynik 3939125 OK
ruch 35: slot 2 -> (1,6) wynik 397536 OK
ruch 36: slot 1 -> (2,1) wynik 39929 OK
ruch 37: slot 2 -> (0,1) wynik 3933 OK
ruch 38: slot 0 -> (0,0) wynik 394213 OK
ruch 39: slot 0 -> (4,4) wynik 4003 OK
ruch 40: slot 2 -> (3,5) wynik 409855 OK
ruch 41: slot 1 -> (4,7) wynik 40018 OK
ruch 42: slot 2 -> (0,0) wynik 409497 OK
ruch 43: slot 0 -> (0,4) wynik 40127 OK
ruch 44: slot 1 -> (5,5) wynik 403892 OK
ruch 45: slot 2 -> (5,6) wynik 4067 OK
ruch 46: slot 1 -> (7,1) wynik 4071 OK
ruch 47: slot 0 -> (5,3) wynik 40955 OK
ruch 48: slot 1 -> (5,0) wynik 4117 OK
ruch 49: slot 0 -> (1,4) wynik 414501 OK
ruch 50: slot 2 -> (1,3) wynik 41969 OK
ruch 51: slot 1 -> (6,0) wynik 4104 OK
ruch 52: slot 0 -> (0,2) wynik 4139927 OK
ruch 53: slot 2 -> (1,2) wynik 431 OK
ruch 54: slot 0 -> (1,3) wynik 4135 OK
ruch 55: slot 1 -> (3,3) wynik 415695 OK
ruch 56: slot 2 -> (5,3) wynik 4153899 OK
ruch 57: slot 0 -> (0,0) wynik 419936 OK
ruch 58: slot 2 -> (5,1) wynik 4143 OK
ruch 59: slot 1 -> (3,0) wynik 418947 OK
ruch 60: slot 0 -> (0,1) wynik 41951 OK
ruch 61: slot 1 -> (3,1) wynik 4229 OK
ruch 62: slot 2 -> (6,5) wynik 42584 OK
ruch 63: slot 2 -> (4,6) wynik 42251 OK
ruch 64: slot 0 -> (4,2) wynik 429807 OK
ruch 65: slot 1 -> (4,0) wynik 424530 OK
ruch 66: slot 0 -> (6,0) wynik 429607 OK
ruch 67: slot 2 -> (5,4) wynik 426511 ROZBIEŻNOŚĆ
ruch 68: slot 1 -> (3,2) wynik 42515 ROZBIEŻNOŚĆ
ruch 69: slot 2 -> (5,3) wynik 42017 OK
ruch 70: slot 0 -> (3,6) wynik 42759 OK
ruch 71: slot 1 -> (4,3) wynik 42929 OK
ruch 72: slot 0 -> (0,6) wynik 42952 OK
ruch 73: slot 1 -> (4,5) wynik 43649 OK
ruch 74: slot 2 -> (6,5) wynik 43553 OK
ruch 75: slot 2 -> (2,5) wynik 439873 OK
ruch 76: slot 1 -> (0,4) wynik 439877 OK
ruch 77: slot 0 -> (0,2) wynik 439670 OK
ruch 78: slot 0 -> (1,0) wynik 439814 OK
ruch 79: slot 1 -> (0,5) wynik 434339 OK
ruch 80: slot 2 -> (0,1) wynik 43868 OK
ruch 81: slot 2 -> (2,0) wynik 43581 OK
ruch 82: slot 1 -> (3,3) wynik 433585 OK
ruch 83: slot 0 -> (0,2) wynik 4339997 OK
ruch 84: slot 0 -> (2,2) wynik 439833 OK
ruch 85: slot 1 -> (2,6) wynik 434837 OK
ruch 86: slot 2 -> (1,1) wynik 4302 OK
ruch 87: slot 2 -> (4,5) wynik 44091 OK
ruch 88: slot 1 -> (1,5) wynik 44995 OK
ruch 89: slot 0 -> (2,4) wynik 446291 OK
ruch 90: slot 2 -> (5,5) wynik 449983 OK
ruch 91: slot 0 -> (3,4) wynik 449617 OK
ruch 92: slot 1 -> (2,2) wynik 444867 OK
ruch 93: slot 0 -> (4,5) wynik 44889 OK
ruch 94: slot 2 -> (5,0) wynik 4495 OK
ruch 95: slot 1 -> (5,2) wynik 444899 OK
ruch 96: slot 2 -> (4,4) wynik 4420 OK
ruch 97: slot 0 -> (1,4) wynik 453927 OK
ruch 98: slot 1 -> (0,2) wynik 459031 OK
ruch 99: slot 2 -> (1,0) wynik 456811 OK
ruch 100: slot 1 -> (5,1) wynik 45815 OK
ruch 101: slot 0 -> (4,1) wynik 45986 OK
ruch 102: slot 0 -> (7,2) wynik 4683 OK
ruch 103: slot 1 -> (2,1) wynik 469897 OK
ruch 104: slot 2 -> (0,1) wynik 469562 OK
ruch 105: slot 2 -> (3,1) wynik 4699 OK
ruch 106: slot 1 -> (3,4) wynik 464203 OK
ruch 107: slot 0 -> (0,4) wynik 464495 OK
ruch 108: slot 0 -> (2,2) wynik 46011 OK
ruch 109: slot 1 -> (3,3) wynik 46915 OK
ruch 110: slot 2 -> (4,3) wynik 46271 OK
ruch 111: slot 0 -> (3,0) wynik 464082 OK
ruch 112: slot 1 -> (5,2) wynik 46545 OK
ruch 113: slot 2 -> (0,2) wynik 469939 OK
ruch 114: slot 0 -> (3,4) wynik 4726 OK
ruch 115: slot 1 -> (6,4) wynik 479299 OK
ruch 116: slot 2 -> (4,5) wynik 47403 OK
ruch 117: slot 0 -> (4,3) wynik 4763 OK
ruch 118: slot 2 -> (0,4) wynik 7 OK
ruch 119: slot 1 -> (0,5) wynik 479420 OK
ruch 120: slot 2 -> (3,5) wynik 47706 OK
ruch 121: slot 0 -> (1,2) wynik 47831 OK
ruch 122: slot 1 -> (4,0) wynik 472 OK
ruch 123: slot 1 -> (5,3) wynik 4865 OK
ruch 124: slot 2 -> (3,2) wynik 489645 OK
ruch 125: slot 0 -> (0,0) wynik 4834 OK
ruch 126: slot 1 -> (6,5) wynik 48413 OK
ruch 127: slot 0 -> (3,0) wynik 48119 OK
ruch 128: slot 2 -> (6,1) wynik 825 OK
ruch 129: slot 2 -> (0,0) wynik 4898 OK
ruch 130: slot 0 -> (0,2) wynik 49531 OK
ruch 131: slot 1 -> (1,6) wynik 499859 OK
ruch 132: slot 0 -> (1,2) wynik 499511 OK
ruch 133: slot 2 -> (1,3) wynik 4921 OK
ruch 134: slot 1 -> (0,2) wynik 4997 OK
ruch 135: slot 2 -> (5,1) wynik 49508 OK
ruch 136: slot 1 -> (6,0) wynik 5089 OK
ruch 137: slot 0 -> (0,4) wynik 5000 OK
ruch 138: slot 2 -> (4,6) wynik 5087 OK
ruch 139: slot 0 -> (2,2) wynik 50937 OK
ruch 140: slot 1 -> (2,0) wynik 50091 OK
ruch 141: slot 1 -> (1,7) wynik 509095 OK
ruch 142: slot 0 -> (3,3) wynik 50999 OK
ruch 143: slot 2 -> (2,5) wynik 509831 OK
ruch 144: slot 1 -> (4,5) wynik 508199 OK
ruch 145: slot 0 -> (4,1) wynik 5021 OK
ruch 146: slot 2 -> (0,0) wynik 509192 OK
ruch 147: slot 0 -> (4,5) wynik 51043 OK
ruch 148: slot 1 -> (6,3) wynik 51047 OK
ruch 149: slot 2 -> (1,5) wynik 51851 OK
najdłuższa seria zgodnych ruchów: 81
