polityka: lookahead-ntuple (źródło: argv)
reset(seed='36756381290')
log ruchów: bridge-out/moves.jsonl
ruch 0: slot 2 -> (5,2) wynik 1706 OK
ruch 1: slot 0 -> (3,1) wynik 170 OK
ruch 2: slot 1 -> (7,3) wynik 17414 OK
ruch 3: slot 2 -> (2,3) wynik 1768 OK
ruch 4: slot 1 -> (5,0) wynik 17690 OK
ruch 5: slot 0 -> (5,2) wynik 1732 OK
ruch 6: slot 1 -> (5,2) wynik 1753 OK
ruch 7: slot 0 -> (5,4) wynik 1723 OK
ruch 8: slot 2 -> (0,4) wynik 171076 OK
ruch 9: slot 0 -> (0,0) wynik 1719860 OK
ruch 10: slot 2 -> (0,3) wynik 17358 OK
ruch 11: slot 1 -> (1,6) wynik 171062 OK
ruch 12: slot 0 -> (1,5) wynik 177085 OK
ruch 13: slot 1 -> (4,2) wynik 17750 OK
ruch 14: slot 2 -> (5,6) wynik 1781 OK
ruch 15: slot 1 -> (7,1) wynik 171067 OK
ruch 16: slot 2 -> (5,3) wynik 17940 OK
ruch 17: slot 0 -> (1,4) wynik 17744 OK
ruch 18: slot 1 -> (1,1) wynik 1771 OK
ruch 19: slot 0 -> (2,2) wynik 17250 OK
ruch 20: slot 2 -> (4,0) wynik 17276 OK
ruch 21: slot 2 -> (2,0) wynik 17383 OK
ruch 22: slot 0 -> (2,5) wynik 17276 OK
ruch 23: slot 1 -> (1,1) wynik 1780 OK
ruch 24: slot 2 -> (0,0) wynik 17209 OK
ruch 25: slot 0 -> (5,0) wynik 17904 OK
ruch 26: slot 1 -> (7,4) wynik 17908 OK
ruch 27: slot 0 -> (2,2) wynik 1734 OK
ruch 28: slot 1 -> (1,3) wynik 179938 OK
ruch 29: slot 2 -> (5,2) wynik 1769 OK
ruch 30: slot 0 -> (3,0) wynik 17976 OK
ruch 31: slot 1 -> (3,3) wynik 8 OK
ruch 32: slot 2 -> (2,5) wynik 1718 OK
ruch 33: slot 1 -> (4,7) wynik 179421 OK
ruch 34: slot 0 -> (4,6) wynik 17352 OK
ruch 35: slot 2 -> (1,6) wynik 17393 OK
ruch 36: slot 0 -> (1,0) wynik 1718 OK
ruch 37: slot 1 -> (4,3) wynik 1722 OK
ruch 38: slot 2 -> (0,3) wynik 1726 OK
ruch 39: slot 1 -> (0,1) wynik 1756 OK
ruch 40: slot 0 -> (3,1) wynik 1746 OK
ruch 41: slot 2 -> (2,2) wynik 17550 OK
ruch 42: slot 1 -> (2,4) wynik 173943 OK
ruch 43: slot 0 -> (1,0) wynik 173080 OK
ruch 44: slot 2 -> (3,6) wynik 174913 OK
ruch 45: slot 2 -> (2,4) wynik 174258 OK
ruch 46: slot 1 -> (3,0) wynik 17462 OK
ruch 47: slot 0 -> (0,3) wynik 17466 OK
ruch 48: slot 1 -> (3,4) wynik 1746 OK
ruch 49: slot 2 -> (6,3) wynik 17450 OK
ruch 50: slot 0 -> (2,2) wynik 17485 OK
ruch 51: slot 0 -> (0,0) wynik 17440 OK
ruch 52: slot 2 -> (0,5) wynik 1744 OK
ruch 53: slot 1 -> (0,3) wynik 17488 OK
ruch 54: slot 2 -> (5,3) wynik 17772 OK
ruch 55: slot 1 -> (5,2) wynik 177838 OK
ruch 56: slot 0 -> (2,5) wynik 17742 OK
ruch 57: slot 2 -> (4,1) wynik 17788 OK
ruch 58: slot 0 -> (3,3) wynik 17890 OK
ruch 59: slot 1 -> (0,4) wynik 1774 OK
ruch 60: slot 0 -> (5,0) wynik 174416 OK
ruch 61: slot 1 -> (5,4) wynik 178900 OK
ruch 62: slot 2 -> (1,5) wynik 17433 OK
ruch 63: slot 1 -> (4,4) wynik 17932 OK
ruch 64: slot 2 -> (5,5) wynik 17936 OK
ruch 65: slot 0 -> (5,4) wynik 17976 OK
ruch 66: slot 2 -> (6,4) wynik 17907 OK
ruch 67: slot 0 -> (5,6) wynik 1714 OK
ruch 68: slot 1 -> (2,4) wynik 1738 OK
ruch 69: slot 0 -> (0,2) wynik 1864 OK
ruch 70: slot 1 -> (0,4) wynik 18668 OK
ruch 71: slot 2 -> (1,0) wynik 1817 OK
ruch 72: slot 1 -> (0,0) wynik 1824 OK
ruch 73: slot 2 -> (5,2) wynik 1828 OK
ruch 74: slot 0 -> (4,3) wynik 1878 OK
ruch 75: slot 2 -> (2,2) wynik 1890 OK
ruch 76: slot 1 -> (0,3) wynik 1894 OK
ruch 77: slot 0 -> (0,6) wynik 1898 OK
ruch 78: slot 0 -> (0,5) wynik 183990 OK
ruch 79: slot 2 -> (1,7) wynik 183966 OK
ruch 80: slot 1 -> (1,1) wynik 182070 OK
ruch 81: slot 2 -> (1,4) wynik 183043 OK
ruch 82: slot 0 -> (0,3) wynik 18388 OK
ruch 83: slot 1 -> (7,0) wynik 183999 OK
ruch 84: slot 0 -> (2,5) wynik 184402 OK
ruch 85: slot 2 -> (1,4) wynik 184006 OK
ruch 86: slot 1 -> (5,0) wynik 18452 OK
ruch 87: slot 2 -> (0,0) wynik 18498 OK
ruch 88: slot 1 -> (2,0) wynik 184902 OK
ruch 89: slot 0 -> (1,1) wynik 184848 OK
ruch 90: slot 2 -> (2,2) wynik 184947 OK
ruch 91: slot 1 -> (3,4) wynik 18500 OK
ruch 92: slot 0 -> (2,0) wynik 185904 OK
ruch 93: slot 0 -> (3,1) wynik 185048 OK
ruch 94: slot 1 -> (3,2) wynik 1814 OK
ruch 95: slot 2 -> (4,5) wynik 184718 OK
ruch 96: slot 1 -> (0,4) wynik 1880 OK
ruch 97: slot 2 -> (6,4) wynik 1884 OK
ruch 98: slot 0 -> (1,6) wynik 1895 OK
ruch 99: slot 1 -> (3,1) wynik 18456 OK
ruch 100: slot 0 -> (4,4) wynik 18460 OK
ruch 101: slot 2 -> (5,5) wynik 186925 OK
ruch 102: slot 0 -> (2,0) wynik 18722 OK
ruch 103: slot 1 -> (0,0) wynik 18726 OK
ruch 104: slot 2 -> (5,0) wynik 18730 OK
ruch 105: slot 0 -> (4,1) wynik 18371 OK
ruch 106: slot 1 -> (3,4) wynik 184813 OK
ruch 107: slot 2 -> (6,0) wynik 18870 OK
ruch 108: slot 2 -> (1,1) wynik 18865 OK
ruch 109: slot 1 -> (6,4) wynik 188836 OK
ruch 110: slot 0 -> (4,2) wynik 189923 OK
ruch 111: slot 1 -> (2,5) wynik 18960 OK
ruch 112: slot 0 -> (5,6) wynik 193939 OK
ruch 113: slot 2 -> (5,5) wynik 193985 OK
ruch 114: slot 2 -> (5,0) wynik 1964 OK
ruch 115: slot 0 -> (0,0) wynik 1939905 OK
ruch 116: slot 1 -> (7,4) wynik 19357 OK
ruch 117: slot 2 -> (2,6) wynik 1939 OK
ruch 118: slot 1 -> (3,0) wynik 19303 OK
ruch 119: slot 0 -> (6,1) wynik 19356 OK
ruch 120: slot 1 -> (0,4) wynik 19462 OK
ruch 121: slot 0 -> (2,3) wynik 194805 OK
ruch 122: slot 2 -> (5,3) wynik 1949809 OK
ruch 123: slot 1 -> (3,4) wynik 194883 OK
ruch 124: slot 0 -> (3,0) wynik 1921 OK
ruch 125: slot 2 -> (0,6) wynik 19586 OK
ruch 126: slot 2 -> (6,5) wynik 193839 OK
ruch 127: slot 1 -> (5,2) wynik 199943 OK
ruch 128: slot 0 -> (3,4) wynik 193847 OK
ruch 129: slot 2 -> (5,4) wynik 19507 OK
ruch 130: slot 1 -> (0,3) wynik 1971 OK
ruch 131: slot 0 -> (3,4) wynik 1916 OK
ruch 132: slot 1 -> (2,0) wynik 19401 OK
ruch 133: slot 0 -> (1,3) wynik 19405 OK
ruch 134: slot 2 -> (1,1) wynik 194672 OK
ruch 135: slot 1 -> (2,6) wynik 1941 OK
ruch 136: slot 0 -> (0,4) wynik 193945 OK
ruch 137: slot 2 -> (2,5) wynik 197654 OK
ruch 138: slot 0 -> (3,0) wynik 19935 OK
ruch 139: slot 1 -> (2,3) wynik 19898 OK
ruch 140: slot 2 -> (3,6) wynik 199935 OK
ruch 141: slot 0 -> (2,0) wynik 19944 OK
ruch 142: slot 1 -> (2,3) wynik 199948 OK
ruch 143: slot 2 -> (1,5) wynik 19955 OK
ruch 144: slot 1 -> (4,0) wynik 204585 OK
ruch 145: slot 2 -> (4,7) wynik 2063 OK
ruch 146: slot 0 -> (6,4) wynik 266113 OK
ruch 147: slot 0 -> (4,4) wynik 2087 OK
ruch 148: slot 2 -> (4,2) wynik 209833 OK
ruch 149: slot 1 -> (1,3) wynik 209084 OK
najdłuższa seria zgodnych ruchów: 150
