polityka: lookahead-ntuple (źródło: argv)
reset(seed='36756381290')
log ruchów: bridge-out/moves.jsonl
ruch 0: slot 2 -> (4,1) wynik 1124408 OK
ruch 1: slot 1 -> (6,1) wynik 1124769 OK
ruch 2: slot 0 -> (5,1) wynik 11239961 OK
ruch 3: slot 0 -> (2,4) wynik 11330 OK
ruch 4: slot 1 -> (1,0) wynik 113934 OK
ruch 5: slot 2 -> (2,1) wynik 113938 OK
ruch 6: slot 0 -> (3,4) wynik 113117 OK
ruch 7: slot 2 -> (2,0) wynik 1137174 OK
ruch 8: slot 1 -> (3,0) wynik 1133903 OK
ruch 9: slot 1 -> (1,0) wynik 11412 OK
ruch 10: slot 2 -> (0,5) wynik 1149832 OK
ruch 11: slot 0 -> (1,1) wynik 1149836 OK
ruch 12: slot 0 -> (3,3) wynik 1144940 OK
ruch 13: slot 1 -> (1,6) wynik 11439826 OK
ruch 14: slot 2 -> (4,3) wynik 75 OK
ruch 15: slot 2 -> (2,2) wynik 11522 OK
ruch 16: slot 1 -> (1,3) wynik 115526 OK
ruch 17: slot 0 -> (0,1) wynik 11526 OK
ruch 18: slot 2 -> (4,1) wynik 1154291 OK
ruch 19: slot 1 -> (3,5) wynik 1153232 OK
ruch 20: slot 0 -> (0,2) wynik 115300 OK
ruch 21: slot 2 -> (2,3) wynik 11646 OK
ruch 22: slot 0 -> (1,5) wynik 116982 OK
ruch 23: slot 1 -> (4,5) wynik 1164868 OK
ruch 24: slot 0 -> (6,3) wynik 116836 OK
ruch 25: slot 2 -> (5,3) wynik 11639194 OK
ruch 26: slot 1 -> (6,5) wynik 117522 OK
ruch 27: slot 0 -> (7,0) wynik 117526 OK
ruch 28: slot 2 -> (0,1) wynik 117530 OK
OCR: 
ruch 29: slot 1 -> (2,1) wynik None OK
ruch 30: slot 1 -> (3,6) wynik 117871 OK
ruch 31: slot 0 -> (4,3) wynik 1179872 OK
ruch 32: slot 2 -> (3,0) wynik 1179212 OK
ruch 33: slot 0 -> (4,0) wynik 11739550 OK
ruch 34: slot 2 -> (2,2) wynik 118562 OK
ruch 35: slot 1 -> (5,1) wynik 118967 OK
ruch 36: slot 2 -> (3,4) wynik 1184820 OK
ruch 37: slot 1 -> (0,4) wynik 1183276 OK
ruch 38: slot 0 -> (0,4) wynik 1183750 OK
ruch 39: slot 0 -> (7,1) wynik 119544 OK
ruch 40: slot 1 -> (4,3) wynik 119814 OK
ruch 41: slot 2 -> (0,4) wynik 1199018 OK
ruch 42: slot 2 -> (3,3) wynik 1199892 OK
ruch 43: slot 1 -> (3,5) wynik 11939898 OK
ruch 44: slot 0 -> (3,0) wynik 1193402 OK
ruch 45: slot 0 -> (7,4) wynik 119691 OK
ruch 46: slot 1 -> (3,0) wynik 126881 OK
ruch 47: slot 2 -> (6,5) wynik 120572 OK
ruch 48: slot 1 -> (6,0) wynik 1209576 OK
ruch 49: slot 2 -> (6,3) wynik 120582 OK
ruch 50: slot 0 -> (5,4) wynik 1209993 OK
ruch 51: slot 0 -> (1,6) wynik 12758 OK
ruch 52: slot 1 -> (3,4) wynik 1214892 OK
ruch 53: slot 2 -> (3,0) wynik 12136 OK
ruch 54: slot 0 -> (3,6) wynik 1213808 OK
ruch 55: slot 2 -> (3,2) wynik 1219153 OK
ruch 56: slot 1 -> (2,5) wynik 12242 OK
ruch 57: slot 2 -> (1,3) wynik 122656 OK
ruch 58: slot 0 -> (1,0) wynik 122660 OK
ruch 59: slot 1 -> (1,0) wynik 1229075 OK
ruch 60: slot 0 -> (1,3) wynik 122402 OK
ruch 61: slot 1 -> (1,5) wynik 12330 OK
ruch 62: slot 2 -> (1,0) wynik 12334 OK
ruch 63: slot 0 -> (1,4) wynik 1239881 OK
ruch 64: slot 1 -> (1,2) wynik 123980 OK
ruch 65: slot 2 -> (0,0) wynik 1234984 OK
ruch 66: slot 1 -> (0,2) wynik 1234435 OK
ruch 67: slot 0 -> (1,4) wynik 1230850 OK
ruch 68: slot 2 -> (0,0) wynik 1244890 OK
ruch 69: slot 1 -> (1,0) wynik 1244894 OK
ruch 70: slot 0 -> (4,1) wynik 1249683 OK
ruch 71: slot 2 -> (3,5) wynik 1269710 OK
ruch 72: slot 0 -> (3,1) wynik 126957 OK
ruch 73: slot 2 -> (2,0) wynik 1266192 OK
ruch 74: slot 1 -> (2,6) wynik 126196 OK
ruch 75: slot 2 -> (3,6) wynik 126443 OK
ruch 76: slot 0 -> (3,0) wynik 126684 OK
ruch 77: slot 1 -> (2,4) wynik 1269688 OK
ruch 78: slot 0 -> (4,0) wynik 12740 OK
ruch 79: slot 1 -> (2,4) wynik 127182 OK
ruch 80: slot 2 -> (1,2) wynik 127535 OK
ruch 81: slot 2 -> (1,0) wynik 1279241 OK
ruch 82: slot 0 -> (2,2) wynik 128184 OK
ruch 83: slot 1 -> (1,5) wynik 128188 OK
ruch 84: slot 0 -> (5,0) wynik 128647 OK
ruch 85: slot 1 -> (5,5) wynik 128700 OK
ruch 86: slot 2 -> (5,5) wynik 1289230 OK
ruch 87: slot 1 -> (0,6) wynik 1289218 OK
ruch 88: slot 0 -> (0,2) wynik 1280714 OK
ruch 89: slot 2 -> (5,6) wynik 129235 OK
ruch 90: slot 0 -> (3,0) wynik 1299268 OK
ruch 91: slot 1 -> (2,5) wynik 129272 OK
ruch 92: slot 2 -> (2,0) wynik 129628 OK
ruch 93: slot 1 -> (2,3) wynik 1299808 OK
ruch 94: slot 2 -> (2,6) wynik 129808 OK
ruch 95: slot 0 -> (0,6) wynik 130854 OK
ruch 96: slot 0 -> (4,3) wynik 1309858 OK
ruch 97: slot 1 -> (0,4) wynik 130154 OK
ruch 98: slot 2 -> (5,3) wynik 1300613 OK
ruch 99: slot 1 -> (5,6) wynik 1319014 OK
ruch 100: slot 0 -> (0,6) wynik 13199920 OK
ruch 101: slot 2 -> (1,2) wynik 13199879 OK
ruch 102: slot 2 -> (5,3) wynik 131906 OK
ruch 103: slot 1 -> (4,5) wynik 1319154 OK
ruch 104: slot 0 -> (6,0) wynik 1319158 OK
ruch 105: slot 0 -> (1,4) wynik 131990 OK
ruch 106: slot 1 -> (0,0) wynik 132736 OK
ruch 107: slot 2 -> (0,6) wynik 132169 OK
ruch 108: slot 2 -> (5,0) wynik 132820 OK
ruch 109: slot 1 -> (5,6) wynik 1320661 OK
ruch 110: slot 0 -> (2,1) wynik 133268 OK
ruch 111: slot 0 -> (6,1) wynik 133602 OK
ruch 112: slot 2 -> (5,5) wynik 133506 ROZBIEŻNOŚĆ
ruch 113: slot 1 -> (0,7) wynik 133510 ROZBIEŻNOŚĆ
ruch 114: slot 0 -> (4,4) wynik 133108 OK
ruch 115: slot 1 -> (5,5) wynik 1339112 OK
ruch 116: slot 2 -> (1,5) wynik 1339584 OK
ruch 117: slot 0 -> (3,4) wynik 1344860 OK
ruch 118: slot 1 -> (2,0) wynik 1349830 OK
ruch 119: slot 2 -> (2,2) wynik 134731 OK
ruch 120: slot 0 -> (0,6) wynik 134950 OK
ruch 121: slot 2 -> (2,5) wynik 1349954 OK
ruch 122: slot 1 -> (0,0) wynik 1349855 OK
ruch 123: slot 1 -> (1,3) wynik 1354580 OK
ruch 124: slot 0 -> (4,6) wynik 1359055 OK
ruch 125: slot 2 -> (0,5) wynik 135212 OK
ruch 126: slot 2 -> (1,1) wynik 1359615 OK
ruch 127: slot 1 -> (5,0) wynik 1354850 OK
ruch 128: slot 0 -> (7,4) wynik 1354290 OK
ruch 129: slot 2 -> (1,5) wynik 1369494 OK
ruch 130: slot 0 -> (0,3) wynik 136789 OK
ruch 131: slot 1 -> (0,1) wynik 136144 OK
ruch 132: slot 0 -> (5,0) wynik 1369512 OK
ruch 133: slot 1 -> (5,4) wynik 1364800 OK
ruch 134: slot 2 -> (3,0) wynik 1379315 OK
ruch 135: slot 0 -> (4,5) wynik 137462 OK
ruch 136: slot 1 -> (3,4) wynik 137905 OK
ruch 137: slot 2 -> (0,3) wynik 137132 OK
ruch 138: slot 2 -> (0,0) wynik 1379675 OK
ruch 139: slot 0 -> (0,4) wynik 138806 OK
ruch 140: slot 1 -> (5,3) wynik 1384824 OK
ruch 141: slot 2 -> (4,1) wynik 138486 OK
ruch 142: slot 1 -> (6,4) wynik 1389041 OK
ruch 143: slot 0 -> (7,1) wynik 138172 OK
ruch 144: slot 0 -> (0,0) wynik 138654 OK
ruch 145: slot 1 -> (4,2) wynik 139864 OK
ruch 146: slot 2 -> (6,1) wynik 139868 OK
ruch 147: slot 1 -> (6,0) wynik 1399814 OK
ruch 148: slot 2 -> (1,0) wynik 139666 OK
ruch 149: slot 0 -> (3,6) wynik 139828 OK
najdłuższa seria zgodnych ruchów: 112
