polityka: lookahead-ntuple (źródło: argv)
reset(seed='36756381290')
log ruchów: bridge-out/moves.jsonl
ruch 0: slot 2 -> (5,1) wynik 529875 OK
ruch 1: slot 0 -> (5,3) wynik 529879 OK
ruch 2: slot 1 -> (4,0) wynik 529883 OK
ruch 3: slot 0 -> (4,1) wynik 529598 OK
ruch 4: slot 1 -> (4,5) wynik 52817 OK
ruch 5: slot 2 -> (5,5) wynik 524572 OK
ruch 6: slot 2 -> (0,5) wynik 52450 OK
ruch 7: slot 0 -> (1,2) wynik 5299 OK
ruch 8: slot 1 -> (1,0) wynik 5203 OK
ruch 9: slot 2 -> (5,4) wynik 526881 OK
ruch 10: slot 0 -> (5,0) wynik 53155 OK
ruch 11: slot 1 -> (1,1) wynik 5393 OK
ruch 12: slot 1 -> (3,1) wynik 530113 OK
ruch 13: slot 0 -> (6,0) wynik 53117 OK
ruch 14: slot 2 -> (5,5) wynik 534977 OK
ruch 15: slot 0 -> (3,0) wynik 534077 OK
ruch 16: slot 1 -> (2,4) wynik 5347 OK
ruch 17: slot 2 -> (3,5) wynik 5367 OK
ruch 18: slot 0 -> (1,3) wynik 538823 OK
ruch 19: slot 1 -> (5,0) wynik 5327 OK
ruch 20: slot 2 -> (6,5) wynik 533 OK
ruch 21: slot 2 -> (3,2) wynik 538785 OK
ruch 22: slot 1 -> (6,1) wynik 54989 OK
ruch 23: slot 0 -> (5,2) wynik 54993 OK
ruch 24: slot 1 -> (0,6) wynik 549215 OK
ruch 25: slot 0 -> (2,2) wynik 549967 OK
ruch 26: slot 2 -> (0,0) wynik 549971 OK
ruch 27: slot 0 -> (2,4) wynik 544 OK
ruch 28: slot 1 -> (4,7) wynik 549971 OK
ruch 29: slot 2 -> (5,4) wynik 5454 OK
ruch 30: slot 2 -> (3,3) wynik 5477 OK
ruch 31: slot 0 -> (2,6) wynik 55044 OK
ruch 32: slot 1 -> (2,5) wynik 554905 OK
ruch 33: slot 0 -> (7,3) wynik 554009 OK
ruch 34: slot 2 -> (5,4) wynik 55413 OK
ruch 35: slot 1 -> (5,3) wynik 554079 OK
ruch 36: slot 2 -> (0,6) wynik 5537 OK
ruch 37: slot 0 -> (1,2) wynik 55041 OK
ruch 38: slot 1 -> (0,3) wynik 55428 OK
ruch 39: slot 1 -> (0,0) wynik 5571 OK
ruch 40: slot 0 -> (2,1) wynik 5603 OK
ruch 41: slot 2 -> (0,5) wynik 5630 OK
ruch 42: slot 1 -> (3,4) wynik 5645 OK
ruch 43: slot 0 -> (3,0) wynik 5689 OK
ruch 44: slot 2 -> (1,6) wynik 564458 OK
ruch 45: slot 0 -> (0,2) wynik 56243 OK
ruch 46: slot 2 -> (0,4) wynik 5647 OK
ruch 47: slot 1 -> (1,3) wynik 564197 OK
ruch 48: slot 1 -> (5,3) wynik 568653 OK
ruch 49: slot 0 -> (2,0) wynik 5769 OK
ruch 50: slot 2 -> (3,2) wynik 5773 OK
ruch 51: slot 2 -> (2,3) wynik 57524 OK
ruch 52: slot 0 -> (0,6) wynik 57714 OK
ruch 53: slot 1 -> (0,3) wynik 579519 OK
ruch 54: slot 1 -> (4,6) wynik 57792 OK
ruch 55: slot 0 -> (6,3) wynik 57403 OK
ruch 56: slot 2 -> (6,0) wynik 5707 OK
ruch 57: slot 0 -> (0,0) wynik 57093 OK
ruch 58: slot 1 -> (1,1) wynik 574597 OK
ruch 59: slot 2 -> (6,2) wynik 5768 OK
ruch 60: slot 1 -> (4,4) wynik 58793 OK
ruch 61: slot 0 -> (4,0) wynik 5897 OK
ruch 62: slot 2 -> (4,1) wynik 58952 OK
ruch 63: slot 2 -> (3,4) wynik 589657 OK
ruch 64: slot 0 -> (3,0) wynik 58115 OK
ruch 65: slot 1 -> (1,5) wynik 587830 OK
ruch 66: slot 0 -> (0,3) wynik 5835 OK
ruch 67: slot 1 -> (5,6) wynik 58939 OK
ruch 68: slot 2 -> (1,3) wynik 589075 OK
ruch 69: slot 1 -> (5,4) wynik 5965 OK
ruch 70: slot 2 -> (2,4) wynik 5902 OK
ruch 71: slot 0 -> (6,3) wynik 599197 OK
ruch 72: slot 0 -> (7,2) wynik 599887 OK
ruch 73: slot 1 -> (3,3) wynik 599771 OK
ruch 74: slot 2 -> (5,2) wynik 593975 OK
ruch 75: slot 1 -> (1,2) wynik 5914 OK
ruch 76: slot 2 -> (0,3) wynik 59925 OK
ruch 77: slot 0 -> (5,4) wynik 59929 OK
ruch 78: slot 0 -> (5,0) wynik 6004 OK
ruch 79: slot 2 -> (5,3) wynik 60985 OK
ruch 80: slot 1 -> (0,5) wynik 609804 OK
ruch 81: slot 2 -> (5,0) wynik 604247 OK
ruch 82: slot 0 -> (1,0) wynik 609251 OK
ruch 83: slot 1 -> (2,1) wynik 604578 OK
ruch 84: slot 0 -> (4,4) wynik 60657 OK
ruch 85: slot 2 -> (5,6) wynik 60589 OK
ruch 86: slot 1 -> (4,5) wynik 608853 OK
ruch 87: slot 2 -> (1,0) wynik 6165 OK
ruch 88: slot 0 -> (2,4) wynik 619051 OK
ruch 89: slot 1 -> (6,0) wynik 613938 OK
ruch 90: slot 0 -> (1,4) wynik 61943 OK
ruch 91: slot 1 -> (1,0) wynik 61947 OK
ruch 92: slot 2 -> (5,6) wynik 619413 OK
ruch 93: slot 0 -> (4,0) wynik 617045 OK
ruch 94: slot 2 -> (4,3) wynik 61749 OK
ruch 95: slot 1 -> (4,0) wynik 61738 OK
ruch 96: slot 0 -> (2,4) wynik 619985 OK
ruch 97: slot 1 -> (2,2) wynik 629559 OK
ruch 98: slot 2 -> (4,0) wynik 6299927 OK
ruch 99: slot 1 -> (0,1) wynik 629975 OK
ruch 100: slot 0 -> (2,2) wynik 629979 OK
ruch 101: slot 2 -> (1,0) wynik 629815 OK
ruch 102: slot 0 -> (5,1) wynik 62201 OK
ruch 103: slot 2 -> (5,5) wynik 62425 OK
ruch 104: slot 1 -> (5,1) wynik 62718 OK
ruch 105: slot 2 -> (5,2) wynik 630971 OK
ruch 106: slot 0 -> (4,0) wynik 639895 OK
ruch 107: slot 1 -> (0,0) wynik 639189 OK
ruch 108: slot 1 -> (4,3) wynik 6341 OK
ruch 109: slot 0 -> (4,4) wynik 6345 OK
ruch 110: slot 2 -> (2,2) wynik 635085 OK
ruch 111: slot 1 -> (2,0) wynik 63722 OK
ruch 112: slot 2 -> (2,1) wynik 636551 OK
ruch 113: slot 0 -> (3,4) wynik 630555 OK
ruch 114: slot 1 -> (0,6) wynik 6329 OK
ruch 115: slot 2 -> (1,5) wynik 6499935 OK
ruch 116: slot 0 -> (1,2) wynik 64185 OK
ruch 117: slot 0 -> (2,0) wynik 644370 OK
ruch 118: slot 1 -> (2,4) wynik 64461 OK
ruch 119: slot 2 -> (4,4) wynik 6460 OK
ruch 120: slot 2 -> (0,3) wynik 64743 OK
ruch 121: slot 0 -> (0,2) wynik 648975 OK
ruch 122: slot 1 -> (1,3) wynik 656931 OK
ruch 123: slot 2 -> (1,5) wynik 659035 OK
ruch 124: slot 1 -> (6,4) wynik 659825 OK
ruch 125: slot 0 -> (6,0) wynik 659829 OK
ruch 126: slot 1 -> (3,6) wynik 654525 OK
ruch 127: slot 0 -> (0,4) wynik 659835 OK
ruch 128: slot 2 -> (1,6) wynik 658230 OK
ruch 129: slot 1 -> (0,4) wynik 66239 OK
ruch 130: slot 2 -> (4,3) wynik 66243 OK
ruch 131: slot 0 -> (6,4) wynik 66177 OK
ruch 132: slot 2 -> (0,1) wynik 669899 OK
ruch 133: slot 1 -> (0,0) wynik 669881 OK
ruch 134: slot 0 -> (0,4) wynik 664885 OK
ruch 135: slot 1 -> (0,5) wynik 664214 OK
ruch 136: slot 2 -> (0,4) wynik 664215 OK
ruch 137: slot 0 -> (0,0) wynik 667568 OK
ruch 138: slot 0 -> (4,1) wynik 669854 OK
ruch 139: slot 2 -> (2,0) wynik 6789 OK
ruch 140: slot 1 -> (4,6) wynik 67893 OK
ruch 141: slot 1 -> (2,2) wynik 674407 OK
ruch 142: slot 2 -> (6,1) wynik 679671 OK
ruch 143: slot 0 -> (0,3) wynik 67595 OK
ruch 144: slot 1 -> (1,2) wynik 67857 OK
ruch 145: slot 2 -> (0,2) wynik 6755 OK
ruch 146: slot 0 -> (5,2) wynik 67959 OK
ruch 147: slot 2 -> (4,3) wynik 6722 OK
ruch 148: slot 0 -> (6,4) wynik 6885 OK
ruch 149: slot 1 -> (1,4) wynik 689593 OK
najdłuższa seria zgodnych ruchów: 150
