polityka: lookahead-ntuple (źródło: argv)
reset(seed='36756381290')
log ruchów: bridge-out/moves.jsonl
ruch 0: slot 2 -> (5,3) wynik 26407 OK
ruch 1: slot 1 -> (0,0) wynik 26411 OK
ruch 2: slot 2 -> (0,3) wynik 26415 OK
ruch 3: slot 0 -> (2,3) wynik 26419 OK
ruch 4: slot 2 -> (1,2) wynik 26462 OK
ruch 5: slot 1 -> (1,4) wynik 26865 OK
ruch 6: slot 0 -> (0,3) wynik 27371 OK
ruch 7: slot 0 -> (1,4) wynik 27817 OK
ruch 8: slot 2 -> (0,0) wynik 28227 OK
ruch 9: slot 1 -> (4,3) wynik 28272 OK
ruch 10: slot 0 -> (1,0) wynik 28697 OK
ruch 11: slot 2 -> (0,5) wynik 28701 OK
ruch 12: slot 1 -> (0,1) wynik 28775 OK
ruch 13: slot 0 -> (3,4) wynik 29177 OK
ruch 14: slot 1 -> (3,0) wynik 29181 OK
ruch 15: slot 2 -> (4,1) wynik 29237 OK
ruch 16: slot 1 -> (7,0) wynik 29663 OK
ruch 17: slot 0 -> (3,1) wynik 29667 OK
ruch 18: slot 2 -> (1,1) wynik 29671 OK
ruch 19: slot 1 -> (1,0) wynik 29828 OK
ruch 20: slot 2 -> (5,2) wynik 30639 OK
ruch 21: slot 0 -> (3,0) wynik 30706 OK
ruch 22: slot 2 -> (0,0) wynik 31177 OK
ruch 23: slot 0 -> (5,0) wynik 31629 OK
ruch 24: slot 1 -> (2,0) wynik 31633 OK
ruch 25: slot 1 -> (4,0) wynik 31637 OK
ruch 26: slot 0 -> (2,0) wynik 32139 OK
ruch 27: slot 2 -> (3,2) wynik 32143 OK
ruch 28: slot 0 -> (5,6) wynik 32351 OK
ruch 29: slot 1 -> (1,3) wynik 33171 OK
ruch 30: slot 2 -> (2,5) wynik 33175 OK
ruch 31: slot 1 -> (4,5) wynik 33179 OK
ruch 32: slot 0 -> (6,2) wynik 33699 OK
ruch 33: slot 2 -> (0,1) wynik 33765 OK
ruch 34: slot 1 -> (7,2) wynik 34229 OK
ruch 35: slot 2 -> (3,2) wynik 34233 OK
ruch 36: slot 0 -> (4,4) wynik 34279 OK
ruch 37: slot 1 -> (4,0) wynik 34971 OK
ruch 38: slot 2 -> (4,5) wynik 35307 OK
ruch 39: slot 0 -> (4,5) wynik 35364 OK
ruch 40: slot 0 -> (2,3) wynik 35854 OK
ruch 41: slot 2 -> (5,2) wynik 35858 OK
ruch 42: slot 1 -> (3,4) wynik 36490 OK
ruch 43: slot 0 -> (2,2) wynik 36964 OK
ruch 44: slot 1 -> (1,5) wynik 36968 OK
ruch 45: slot 2 -> (2,1) wynik 37027 OK
ruch 46: slot 1 -> (0,3) wynik 37612 OK
ruch 47: slot 0 -> (5,5) wynik 38102 OK
ruch 48: slot 2 -> (2,5) wynik 38106 OK
ruch 49: slot 2 -> (3,2) wynik 38178 OK
ruch 50: slot 0 -> (3,7) wynik 38758 OK
ruch 51: slot 1 -> (4,3) wynik 39264 OK
ruch 52: slot 0 -> (3,0) wynik 39268 OK
ruch 53: slot 2 -> (2,5) wynik 39347 OK
ruch 54: slot 1 -> (4,5) wynik 40063 OK
ruch 55: slot 1 -> (1,2) wynik 40450 OK
ruch 56: slot 2 -> (0,5) wynik 40454 OK
ruch 57: slot 0 -> (2,0) wynik 40698 OK
ruch 58: slot 1 -> (1,5) wynik 41662 OK
ruch 59: slot 0 -> (2,3) wynik 41666 OK
ruch 60: slot 2 -> (2,3) wynik 41748 OK
ruch 61: slot 1 -> (3,0) wynik 42353 OK
ruch 62: slot 2 -> (3,6) wynik 42896 OK
ruch 63: slot 0 -> (4,3) wynik 42980 OK
ruch 64: slot 2 -> (1,3) wynik 43522 OK
ruch 65: slot 1 -> (2,0) wynik 43526 OK
ruch 66: slot 0 -> (2,5) wynik 43530 OK
ruch 67: slot 0 -> (2,3) wynik 43608 OK
ruch 68: slot 1 -> (3,1) wynik 44162 OK
ruch 69: slot 2 -> (6,3) wynik 44166 OK
ruch 70: slot 2 -> (4,2) wynik 44245 OK
ruch 71: slot 0 -> (4,4) wynik 44804 OK
ruch 72: slot 1 -> (0,2) wynik 44903 OK
ruch 73: slot 1 -> (4,2) wynik 45448 OK
ruch 74: slot 2 -> (2,0) wynik 45452 OK
ruch 75: slot 0 -> (4,5) wynik 454536 OK
ruch 76: slot 2 -> (6,5) wynik 435729 OK
ruch 77: slot 0 -> (4,4) wynik 46748 ROZBIEŻNOŚĆ
ruch 78: slot 1 -> (3,4) wynik 46752 ROZBIEŻNOŚĆ
ruch 79: slot 1 -> (7,1) wynik 47482 OK
ruch 80: slot 0 -> (3,1) wynik 48062 OK
ruch 81: slot 2 -> (1,1) wynik 48066 OK
ruch 82: slot 0 -> (2,5) wynik 48730 OK
ruch 83: slot 1 -> (2,1) wynik 49400 OK
ruch 84: slot 2 -> (0,1) wynik 49645 OK
ruch 85: slot 0 -> (1,2) wynik 90080 OK
ruch 86: slot 2 -> (1,4) wynik 90084 OK
ruch 87: slot 1 -> (0,4) wynik 90169 OK
ruch 88: slot 0 -> (2,0) wynik 91073 OK
ruch 89: slot 1 -> (3,3) wynik 92154 OK
ruch 90: slot 2 -> (3,5) wynik 92158 OK
ruch 91: slot 1 -> (0,0) wynik 92252 OK
ruch 92: slot 0 -> (5,0) wynik 92862 OK
ruch 93: slot 2 -> (3,1) wynik 92866 OK
ruch 94: slot 2 -> (6,2) wynik 52940 OK
ruch 95: slot 0 -> (7,3) wynik 93653 OK
ruch 96: slot 1 -> (3,2) wynik 94288 OK
ruch 97: slot 1 -> (4,0) wynik 94356 OK
ruch 98: slot 2 -> (4,2) wynik 95010 OK
ruch 99: slot 0 -> (3,3) wynik 95014 OK
ruch 100: slot 2 -> (5,5) wynik 95018 OK
ruch 101: slot 1 -> (4,3) wynik 95843 ROZBIEŻNOŚĆ
ruch 102: slot 0 -> (3,4) wynik 96472 ROZBIEŻNOŚĆ
ruch 103: slot 1 -> (0,2) wynik 57208 OK
ruch 104: slot 0 -> (2,0) wynik 97212 OK
ruch 105: slot 2 -> (0,4) wynik 97216 OK
ruch 106: slot 0 -> (0,6) wynik 97330 OK
ruch 107: slot 1 -> (4,5) wynik 97962 OK
ruch 108: slot 2 -> (5,5) wynik 97966 OK
ruch 109: slot 0 -> (3,6) wynik 98714 OK
ruch 110: slot 2 -> (0,6) wynik 98718 OK
ruch 111: slot 1 -> (0,6) wynik 98812 OK
ruch 112: slot 1 -> (6,0) wynik 59476 OK
ruch 113: slot 0 -> (4,0) wynik 99480 OK
ruch 114: slot 2 -> (0,0) wynik 59484 OK
ruch 115: slot 0 -> (5,6) wynik 99775 OK
ruch 116: slot 2 -> (6,1) wynik 60248 ROZBIEŻNOŚĆ
ruch 117: slot 1 -> (5,1) wynik 60252 ROZBIEŻNOŚĆ
ruch 118: slot 1 -> (2,3) wynik 61018 ROZBIEŻNOŚĆ
ruch 119: slot 0 -> (6,4) wynik 61790 OK
ruch 120: slot 2 -> (3,6) wynik 61910 OK
ruch 121: slot 0 -> (2,5) wynik 62673 OK
ruch 122: slot 1 -> (6,2) wynik 63356 OK
ruch 123: slot 2 -> (1,0) wynik 63360 OK
ruch 124: slot 1 -> (5,3) wynik 63601 OK
ruch 125: slot 0 -> (5,2) wynik 64952 OK
ruch 126: slot 2 -> (5,0) wynik 64956 OK
ruch 127: slot 1 -> (5,0) wynik 65039 OK
ruch 128: slot 2 -> (2,0) wynik 65762 OK
ruch 129: slot 0 -> (2,1) wynik 65766 OK
ruch 130: slot 2 -> (3,4) wynik 66655 OK
ruch 131: slot 0 -> (0,1) wynik 67388 OK
ruch 132: slot 1 -> (4,0) wynik 67392 OK
ruch 133: slot 2 -> (1,0) wynik 67741 OK
ruch 134: slot 0 -> (0,4) wynik 69044 OK
ruch 135: slot 1 -> (6,1) wynik 69155 OK
ruch 136: slot 0 -> (3,1) wynik 69880 OK
ruch 137: slot 1 -> (1,1) wynik 69884 OK
ruch 138: slot 2 -> (3,3) wynik 70004 OK
ruch 139: slot 0 -> (4,5) wynik 70726 OK
ruch 140: slot 2 -> (4,0) wynik 70730 OK
ruch 141: slot 1 -> (3,0) wynik 70876 OK
ruch 142: slot 2 -> (2,3) wynik 71687 OK
ruch 143: slot 1 -> (1,4) wynik 72504 OK
ruch 144: slot 0 -> (0,0) wynik 73284 OK
ruch 145: slot 2 -> (0,0) wynik 73425 OK
ruch 146: slot 1 -> (1,2) wynik 74150 OK
ruch 147: slot 0 -> (1,6) wynik 74154 OK
ruch 148: slot 0 -> (2,0) wynik 74278 OK
ruch 149: slot 2 -> (1,0) wynik 73026 OK
najdłuższa seria zgodnych ruchów: 77
