polityka: lookahead-ntuple (źródło: argv)
reset(seed='36756381290')
log ruchów: bridge-out/moves.jsonl
ruch 0: slot 1 -> (6,3) wynik 191865 OK
ruch 1: slot 2 -> (1,4) wynik 1914920 OK
ruch 2: slot 2 -> (0,6) wynik 19139835 OK
ruch 3: slot 1 -> (2,0) wynik 1913947 OK
ruch 4: slot 0 -> (2,1) wynik 1919751 OK
ruch 5: slot 2 -> (2,5) wynik 1913808 OK
ruch 6: slot 1 -> (2,3) wynik 191203 OK
ruch 7: slot 0 -> (4,3) wynik 1918207 OK
ruch 8: slot 2 -> (5,5) wynik 1919251 OK
ruch 9: slot 0 -> (2,0) wynik 191565 OK
ruch 10: slot 1 -> (1,5) wynik 191125 OK
ruch 11: slot 1 -> (5,3) wynik 191184 OK
ruch 12: slot 0 -> (6,0) wynik 1919595 OK
ruch 13: slot 2 -> (5,6) wynik 191599 OK
ruch 14: slot 2 -> (0,3) wynik 191549 OK
ruch 15: slot 0 -> (1,0) wynik 192075 OK
ruch 16: slot 1 -> (2,0) wynik 1929145 OK
ruch 17: slot 2 -> (2,5) wynik 192657 OK
ruch 18: slot 1 -> (3,5) wynik 192623 OK
ruch 19: slot 0 -> (7,4) wynik 1924103 OK
ruch 20: slot 1 -> (5,0) wynik 192535 OK
ruch 21: slot 0 -> (0,5) wynik 1929578 OK
ruch 22: slot 2 -> (4,5) wynik 1929035 OK
ruch 23: slot 1 -> (5,3) wynik 1924039 OK
ruch 24: slot 0 -> (1,3) wynik 192043 OK
ruch 25: slot 2 -> (4,3) wynik 192645 OK
ruch 26: slot 2 -> (6,4) wynik 192599 OK
ruch 27: slot 1 -> (5,6) wynik 19113 OK
ruch 28: slot 0 -> (5,4) wynik 192622 OK
ruch 29: slot 2 -> (0,5) wynik 192091 OK
ruch 30: slot 1 -> (5,0) wynik 192157 OK
ruch 31: slot 0 -> (4,4) wynik 192621 OK
ruch 32: slot 1 -> (1,6) wynik 192661 OK
ruch 33: slot 0 -> (2,2) wynik 192157 OK
ruch 34: slot 2 -> (3,5) wynik 1924230 OK
ruch 35: slot 2 -> (5,2) wynik 192699 OK
ruch 36: slot 1 -> (2,2) wynik 192703 OK
ruch 37: slot 0 -> (4,0) wynik 192707 OK
ruch 38: slot 1 -> (0,1) wynik 1929321 OK
ruch 39: slot 0 -> (3,1) wynik 1929803 OK
ruch 40: slot 2 -> (5,2) wynik 192807 OK
ruch 41: slot 1 -> (5,1) wynik 1929671 OK
ruch 42: slot 0 -> (3,1) wynik 19239428 OK
ruch 43: slot 2 -> (1,0) wynik 19229 OK
ruch 44: slot 0 -> (1,1) wynik 192989 OK
ruch 45: slot 1 -> (0,4) wynik 192501 OK
ruch 46: slot 2 -> (4,4) wynik 192556 OK
ruch 47: slot 1 -> (1,2) wynik 192079 OK
ruch 48: slot 2 -> (0,6) wynik 1929083 OK
ruch 49: slot 0 -> (0,0) wynik 192161 OK
ruch 50: slot 1 -> (5,6) wynik 1929667 OK
ruch 51: slot 2 -> (6,0) wynik 1920671 OK
ruch 52: slot 0 -> (6,4) wynik 192709 OK
ruch 53: slot 1 -> (5,2) wynik 193261 OK
ruch 54: slot 0 -> (2,3) wynik 193265 OK
ruch 55: slot 2 -> (4,1) wynik 193827 OK
ruch 56: slot 2 -> (1,4) wynik 193932 OK
ruch 57: slot 0 -> (2,0) wynik 193459 OK
ruch 58: slot 1 -> (2,6) wynik 193463 OK
ruch 59: slot 2 -> (1,1) wynik 19397 OK
ruch 60: slot 1 -> (5,0) wynik 1934758 OK
ruch 61: slot 0 -> (4,6) wynik 193801 OK
ruch 62: slot 0 -> (5,3) wynik 193923 OK
ruch 63: slot 2 -> (5,0) wynik 193927 OK
ruch 64: slot 1 -> (5,2) wynik 193999 OK
ruch 65: slot 2 -> (3,4) wynik 193634 OK
ruch 66: slot 0 -> (3,0) wynik 1930193 OK
ruch 67: slot 1 -> (4,0) wynik 193273 OK
ruch 68: slot 1 -> (6,1) wynik 193837 OK
ruch 69: slot 2 -> (6,4) wynik 193843 OK
ruch 70: slot 0 -> (3,0) wynik 1939913 OK
ruch 71: slot 0 -> (7,4) wynik 193559 OK
ruch 72: slot 2 -> (7,0) wynik 193147 OK
ruch 73: slot 1 -> (4,5) wynik 193209 OK
ruch 74: slot 2 -> (4,6) wynik 193861 OK
ruch 75: slot 0 -> (3,4) wynik 193646 OK
ruch 76: slot 1 -> (3,1) wynik 193143 OK
ruch 77: slot 1 -> (1,0) wynik 1939214 OK
ruch 78: slot 2 -> (3,3) wynik 1939823 OK
ruch 79: slot 0 -> (3,4) wynik 1930915 OK
ruch 80: slot 0 -> (2,4) wynik 194509 OK
ruch 81: slot 1 -> (2,1) wynik 1949513 OK
ruch 82: slot 2 -> (2,1) wynik 1949612 OK
ruch 83: slot 0 -> (1,1) wynik 194287 OK
ruch 84: slot 2 -> (1,5) wynik 1946899 OK
ruch 85: slot 1 -> (0,0) wynik 194903 OK
ruch 86: slot 1 -> (5,4) wynik 1949603 OK
ruch 87: slot 2 -> (4,5) wynik 194607 OK
ruch 88: slot 0 -> (5,0) wynik 194611 OK
ruch 89: slot 2 -> (0,6) wynik 1949699 OK
ruch 90: slot 0 -> (1,2) wynik 1949321 OK
ruch 91: slot 1 -> (1,3) wynik 194417 OK
ruch 92: slot 2 -> (6,5) wynik 194037 OK
ruch 93: slot 1 -> (6,0) wynik 194755 OK
ruch 94: slot 0 -> (1,0) wynik 194838 OK
ruch 95: slot 0 -> (2,1) wynik 194483 OK
ruch 96: slot 1 -> (1,5) wynik 1949487 OK
ruch 97: slot 2 -> (1,6) wynik 194556 OK
ruch 98: slot 2 -> (0,2) wynik 194294 OK
ruch 99: slot 0 -> (0,5) wynik 194959 OK
ruch 100: slot 1 -> (1,0) wynik 1949029 OK
ruch 101: slot 1 -> (1,0) wynik 1940786 OK
ruch 102: slot 0 -> (4,1) wynik 1949453 ROZBIEŻNOŚĆ
ruch 103: slot 2 -> (1,3) wynik 194457 ROZBIEŻNOŚĆ
ruch 104: slot 0 -> (3,0) wynik 194263 OK
ruch 105: slot 2 -> (3,4) wynik 1949971 OK
ruch 106: slot 1 -> (2,3) wynik 194975 OK
ruch 107: slot 1 -> (5,4) wynik 195055 OK
ruch 108: slot 2 -> (3,6) wynik 195745 OK
ruch 109: slot 0 -> (5,0) wynik 195749 ROZBIEŻNOŚĆ
ruch 110: slot 2 -> (4,7) wynik 195753 ROZBIEŻNOŚĆ
ruch 111: slot 0 -> (4,1) wynik 195525 OK
ruch 112: slot 1 -> (5,4) wynik 1959537 OK
ruch 113: slot 2 -> (0,2) wynik 195807 OK
ruch 114: slot 1 -> (2,3) wynik 1952311 OK
ruch 115: slot 0 -> (2,6) wynik 195315 OK
ruch 116: slot 0 -> (6,0) wynik 195099 OK
ruch 117: slot 1 -> (4,3) wynik 195103 OK
ruch 118: slot 2 -> (6,2) wynik 1959193 OK
ruch 119: slot 0 -> (5,3) wynik 195992 OK
ruch 120: slot 2 -> (6,0) wynik 195693 OK
ruch 121: slot 1 -> (3,4) wynik 195792 OK
ruch 122: slot 2 -> (7,1) wynik 1954499 OK
ruch 123: slot 0 -> (0,0) wynik 195503 OK
ruch 124: slot 1 -> (3,0) wynik 195507 OK
ruch 125: slot 0 -> (0,1) wynik 1959591 OK
ruch 126: slot 1 -> (1,3) wynik 1959819 OK
ruch 127: slot 2 -> (1,2) wynik 195895 OK
ruch 128: slot 0 -> (4,0) wynik 1959226 OK
ruch 129: slot 1 -> (3,3) wynik 19599957 OK
ruch 130: slot 2 -> (4,3) wynik 19543 OK
ruch 131: slot 0 -> (5,0) wynik 195869 OK
ruch 132: slot 1 -> (3,0) wynik 195619 OK
ruch 133: slot 2 -> (0,2) wynik 195623 ROZBIEŻNOŚĆ
ruch 134: slot 1 -> (1,1) wynik 196461 ROZBIEŻNOŚĆ
ruch 135: slot 0 -> (3,3) wynik 196805 OK
ruch 136: slot 2 -> (0,2) wynik 1969893 OK
ruch 137: slot 2 -> (6,3) wynik 196159 OK
ruch 138: slot 1 -> (2,4) wynik 19663 OK
ruch 139: slot 0 -> (1,4) wynik 196167 OK
ruch 140: slot 1 -> (6,2) wynik 196125 OK
ruch 141: slot 0 -> (3,1) wynik 196885 OK
ruch 142: slot 2 -> (1,1) wynik 196889 OK
ruch 143: slot 2 -> (6,0) wynik 1969005 OK
ruch 144: slot 0 -> (1,0) wynik 1969874 OK
ruch 145: slot 1 -> (4,1) wynik 196535 OK
ruch 146: slot 1 -> (3,3) wynik 1969639 OK
ruch 147: slot 0 -> (1,3) wynik 196643 OK
ruch 148: slot 2 -> (0,6) wynik 196625 OK
ruch 149: slot 0 -> (5,2) wynik 196617 OK
najdłuższa seria zgodnych ruchów: 102
