polityka: lookahead-ntuple (źródło: argv)
reset(seed='36756381290')
log ruchów: bridge-out/moves.jsonl
OCR: 
ruch 0: slot 1 -> (3,3) wynik None OK
ruch 1: slot 0 -> (0,2) wynik 66 OK
ruch 2: slot 1 -> (5,3) wynik 128 OK
ruch 3: slot 2 -> (5,4) wynik 131 OK
ruch 4: slot 1 -> (3,3) wynik 134 OK
ruch 5: slot 2 -> (0,3) wynik 146 OK
ruch 6: slot 0 -> (5,3) wynik 152 OK
ruch 7: slot 1 -> (3,4) wynik 155 OK
ruch 8: slot 2 -> (0,0) wynik 79 OK
ruch 9: slot 0 -> (0,4) wynik 185 OK
ruch 10: slot 0 -> (2,6) wynik 219 OK
ruch 11: slot 1 -> (0,2) wynik 225 OK
ruch 12: slot 2 -> (2,4) wynik 229 OK
ruch 13: slot 0 -> (3,2) wynik 271 OK
ruch 14: slot 2 -> (2,0) wynik 276 OK
ruch 15: slot 1 -> (2,1) wynik 331 OK
ruch 16: slot 1 -> (4,3) wynik 426 OK
ruch 17: slot 0 -> (0,2) wynik 933 OK
ruch 18: slot 2 -> (0,0) wynik 936 OK
ruch 19: slot 2 -> (3,3) wynik 938 OK
ruch 20: slot 1 -> (3,1) wynik 942 OK
ruch 21: slot 0 -> (5,4) wynik 664 OK
ruch 22: slot 1 -> (5,1) wynik 668 OK
ruch 23: slot 0 -> (3,1) wynik 674 OK
ruch 24: slot 2 -> (3,0) wynik 812 OK
ruch 25: slot 0 -> (0,4) wynik 965 OK
ruch 26: slot 2 -> (2,5) wynik 969 OK
ruch 27: slot 1 -> (7,3) wynik 1192 OK
ruch 28: slot 0 -> (5,0) wynik 194 OK
ruch 29: slot 1 -> (3,0) wynik 1200 OK
ruch 30: slot 2 -> (0,0) wynik 1443 OK
ruch 31: slot 0 -> (0,5) wynik 1709 OK
ruch 32: slot 2 -> (0,1) wynik 1718 OK
ruch 33: slot 1 -> (2,3) wynik 2327 OK
ruch 34: slot 2 -> (0,2) wynik 2650 OK
ruch 35: slot 1 -> (4,2) wynik 2999 OK
ruch 36: slot 0 -> (5,1) wynik 3365 OK
ruch 37: slot 1 -> (0,1) wynik 3750 OK
ruch 38: slot 0 -> (3,3) wynik 4155 OK
ruch 39: slot 2 -> (1,4) wynik 4160 OK
ruch 40: slot 0 -> (1,0) wynik 4164 OK
ruch 41: slot 1 -> (7,4) wynik 4588 OK
ruch 42: slot 2 -> (7,0) wynik 4592 OK
ruch 43: slot 1 -> (5,0) wynik 5035 OK
ruch 44: slot 0 -> (5,4) wynik 5039 OK
ruch 45: slot 2 -> (4,6) wynik 5043 OK
ruch 46: slot 0 -> (3,0) wynik 5507 OK
ruch 47: slot 2 -> (4,3) wynik 5993 OK
ruch 48: slot 1 -> (6,6) wynik 6497 OK
ruch 49: slot 1 -> (3,5) wynik 6500 OK
ruch 50: slot 0 -> (1,0) wynik 6509 OK
ruch 51: slot 2 -> (0,5) wynik 6514 OK
ruch 52: slot 1 -> (4,0) wynik 11815 OK
ruch 53: slot 0 -> (3,6) wynik 11819 OK
ruch 54: slot 2 -> (3,4) wynik 11823 OK
ruch 55: slot 0 -> (1,0) wynik 11989 OK
ruch 56: slot 1 -> (1,4) wynik 11993 OK
ruch 57: slot 2 -> (4,5) wynik 12165 OK
ruch 58: slot 0 -> (0,0) wynik 12169 OK
ruch 59: slot 1 -> (0,3) wynik 12175 OK
ruch 60: slot 2 -> (0,6) wynik 12181 OK
ruch 61: slot 0 -> (0,4) wynik 12533 OK
ruch 62: slot 2 -> (1,5) wynik 12537 OK
ruch 63: slot 1 -> (5,0) wynik 12721 OK
ruch 64: slot 1 -> (3,0) wynik 12725 OK
ruch 65: slot 2 -> (3,4) wynik 12729 OK
ruch 66: slot 0 -> (4,5) wynik 12919 OK
ruch 67: slot 0 -> (5,4) wynik 13115 OK
ruch 68: slot 1 -> (0,2) wynik 13119 OK
ruch 69: slot 2 -> (1,4) wynik 13123 OK
ruch 70: slot 0 -> (3,5) wynik 13325 OK
ruch 71: slot 1 -> (5,4) wynik 13329 OK
ruch 72: slot 2 -> (6,6) wynik 13537 OK
ruch 73: slot 1 -> (6,0) wynik 13751 OK
ruch 74: slot 0 -> (6,4) wynik 13755 OK
ruch 75: slot 2 -> (5,4) wynik 13975 OK
ruch 76: slot 2 -> (1,0) wynik 13979 OK
ruch 77: slot 1 -> (2,3) wynik 13983 OK
ruch 78: slot 0 -> (0,0) wynik 14149 OK
ruch 79: slot 0 -> (0,3) wynik 14213 OK
ruch 80: slot 1 -> (0,6) wynik 14217 OK
ruch 81: slot 2 -> (0,5) wynik 14449 OK
ruch 82: slot 1 -> (2,0) wynik 14687 OK
ruch 83: slot 0 -> (2,5) wynik 14691 OK
ruch 84: slot 2 -> (1,4) wynik 14695 OK
ruch 85: slot 0 -> (0,3) wynik 15191 OK
ruch 86: slot 2 -> (1,3) wynik 15195 OK
ruch 87: slot 1 -> (4,3) wynik 15199 OK
ruch 88: slot 2 -> (3,1) wynik 15455 OK
ruch 89: slot 0 -> (0,0) wynik 15459 OK
ruch 90: slot 1 -> (3,4) wynik 15463 OK
ruch 91: slot 1 -> (3,0) wynik 15719 OK
ruch 92: slot 2 -> (6,3) wynik 18729 OK
ruch 93: slot 0 -> (5,6) wynik 18997 OK
ruch 94: slot 0 -> (2,5) wynik 16001 OK
ruch 95: slot 1 -> (5,5) wynik 16275 OK
ruch 96: slot 2 -> (6,0) wynik 16279 OK
ruch 97: slot 2 -> (0,3) wynik 16559 OK
ruch 98: slot 1 -> (5,0) wynik 16563 OK
ruch 99: slot 0 -> (5,4) wynik 16567 OK
ruch 100: slot 1 -> (3,4) wynik 7147 OK
ruch 101: slot 0 -> (2,2) wynik 17151 OK
ruch 102: slot 2 -> (1,1) wynik 17449 OK
ruch 103: slot 1 -> (4,3) wynik 17453 OK
ruch 104: slot 0 -> (3,0) wynik 17457 OK
ruch 105: slot 2 -> (6,2) wynik 17761 OK
ruch 106: slot 0 -> (3,3) wynik 17765 OK
ruch 107: slot 2 -> (2,3) wynik 18075 OK
ruch 108: slot 1 -> (2,4) wynik 18391 OK
ruch 109: slot 1 -> (7,2) wynik 18713 OK
ruch 110: slot 0 -> (0,2) wynik 18717 OK
ruch 111: slot 2 -> (2,2) wynik 18721 OK
ruch 112: slot 0 -> (4,1) wynik 19049 OK
ruch 113: slot 2 -> (5,2) wynik 19053 OK
ruch 114: slot 1 -> (7,0) wynik 19387 OK
ruch 115: slot 2 -> (3,6) wynik 19727 OK
ruch 116: slot 1 -> (5,3) wynik 19731 OK
ruch 117: slot 0 -> (5,1) wynik 20077 OK
ruch 118: slot 0 -> (0,1) wynik 20081 OK
ruch 119: slot 1 -> (1,4) wynik 20085 OK
ruch 120: slot 2 -> (1,1) wynik 20089 OK
ruch 121: slot 2 -> (0,2) wynik 20789 OK
ruch 122: slot 0 -> (3,0) wynik 20793 OK
ruch 123: slot 1 -> (4,2) wynik 20797 OK
ruch 124: slot 2 -> (0,0) wynik 21155 OK
ruch 125: slot 0 -> (2,1) wynik 21159 OK
ruch 126: slot 1 -> (2,4) wynik 21163 OK
ruch 127: slot 2 -> (0,2) wynik 21527 OK
ruch 128: slot 0 -> (6,2) wynik 21531 OK
ruch 129: slot 1 -> (3,3) wynik 21901 OK
ruch 130: slot 1 -> (5,0) wynik 22277 OK
ruch 131: slot 2 -> (5,5) wynik 222381 OK
ruch 132: slot 0 -> (1,6) wynik 22663 OK
ruch 133: slot 0 -> (6,4) wynik 22667 OK
ruch 134: slot 1 -> (5,4) wynik 22671 OK
ruch 135: slot 2 -> (0,5) wynik 22675 OK
ruch 136: slot 0 -> (2,0) wynik 23063 OK
ruch 137: slot 2 -> (4,1) wynik 23067 OK
ruch 138: slot 1 -> (7,0) wynik 23461 OK
ruch 139: slot 2 -> (5,0) wynik 23465 OK
ruch 140: slot 0 -> (2,1) wynik 23865 OK
ruch 141: slot 1 -> (2,5) wynik 23869 OK
ruch 142: slot 2 -> (2,0) wynik 24275 OK
ruch 143: slot 0 -> (0,1) wynik 24687 OK
ruch 144: slot 1 -> (6,0) wynik 24691 OK
ruch 145: slot 0 -> (0,5) wynik 25109 OK
ruch 146: slot 1 -> (2,4) wynik 25113 OK
ruch 147: slot 2 -> (3,3) wynik 25537 OK
ruch 148: slot 1 -> (7,4) wynik 25967 OK
ruch 149: slot 0 -> (4,5) wynik 25971 OK
najdłuższa seria zgodnych ruchów: 150
