polityka: lookahead-ntuple (źródło: argv)
reset(seed='36756381290')
log ruchów: bridge-out/moves.jsonl
ruch 0: slot 1 -> (4,1) wynik 1544434 OK
ruch 1: slot 0 -> (0,0) wynik 1549867 OK
ruch 2: slot 2 -> (0,2) wynik 155939 OK
ruch 3: slot 1 -> (2,2) wynik 155264 OK
ruch 4: slot 0 -> (6,0) wynik 155616 OK
ruch 5: slot 2 -> (3,2) wynik 1559617 OK
ruch 6: slot 1 -> (4,0) wynik 154118 OK
ruch 7: slot 0 -> (2,6) wynik 156122 OK
ruch 8: slot 2 -> (1,5) wynik 156658 OK
ruch 9: slot 1 -> (1,0) wynik 15699960 OK
ruch 10: slot 0 -> (2,2) wynik 1564064 OK
ruch 11: slot 2 -> (0,5) wynik 1569697 OK
OCR: 
ruch 12: slot 1 -> (0,1) wynik None OK
ruch 13: slot 0 -> (4,5) wynik 1574563 OK
ruch 14: slot 0 -> (0,1) wynik 157958 OK
ruch 15: slot 1 -> (0,0) wynik 157962 OK
ruch 16: slot 2 -> (0,6) wynik 15766 OK
ruch 17: slot 2 -> (0,3) wynik 1574443 OK
ruch 18: slot 1 -> (2,0) wynik 1579896 OK
ruch 19: slot 0 -> (0,0) wynik 158880 OK
ruch 20: slot 0 -> (2,3) wynik 1589884 OK
ruch 21: slot 2 -> (0,4) wynik 158848 OK
ruch 22: slot 1 -> (2,4) wynik 1589827 OK
ruch 23: slot 1 -> (6,0) wynik 159822 OK
ruch 24: slot 0 -> (3,0) wynik 159826 OK
ruch 25: slot 2 -> (0,0) wynik 1599600 OK
ruch 26: slot 1 -> (0,5) wynik 1594270 OK
ruch 27: slot 2 -> (2,6) wynik 160780 OK
ruch 28: slot 0 -> (7,3) wynik 160103 OK
ruch 29: slot 1 -> (2,3) wynik 160778 OK
ruch 30: slot 2 -> (3,1) wynik 160301 OK
ruch 31: slot 0 -> (5,4) wynik 161782 OK
ruch 32: slot 0 -> (2,0) wynik 161806 OK
ruch 33: slot 2 -> (5,0) wynik 1614792 OK
ruch 34: slot 1 -> (5,0) wynik 1619796 OK
ruch 35: slot 2 -> (3,5) wynik 161169 OK
ruch 36: slot 0 -> (0,3) wynik 1629826 OK
ruch 37: slot 1 -> (0,0) wynik 162850 OK
ruch 38: slot 0 -> (0,0) wynik 1629296 OK
ruch 39: slot 1 -> (4,1) wynik 163884 OK
ruch 40: slot 2 -> (1,0) wynik 163888 OK
ruch 41: slot 0 -> (0,4) wynik 163892 OK
ruch 42: slot 2 -> (0,1) wynik 1639928 OK
ruch 43: slot 1 -> (0,3) wynik 163416 OK
ruch 44: slot 1 -> (1,2) wynik 163974 OK
ruch 45: slot 2 -> (0,1) wynik 164022 OK
ruch 46: slot 0 -> (4,0) wynik 1649652 OK
ruch 47: slot 1 -> (3,4) wynik 164080 OK
ruch 48: slot 0 -> (4,1) wynik 1649732 OK
ruch 49: slot 2 -> (4,1) wynik 165044 OK
ruch 50: slot 0 -> (6,1) wynik 1659210 OK
ruch 51: slot 1 -> (4,6) wynik 165622 OK
ruch 52: slot 2 -> (0,6) wynik 1659290 OK
ruch 53: slot 0 -> (5,3) wynik 166683 OK
ruch 54: slot 2 -> (5,4) wynik 1663460 OK
ruch 55: slot 1 -> (1,3) wynik 1669954 OK
ruch 56: slot 0 -> (0,3) wynik 1674654 OK
ruch 57: slot 1 -> (3,3) wynik 1679558 OK
ruch 58: slot 2 -> (5,3) wynik 167562 OK
ruch 59: slot 0 -> (4,1) wynik 1679658 OK
ruch 60: slot 2 -> (0,1) wynik 167662 OK
ruch 61: slot 1 -> (5,4) wynik 167993 OK
ruch 62: slot 2 -> (0,1) wynik 16890178 OK
ruch 63: slot 1 -> (2,0) wynik 169876 OK
ruch 64: slot 0 -> (7,4) wynik 1699291 OK
ruch 65: slot 0 -> (3,4) wynik 1689994 OK
ruch 66: slot 1 -> (3,2) wynik 168998 OK
ruch 67: slot 2 -> (6,0) wynik 1680678 OK
ruch 68: slot 0 -> (7,3) wynik 1699451 OK
ruch 69: slot 2 -> (1,5) wynik 169248 OK
ruch 70: slot 1 -> (3,6) wynik 169252 OK
ruch 71: slot 1 -> (3,5) wynik 16998633 OK
ruch 72: slot 0 -> (0,0) wynik 1709884 OK
ruch 73: slot 2 -> (1,2) wynik 1709526 OK
ruch 74: slot 2 -> (2,5) wynik 1709985 OK
ruch 75: slot 1 -> (1,3) wynik 170674 OK
ruch 76: slot 0 -> (3,0) wynik 170134 OK
ruch 77: slot 0 -> (1,0) wynik 1719828 OK
ruch 78: slot 1 -> (1,3) wynik 171984 OK
ruch 79: slot 2 -> (1,5) wynik 171988 OK
ruch 80: slot 0 -> (4,0) wynik 171992 OK
ruch 81: slot 2 -> (3,5) wynik 172154 OK
ruch 82: slot 1 -> (6,1) wynik 172040 OK
ruch 83: slot 0 -> (5,0) wynik 1720826 OK
ruch 84: slot 2 -> (0,1) wynik 172830 OK
ruch 85: slot 1 -> (3,1) wynik 1729834 OK
ruch 86: slot 0 -> (7,0) wynik 172588 OK
ruch 87: slot 2 -> (0,1) wynik 173682 OK
ruch 88: slot 1 -> (3,2) wynik 173586 OK
ruch 89: slot 2 -> (3,3) wynik 173191 OK
ruch 90: slot 0 -> (4,4) wynik 1739541 OK
ruch 91: slot 1 -> (5,1) wynik 1749058 OK
ruch 92: slot 2 -> (0,5) wynik 174480 OK
ruch 93: slot 1 -> (5,6) wynik 174254 OK
ruch 94: slot 0 -> (3,0) wynik 1749803 OK
ruch 95: slot 2 -> (5,4) wynik 175456 OK
ruch 96: slot 1 -> (5,0) wynik 175460 OK
ruch 97: slot 0 -> (5,2) wynik 1739010 OK
ruch 98: slot 2 -> (6,4) wynik 1759668 OK
ruch 99: slot 1 -> (1,3) wynik 1759672 OK
ruch 100: slot 0 -> (0,3) wynik 1754222 OK
ruch 101: slot 0 -> (0,1) wynik 17580 OK
ruch 102: slot 1 -> (2,4) wynik 176102 OK
ruch 103: slot 2 -> (0,4) wynik 176612 OK
ruch 104: slot 2 -> (0,0) wynik 176750 OK
ruch 105: slot 0 -> (0,6) wynik 1779556 OK
ruch 106: slot 1 -> (5,5) wynik 1779025 OK
ruch 107: slot 1 -> (3,5) wynik 17794 OK
ruch 108: slot 0 -> (0,4) wynik 177798 OK
ruch 109: slot 2 -> (1,5) wynik 1770895 OK
ruch 110: slot 1 -> (3,7) wynik 178466 OK
ruch 111: slot 2 -> (2,4) wynik 178288 OK
ruch 112: slot 0 -> (0,2) wynik 1789844 OK
ruch 113: slot 1 -> (3,1) wynik 178544 OK
ruch 114: slot 2 -> (6,2) wynik 178648 OK
ruch 115: slot 0 -> (6,1) wynik 1780190 OK
ruch 116: slot 2 -> (1,0) wynik 1794610 OK
ruch 117: slot 0 -> (1,1) wynik 179614 OK
ruch 118: slot 1 -> (2,1) wynik 1799618 OK
ruch 119: slot 1 -> (0,1) wynik 179082 OK
ruch 120: slot 0 -> (0,5) wynik 180854 OK
ruch 121: slot 2 -> (2,2) wynik 18070 OK
ruch 122: slot 2 -> (3,5) wynik 180147 OK
ruch 123: slot 1 -> (4,3) wynik 180916 OK
ruch 124: slot 0 -> (4,0) wynik 180920 OK
ruch 125: slot 1 -> (5,5) wynik 181895 OK
ruch 126: slot 2 -> (1,4) wynik 181214 OK
ruch 127: slot 0 -> (4,4) wynik 1814220 OK
ruch 128: slot 0 -> (5,1) wynik 1814482 OK
ruch 129: slot 2 -> (5,0) wynik 184040 OK
ruch 130: slot 1 -> (5,4) wynik 184044 OK
ruch 131: slot 1 -> (4,4) wynik 184608 OK
ruch 132: slot 2 -> (3,4) wynik 1849963 OK
ruch 133: slot 0 -> (3,0) wynik 184678 OK
ruch 134: slot 2 -> (2,6) wynik 1844200 OK
ruch 135: slot 0 -> (3,0) wynik 1859006 OK
ruch 136: slot 1 -> (3,2) wynik 185010 OK
ruch 137: slot 0 -> (4,6) wynik 185446 OK
ruch 138: slot 2 -> (0,5) wynik 1859844 OK
ruch 139: slot 1 -> (2,4) wynik 1850911 OK
ruch 140: slot 2 -> (2,0) wynik 1864584 OK
ruch 141: slot 0 -> (1,0) wynik 186026 OK
ruch 142: slot 1 -> (5,0) wynik 186464 OK
ruch 143: slot 2 -> (4,1) wynik 187878 OK
ruch 144: slot 0 -> (1,1) wynik 1879732 OK
ruch 145: slot 1 -> (5,1) wynik 187936 OK
ruch 146: slot 1 -> (2,3) wynik 1879096 OK
ruch 147: slot 0 -> (5,4) wynik 18700 OK
ruch 148: slot 2 -> (6,5) wynik 1879714 OK
ruch 149: slot 1 -> (5,3) wynik 188994 OK
najdłuższa seria zgodnych ruchów: 150
