polityka: lookahead-ntuple (źródło: argv)
reset(seed='36756381290')
log ruchów: bridge-out/moves.jsonl
ruch 0: slot 2 -> (0,3) wynik 188842 OK
ruch 1: slot 0 -> (0,5) wynik 188502 OK
ruch 2: slot 0 -> (2,4) wynik 189224 OK
ruch 3: slot 1 -> (5,4) wynik 189228 OK
ruch 4: slot 2 -> (3,4) wynik 189713 ROZBIEŻNOŚĆ
ruch 5: slot 0 -> (5,0) wynik 189616 ROZBIEŻNOŚĆ
ruch 6: slot 1 -> (0,0) wynik 19006 OK
ruch 7: slot 2 -> (4,6) wynik 196510 OK
ruch 8: slot 1 -> (5,3) wynik 1901014 OK
ruch 9: slot 0 -> (6,0) wynik 1901018 OK
ruch 10: slot 2 -> (1,2) wynik 1901025 OK
ruch 11: slot 0 -> (2,2) wynik 1909835 OK
ruch 12: slot 2 -> (1,0) wynik 19048 OK
ruch 13: slot 1 -> (0,1) wynik 1909852 OK
ruch 14: slot 1 -> (5,6) wynik 190868 OK
ruch 15: slot 2 -> (1,5) wynik 19074 ROZBIEŻNOŚĆ
ruch 16: slot 0 -> (0,4) wynik 190878 ROZBIEŻNOŚĆ
ruch 17: slot 0 -> (5,3) wynik 190897 OK
ruch 18: slot 1 -> (4,0) wynik 19628 OK
ruch 19: slot 2 -> (4,5) wynik 19632 OK
ruch 20: slot 0 -> (6,3) wynik 19167 OK
ruch 21: slot 1 -> (5,0) wynik 19171 OK
ruch 22: slot 2 -> (3,0) wynik 1975 OK
ruch 23: slot 0 -> (6,0) wynik 190215 OK
ruch 24: slot 1 -> (0,0) wynik 19219 OK
ruch 25: slot 2 -> (2,0) wynik 196223 OK
ruch 26: slot 0 -> (2,4) wynik 190227 OK
ruch 27: slot 2 -> (2,0) wynik 196812 OK
ruch 28: slot 1 -> (2,2) wynik 190829 OK
ruch 29: slot 1 -> (5,0) wynik 190865 OK
ruch 30: slot 0 -> (5,1) wynik 190435 OK
ruch 31: slot 2 -> (5,6) wynik 190139 OK
ruch 32: slot 1 -> (5,0) wynik 1969515 OK
ruch 33: slot 0 -> (0,0) wynik 196619 OK
ruch 34: slot 2 -> (0,0) wynik 19034 OK
ruch 35: slot 0 -> (3,4) wynik 19005 OK
ruch 36: slot 1 -> (2,0) wynik 19009 OK
ruch 37: slot 2 -> (6,1) wynik 19025 OK
ruch 38: slot 2 -> (6,4) wynik 196701 OK
ruch 39: slot 1 -> (5,1) wynik 19005 OK
ruch 40: slot 0 -> (6,0) wynik 190799 OK
ruch 41: slot 2 -> (1,6) wynik 19099 OK
ruch 42: slot 0 -> (6,4) wynik 1969918 OK
ruch 43: slot 1 -> (4,0) wynik 1909025 OK
ruch 44: slot 2 -> (4,4) wynik 196121 OK
ruch 45: slot 1 -> (4,5) wynik 190142 OK
ruch 46: slot 0 -> (7,3) wynik 1909243 OK
ruch 47: slot 2 -> (4,5) wynik 1909867 OK
ruch 48: slot 1 -> (0,6) wynik 190871 OK
ruch 49: slot 0 -> (0,0) wynik 190886 OK
ruch 50: slot 0 -> (0,4) wynik 190605 OK
ruch 51: slot 2 -> (2,3) wynik 190509 OK
ruch 52: slot 1 -> (0,5) wynik 196513 OK
ruch 53: slot 1 -> (0,3) wynik 190661 OK
ruch 54: slot 2 -> (5,3) wynik 190791 OK
ruch 55: slot 0 -> (4,3) wynik 19095 OK
ruch 56: slot 0 -> (0,0) wynik 196811 OK
ruch 57: slot 1 -> (6,1) wynik 190947 OK
ruch 58: slot 2 -> (4,6) wynik 190951 OK
ruch 59: slot 0 -> (5,0) wynik 190105 OK
ruch 60: slot 2 -> (3,3) wynik 190109 OK
ruch 61: slot 1 -> (4,0) wynik 190130 OK
ruch 62: slot 1 -> (2,2) wynik 1909289 OK
ruch 63: slot 2 -> (4,1) wynik 190439 OK
ruch 64: slot 0 -> (7,0) wynik 1904156 OK
ruch 65: slot 2 -> (3,1) wynik 190615 OK
ruch 66: slot 1 -> (2,0) wynik 190619 OK
ruch 67: slot 0 -> (5,0) wynik 19097 OK
ruch 68: slot 2 -> (1,2) wynik 190801 OK
ruch 69: slot 0 -> (0,1) wynik 190985 OK
ruch 70: slot 1 -> (6,3) wynik 190989 OK
ruch 71: slot 0 -> (5,2) wynik 190015 OK
ruch 72: slot 1 -> (0,3) wynik 190183 OK
ruch 73: slot 2 -> (4,2) wynik 1909879 OK
ruch 74: slot 2 -> (4,2) wynik 1904104 OK
ruch 75: slot 0 -> (3,1) wynik 1909585 OK
ruch 76: slot 1 -> (3,0) wynik 190605 OK
ruch 77: slot 1 -> (2,4) wynik 1909797 OK
ruch 78: slot 2 -> (3,5) wynik 190801 OK
ruch 79: slot 0 -> (3,6) wynik 1909823 OK
ruch 80: slot 0 -> (4,6) wynik 1906051 OK
ruch 81: slot 1 -> (4,4) wynik 190239 OK
ruch 82: slot 2 -> (5,2) wynik 1909267 OK
ruch 83: slot 2 -> (4,0) wynik 190498 OK
ruch 84: slot 1 -> (3,1) wynik 1909701 OK
ruch 85: slot 0 -> (0,2) wynik 1906735 OK
ruch 86: slot 0 -> (5,4) wynik 1909943 OK
ruch 87: slot 2 -> (4,0) wynik 190947 OK
ruch 88: slot 1 -> (4,2) wynik 1909979 OK
ruch 89: slot 0 -> (5,0) wynik 190195 OK
ruch 90: slot 1 -> (4,2) wynik 190445 OK
ruch 91: slot 2 -> (5,5) wynik 190449 OK
ruch 92: slot 0 -> (5,1) wynik 190178 OK
ruch 93: slot 2 -> (1,2) wynik 19009 OK
ruch 94: slot 1 -> (1,1) wynik 190746 OK
ruch 95: slot 0 -> (3,0) wynik 190993 OK
ruch 96: slot 1 -> (3,3) wynik 190243 OK
ruch 97: slot 2 -> (4,5) wynik 1909276 OK
ruch 98: slot 0 -> (1,3) wynik 1909562 OK
ruch 99: slot 1 -> (2,5) wynik 190601 OK
ruch 100: slot 2 -> (2,0) wynik 190805 OK
ruch 101: slot 2 -> (5,5) wynik 1909842 OK
ruch 102: slot 0 -> (6,1) wynik 190095 ROZBIEŻNOŚĆ
ruch 103: slot 1 -> (6,0) wynik 19099 ROZBIEŻNOŚĆ
ruch 104: slot 1 -> (3,0) wynik 196891 OK
ruch 105: slot 2 -> (5,2) wynik 190895 OK
ruch 106: slot 0 -> (0,3) wynik 190431 OK
ruch 107: slot 0 -> (6,4) wynik 190697 OK
ruch 108: slot 1 -> (4,2) wynik 1906701 OK
ruch 109: slot 2 -> (4,0) wynik 19035 OK
ruch 110: slot 2 -> (1,7) wynik 190009 OK
ruch 111: slot 0 -> (4,3) wynik 1909013 OK
ruch 112: slot 1 -> (4,5) wynik 1909053 OK
ruch 113: slot 0 -> (4,0) wynik 190864 OK
ruch 114: slot 2 -> (0,1) wynik 190643 OK
ruch 115: slot 1 -> (1,0) wynik 190688 OK
ruch 116: slot 2 -> (3,1) wynik 191017 OK
ruch 117: slot 0 -> (4,3) wynik 191297 OK
ruch 118: slot 1 -> (3,3) wynik 191834 OK
ruch 119: slot 2 -> (5,1) wynik 1919671 OK
ruch 120: slot 1 -> (6,5) wynik 19175 OK
ruch 121: slot 0 -> (2,3) wynik 19126 OK
ruch 122: slot 2 -> (0,0) wynik 19125 OK
ruch 123: slot 1 -> (0,1) wynik 191877 OK
ruch 124: slot 0 -> (1,4) wynik 19781 OK
ruch 125: slot 0 -> (4,5) wynik 191931 OK
ruch 126: slot 1 -> (2,4) wynik 1919943 OK
ruch 127: slot 2 -> (1,5) wynik 1919847 OK
ruch 128: slot 2 -> (5,0) wynik 1901 OK
ruch 129: slot 0 -> (5,4) wynik 1919415 OK
ruch 130: slot 1 -> (5,5) wynik 1919455 OK
ruch 131: slot 1 -> (1,3) wynik 1919822 OK
ruch 132: slot 0 -> (1,0) wynik 191965 OK
ruch 133: slot 2 -> (5,2) wynik 191169 OK
ruch 134: slot 2 -> (6,3) wynik 191210 OK
ruch 135: slot 1 -> (4,3) wynik 1919555 OK
ruch 136: slot 0 -> (2,0) wynik 191589 OK
ruch 137: slot 1 -> (0,3) wynik 19147 OK
ruch 138: slot 2 -> (3,2) wynik 1919951 OK
ruch 139: slot 0 -> (2,3) wynik 1919801 OK
ruch 140: slot 2 -> (2,0) wynik 1914896 OK
ruch 141: slot 1 -> (5,0) wynik 1919751 OK
ruch 142: slot 0 -> (0,2) wynik 1919967 OK
ruch 143: slot 2 -> (4,0) wynik 191575 OK
ruch 144: slot 0 -> (5,2) wynik 1914620 OK
ruch 145: slot 1 -> (4,6) wynik 1919997 OK
ruch 146: slot 2 -> (5,4) wynik 191842 OK
ruch 147: slot 0 -> (0,5) wynik 191425 OK
ruch 148: slot 1 -> (2,6) wynik 191429 OK
ruch 149: slot 0 -> (3,2) wynik 191433 OK
najdłuższa seria zgodnych ruchów: 85
