polityka: lookahead-ntuple (źródło: argv)
reset(seed='36756381290')
log ruchów: bridge-out/moves.jsonl
ruch 0: slot 2 -> (7,0) wynik 209829 OK
ruch 1: slot 1 -> (0,6) wynik 209833 OK
ruch 2: slot 0 -> (5,5) wynik 20031 OK
ruch 3: slot 1 -> (0,1) wynik 209435 OK
ruch 4: slot 2 -> (2,0) wynik 209139 OK
ruch 5: slot 0 -> (0,0) wynik 209509 OK
ruch 6: slot 2 -> (0,0) wynik 20218 OK
ruch 7: slot 0 -> (1,5) wynik 209275 OK
ruch 8: slot 1 -> (1,2) wynik 209279 OK
ruch 9: slot 2 -> (0,5) wynik 209838 OK
ruch 10: slot 1 -> (4,4) wynik 2005 OK
ruch 11: slot 0 -> (2,3) wynik 204958 OK
ruch 12: slot 1 -> (0,2) wynik 2037 OK
ruch 13: slot 2 -> (5,2) wynik 200641 OK
ruch 14: slot 0 -> (4,0) wynik 20507 OK
ruch 15: slot 0 -> (0,7) wynik 208179 OK
ruch 16: slot 1 -> (2,5) wynik 209183 OK
ruch 17: slot 2 -> (3,2) wynik 209187 OK
ruch 18: slot 2 -> (2,2) wynik 203267 OK
ruch 19: slot 1 -> (7,4) wynik 20708 OK
ruch 20: slot 0 -> (0,3) wynik 20477 OK
ruch 21: slot 0 -> (0,0) wynik 208565 OK
ruch 22: slot 1 -> (1,2) wynik 200133 OK
ruch 23: slot 2 -> (1,6) wynik 20922 OK
ruch 24: slot 0 -> (1,1) wynik 209874 OK
ruch 25: slot 2 -> (6,3) wynik 21461 OK
ruch 26: slot 1 -> (3,0) wynik 21644 OK
ruch 27: slot 1 -> (2,5) wynik 21085 OK
ruch 28: slot 2 -> (3,3) wynik 21689 OK
ruch 29: slot 0 -> (4,3) wynik 21210 OK
ruch 30: slot 0 -> (4,6) wynik 211900 OK
ruch 31: slot 1 -> (0,3) wynik 219601 OK
ruch 32: slot 2 -> (3,4) wynik 219905 OK
ruch 33: slot 0 -> (2,3) wynik 219715 OK
ruch 34: slot 1 -> (4,0) wynik 213993 OK
ruch 35: slot 2 -> (2,7) wynik 213987 OK
ruch 36: slot 1 -> (1,3) wynik 214697 OK
ruch 37: slot 2 -> (4,3) wynik 213803 OK
ruch 38: slot 0 -> (0,3) wynik 2190413 OK
ruch 39: slot 0 -> (7,1) wynik 21490 OK
ruch 40: slot 1 -> (0,2) wynik 2137 OK
ruch 41: slot 2 -> (1,4) wynik 21 OK
ruch 42: slot 0 -> (4,0) wynik 21445 OK
ruch 43: slot 1 -> (4,4) wynik 217869 OK
ruch 44: slot 2 -> (5,3) wynik 217838 OK
ruch 45: slot 0 -> (2,0) wynik 21803 OK
ruch 46: slot 1 -> (3,2) wynik 21807 OK
ruch 47: slot 2 -> (4,2) wynik 21928 OK
ruch 48: slot 2 -> (1,6) wynik 219928 OK
ruch 49: slot 0 -> (2,2) wynik 219989 OK
ruch 50: slot 1 -> (6,5) wynik 219889 OK
ruch 51: slot 0 -> (3,0) wynik 22441 OK
ruch 52: slot 1 -> (3,5) wynik 22445 OK
ruch 53: slot 2 -> (6,1) wynik 226554 OK
ruch 54: slot 0 -> (0,4) wynik 2203 OK
ruch 55: slot 1 -> (1,4) wynik 22907 OK
ruch 56: slot 2 -> (3,3) wynik 224801 OK
ruch 57: slot 0 -> (0,1) wynik 229077 OK
ruch 58: slot 1 -> (2,1) wynik 229737 OK
ruch 59: slot 2 -> (0,3) wynik 229741 OK
ruch 60: slot 1 -> (5,4) wynik 224513 OK
ruch 61: slot 2 -> (2,4) wynik 224517 OK
ruch 62: slot 0 -> (2,0) wynik 2296521 OK
ruch 63: slot 2 -> (3,1) wynik 224099 OK
ruch 64: slot 0 -> (6,0) wynik 224419 OK
ruch 65: slot 1 -> (5,3) wynik 225987 OK
ruch 66: slot 1 -> (2,5) wynik 22869 OK
ruch 67: slot 0 -> (2,3) wynik 22883 OK
ruch 68: slot 2 -> (3,0) wynik 224005 OK
ruch 69: slot 0 -> (1,1) wynik 22778 OK
ruch 70: slot 1 -> (1,0) wynik 22785 OK
ruch 71: slot 2 -> (4,1) wynik 223685 OK
ruch 72: slot 1 -> (5,5) wynik 2297 OK
ruch 73: slot 0 -> (2,4) wynik 22865 OK
ruch 74: slot 2 -> (1,2) wynik 22415 OK
ruch 75: slot 0 -> (2,0) wynik 229033 OK
ruch 76: slot 2 -> (2,5) wynik 229939 OK
ruch 77: slot 1 -> (1,4) wynik 2243 OK
ruch 78: slot 1 -> (0,3) wynik 23837 OK
ruch 79: slot 2 -> (5,2) wynik 23773 OK
ruch 80: slot 0 -> (3,1) wynik 23884 OK
ruch 81: slot 2 -> (1,1) wynik 2375 OK
ruch 82: slot 1 -> (4,2) wynik 239047 OK
ruch 83: slot 0 -> (7,2) wynik 239651 OK
ruch 84: slot 2 -> (6,2) wynik 239413 OK
ruch 85: slot 1 -> (5,0) wynik 23145 OK
ruch 86: slot 0 -> (3,1) wynik 234859 OK
ruch 87: slot 1 -> (0,2) wynik 235905 OK
ruch 88: slot 2 -> (2,2) wynik 2309 OK
ruch 89: slot 0 -> (6,1) wynik 23013 OK
ruch 90: slot 0 -> (0,2) wynik 23862 OK
ruch 91: slot 2 -> (6,5) wynik 23879 OK
ruch 92: slot 1 -> (6,1) wynik 234883 OK
ruch 93: slot 0 -> (7,1) wynik 2347 OK
ruch 94: slot 2 -> (0,1) wynik 2339631 OK
ruch 95: slot 1 -> (3,2) wynik 23735 OK
ruch 96: slot 1 -> (3,3) wynik 238603 OK
ruch 97: slot 0 -> (3,4) wynik 23401 OK
ruch 98: slot 2 -> (5,6) wynik 24427 OK
ruch 99: slot 1 -> (1,0) wynik 24091 OK
ruch 100: slot 0 -> (3,1) wynik 2495 OK
ruch 101: slot 2 -> (2,4) wynik 2489 OK
ruch 102: slot 1 -> (5,5) wynik 24103 OK
ruch 103: slot 0 -> (1,6) wynik 2499033 OK
ruch 104: slot 2 -> (2,5) wynik 249819 OK
ruch 105: slot 1 -> (3,0) wynik 249935 OK
ruch 106: slot 0 -> (1,1) wynik 249939 OK
ruch 107: slot 2 -> (1,3) wynik 249943 OK
ruch 108: slot 2 -> (3,5) wynik 244957 OK
ruch 109: slot 0 -> (0,0) wynik 244979 OK
ruch 110: slot 1 -> (4,6) wynik 249997 OK
ruch 111: slot 1 -> (0,5) wynik 24801 OK
ruch 112: slot 0 -> (0,4) wynik 249916 OK
ruch 113: slot 2 -> (0,6) wynik 2439 OK
ruch 114: slot 0 -> (3,1) wynik 24309 OK
ruch 115: slot 2 -> (2,0) wynik 252935 OK
ruch 116: slot 1 -> (1,6) wynik 25939 OK
ruch 117: slot 1 -> (6,3) wynik 259528 OK
ruch 118: slot 2 -> (5,5) wynik 25101 OK
ruch 119: slot 0 -> (7,0) wynik 25905 OK
ruch 120: slot 0 -> (1,0) wynik 259185 OK
ruch 121: slot 1 -> (0,5) wynik 25473 OK
ruch 122: slot 2 -> (1,4) wynik 254877 OK
ruch 123: slot 0 -> (0,2) wynik 259516 OK
ruch 124: slot 2 -> (0,0) wynik 256851 OK
ruch 125: slot 1 -> (4,3) wynik 25320 OK
ruch 126: slot 0 -> (7,3) wynik 254831 OK
ruch 127: slot 2 -> (0,5) wynik 25435 OK
ruch 128: slot 1 -> (0,4) wynik 25185 OK
ruch 129: slot 0 -> (0,2) wynik 253821 OK
ruch 130: slot 2 -> (2,2) wynik 257052 OK
ruch 131: slot 1 -> (4,2) wynik 25113 OK
ruch 132: slot 2 -> (6,3) wynik 25968 OK
ruch 133: slot 1 -> (5,0) wynik 2609 OK
ruch 134: slot 0 -> (1,6) wynik 269813 OK
ruch 135: slot 1 -> (6,2) wynik 26619 OK
ruch 136: slot 0 -> (5,1) wynik 2654 OK
ruch 137: slot 2 -> (5,5) wynik 269835 OK
ruch 138: slot 1 -> (0,3) wynik 2640 OK
ruch 139: slot 0 -> (0,0) wynik 269857 OK
ruch 140: slot 2 -> (6,1) wynik 26193 OK
ruch 141: slot 0 -> (0,2) wynik 264885 OK
ruch 142: slot 2 -> (1,0) wynik 264889 OK
ruch 143: slot 1 -> (5,1) wynik 269516 OK
ruch 144: slot 2 -> (1,1) wynik 26923 OK
ruch 145: slot 0 -> (3,2) wynik 26927 OK
ruch 146: slot 1 -> (2,3) wynik 26975 OK
ruch 147: slot 1 -> (3,2) wynik 264560 OK
ruch 148: slot 2 -> (0,5) wynik 263809 OK
ruch 149: slot 0 -> (2,6) wynik 269513 OK
najdłuższa seria zgodnych ruchów: 150
