polityka: lookahead-ntuple (źródło: argv)
reset(seed='36756381290')
log ruchów: bridge-out/moves.jsonl
ruch 0: slot 2 -> (0,0) wynik 88011 OK
ruch 1: slot 1 -> (1,1) wynik 8815 OK
ruch 2: slot 0 -> (3,2) wynik 884414 OK
ruch 3: slot 0 -> (5,0) wynik 88449 OK
ruch 4: slot 2 -> (4,4) wynik 884853 OK
ruch 5: slot 1 -> (3,6) wynik 8879253 OK
ruch 6: slot 0 -> (4,0) wynik 8905 OK
ruch 7: slot 1 -> (2,5) wynik 899635 OK
ruch 8: slot 2 -> (1,5) wynik 89937 OK
ruch 9: slot 1 -> (4,6) wynik 8987 OK
ruch 10: slot 2 -> (4,4) wynik 894818 OK
ruch 11: slot 0 -> (5,0) wynik 8945 OK
ruch 12: slot 1 -> (5,5) wynik 899663 OK
ruch 13: slot 0 -> (2,4) wynik 90023 OK
ruch 14: slot 2 -> (5,5) wynik 9075 OK
ruch 15: slot 0 -> (0,5) wynik 909979 OK
ruch 16: slot 1 -> (4,6) wynik 909983 OK
ruch 17: slot 2 -> (3,5) wynik 909987 OK
ruch 18: slot 1 -> (3,4) wynik 90195 OK
ruch 19: slot 0 -> (4,0) wynik 90731 OK
ruch 20: slot 2 -> (3,6) wynik 909735 OK
ruch 21: slot 1 -> (6,3) wynik 91626 OK
ruch 22: slot 2 -> (4,3) wynik 9199517 OK
ruch 23: slot 0 -> (0,5) wynik 919851 OK
ruch 24: slot 1 -> (0,3) wynik 915922 OK
ruch 25: slot 2 -> (4,3) wynik 918695 OK
ruch 26: slot 0 -> (6,5) wynik 91846 OK
ruch 27: slot 0 -> (7,3) wynik 920513 OK
ruch 28: slot 2 -> (6,2) wynik 92197 OK
ruch 29: slot 1 -> (6,0) wynik 924001 OK
ruch 30: slot 1 -> (0,1) wynik 924553 OK
ruch 31: slot 0 -> (0,4) wynik 920113 OK
ruch 32: slot 2 -> (3,3) wynik 927624 OK
ruch 33: slot 1 -> (0,2) wynik 93031 OK
ruch 34: slot 0 -> (1,4) wynik 9335 OK
ruch 35: slot 2 -> (5,5) wynik 93176 OK
ruch 36: slot 1 -> (4,0) wynik 93021 OK
ruch 37: slot 0 -> (3,6) wynik 939887 OK
ruch 38: slot 2 -> (5,3) wynik 93871 OK
ruch 39: slot 1 -> (0,0) wynik 9347 OK
ruch 40: slot 2 -> (2,1) wynik 9463 OK
ruch 41: slot 0 -> (1,1) wynik 9419 OK
ruch 42: slot 0 -> (5,0) wynik 94711 OK
ruch 43: slot 2 -> (3,3) wynik 949715 OK
ruch 44: slot 1 -> (2,3) wynik 9443 OK
ruch 45: slot 0 -> (5,3) wynik 949982 OK
ruch 46: slot 1 -> (5,5) wynik 9525 OK
ruch 47: slot 2 -> (1,6) wynik 9583 OK
ruch 48: slot 2 -> (6,2) wynik 95591 OK
ruch 49: slot 1 -> (3,2) wynik 959595 OK
ruch 50: slot 0 -> (2,1) wynik 959954 OK
ruch 51: slot 1 -> (3,3) wynik 9534 OK
ruch 52: slot 0 -> (0,2) wynik 9541 OK
ruch 53: slot 2 -> (1,2) wynik 959961 OK
ruch 54: slot 2 -> (5,2) wynik 969625 OK
ruch 55: slot 1 -> (3,2) wynik 969829 OK
ruch 56: slot 0 -> (5,0) wynik 96515 OK
ruch 57: slot 0 -> (5,3) wynik 969847 OK
ruch 58: slot 1 -> (0,3) wynik 964513 OK
ruch 59: slot 2 -> (1,3) wynik 968906 OK
ruch 60: slot 1 -> (0,2) wynik 97935 OK
ruch 61: slot 2 -> (0,4) wynik 979519 OK
ruch 62: slot 0 -> (2,6) wynik 979934 OK
ruch 63: slot 0 -> (6,0) wynik 977833 OK
ruch 64: slot 1 -> (0,1) wynik 977639 OK
ruch 65: slot 2 -> (1,3) wynik 973843 OK
ruch 66: slot 0 -> (4,1) wynik 98659 OK
ruch 67: slot 2 -> (2,0) wynik 98563 OK
ruch 68: slot 1 -> (1,0) wynik 98567 OK
ruch 69: slot 2 -> (5,6) wynik 984873 OK
ruch 70: slot 1 -> (6,4) wynik 9983 OK
ruch 71: slot 0 -> (7,0) wynik 9987 OK
ruch 72: slot 2 -> (3,5) wynik 9902 OK
ruch 73: slot 0 -> (3,0) wynik 10719 OK
ruch 74: slot 1 -> (0,0) wynik 1009056 OK
ruch 75: slot 1 -> (4,0) wynik 1009757 OK
ruch 76: slot 0 -> (6,1) wynik 100761 OK
ruch 77: slot 2 -> (1,5) wynik 1000190 OK
ruch 78: slot 0 -> (5,2) wynik 100261 OK
ruch 79: slot 2 -> (5,6) wynik 1019851 OK
ruch 80: slot 1 -> (6,3) wynik 10190 OK
ruch 81: slot 0 -> (5,4) wynik 1019907 OK
ruch 82: slot 1 -> (1,3) wynik 1099911 OK
ruch 83: slot 2 -> (2,5) wynik 1014250 OK
ruch 84: slot 2 -> (3,3) wynik 10173 OK
ruch 85: slot 0 -> (5,0) wynik 101977 OK
ruch 86: slot 1 -> (4,0) wynik 1019848 OK
ruch 87: slot 0 -> (2,2) wynik 1029412 OK
ruch 88: slot 2 -> (2,0) wynik 10239115 OK
ruch 89: slot 1 -> (0,0) wynik 1024126 OK
ruch 90: slot 1 -> (1,1) wynik 1029848 OK
ruch 91: slot 0 -> (2,4) wynik 102277 OK
ruch 92: slot 2 -> (6,0) wynik 1020743 OK
ruch 93: slot 1 -> (2,3) wynik 1039869 OK
ruch 94: slot 2 -> (1,0) wynik 103874 OK
ruch 95: slot 0 -> (1,4) wynik 1039779 OK
ruch 96: slot 2 -> (5,4) wynik 1036750 ROZBIEŻNOŚĆ
ruch 97: slot 0 -> (0,4) wynik 103572 ROZBIEŻNOŚĆ
ruch 98: slot 1 -> (0,0) wynik 104578 OK
ruch 99: slot 0 -> (7,4) wynik 1049023 OK
ruch 100: slot 1 -> (2,5) wynik 1049794 OK
ruch 101: slot 2 -> (0,4) wynik 104798 OK
ruch 102: slot 0 -> (0,4) wynik 104144 OK
ruch 103: slot 2 -> (3,3) wynik 1049920 OK
ruch 104: slot 1 -> (2,0) wynik 104204 OK
ruch 105: slot 0 -> (7,1) wynik 1059848 OK
ruch 106: slot 1 -> (0,1) wynik 10552 OK
ruch 107: slot 2 -> (4,1) wynik 105856 OK
ruch 108: slot 2 -> (3,0) wynik 1059810 OK
ruch 109: slot 0 -> (4,4) wynik 1059616 OK
ruch 110: slot 1 -> (1,5) wynik 1059758 OK
ruch 111: slot 2 -> (0,1) wynik 106456 OK
ruch 112: slot 0 -> (4,2) wynik 106460 OK
ruch 113: slot 1 -> (0,3) wynik 106464 OK
ruch 114: slot 1 -> (2,6) wynik 106037 OK
ruch 115: slot 2 -> (3,2) wynik 106748 OK
ruch 116: slot 0 -> (4,0) wynik 10129 OK
ruch 117: slot 1 -> (4,4) wynik 1064900 OK
ruch 118: slot 0 -> (1,2) wynik 1079845 OK
ruch 119: slot 2 -> (0,2) wynik 107436 OK
ruch 120: slot 0 -> (5,4) wynik 1079218 OK
ruch 121: slot 1 -> (5,2) wynik 107222 ROZBIEŻNOŚĆ
ruch 122: slot 2 -> (0,0) wynik 107226 ROZBIEŻNOŚĆ
ruch 123: slot 1 -> (4,4) wynik 1079892 OK
ruch 124: slot 2 -> (2,3) wynik 107896 OK
ruch 125: slot 0 -> (1,4) wynik 107653 OK
ruch 126: slot 0 -> (7,0) wynik 1080016 OK
ruch 127: slot 2 -> (5,3) wynik 108750 OK
ruch 128: slot 1 -> (1,3) wynik 108754 OK
ruch 129: slot 0 -> (2,4) wynik 10844 OK
ruch 130: slot 2 -> (1,1) wynik 108942 OK
ruch 131: slot 1 -> (1,1) wynik 1089860 OK
ruch 132: slot 1 -> (1,0) wynik 109136 OK
ruch 133: slot 0 -> (2,4) wynik 1099140 OK
ruch 134: slot 2 -> (1,6) wynik 1099622 OK
ruch 135: slot 2 -> (4,0) wynik 109787 OK
ruch 136: slot 0 -> (5,2) wynik 109644 OK
ruch 137: slot 1 -> (4,6) wynik 109548 OK
ruch 138: slot 1 -> (2,5) wynik 1099800 OK
ruch 139: slot 0 -> (2,2) wynik 11060 OK
ruch 140: slot 2 -> (2,0) wynik 11064 OK
ruch 141: slot 2 -> (1,3) wynik 1109217 OK
ruch 142: slot 1 -> (1,2) wynik 11096 OK
OCR: 
ruch 143: slot 0 -> (5,0) wynik None OK
ruch 144: slot 1 -> (1,0) wynik 110560 OK
ruch 145: slot 2 -> (2,1) wynik 111932 OK
ruch 146: slot 0 -> (4,1) wynik 11199817 OK
ruch 147: slot 0 -> (3,6) wynik 111426 OK
ruch 148: slot 2 -> (1,6) wynik 111708 OK
ruch 149: slot 1 -> (0,0) wynik 111975 OK
najdłuższa seria zgodnych ruchów: 96
