polityka: lookahead-ntuple (źródło: argv)
reset(seed='36756381290')
log ruchów: bridge-out/moves.jsonl
ruch 0: slot 0 -> (0,3) wynik 157904 OK
ruch 1: slot 2 -> (6,3) wynik 1574608 OK
ruch 2: slot 1 -> (4,4) wynik 157924 OK
ruch 3: slot 1 -> (1,2) wynik 157928 ROZBIEŻNOŚĆ
ruch 4: slot 0 -> (0,1) wynik 157932 ROZBIEŻNOŚĆ
ruch 5: slot 2 -> (0,3) wynik 15750 OK
ruch 6: slot 1 -> (4,3) wynik 15783 OK
ruch 7: slot 0 -> (5,2) wynik 157087 OK
ruch 8: slot 2 -> (3,2) wynik 157035 OK
ruch 9: slot 2 -> (2,0) wynik 15764 OK
ruch 10: slot 1 -> (5,3) wynik 157977 OK
ruch 11: slot 0 -> (1,5) wynik 157028 OK
ruch 12: slot 0 -> (4,4) wynik 15361 OK
ruch 13: slot 2 -> (4,6) wynik 157965 OK
ruch 14: slot 1 -> (5,0) wynik 158935 OK
ruch 15: slot 2 -> (0,1) wynik 15 OK
ruch 16: slot 1 -> (2,3) wynik 1515 OK
ruch 17: slot 0 -> (2,5) wynik 1532 OK
ruch 18: slot 2 -> (4,5) wynik 1511 OK
ruch 19: slot 1 -> (4,0) wynik 15889 OK
ruch 20: slot 0 -> (3,3) wynik 15983 OK
ruch 21: slot 2 -> (2,0) wynik 158987 OK
ruch 22: slot 0 -> (3,5) wynik 15887 OK
ruch 23: slot 1 -> (7,2) wynik 1501 OK
ruch 24: slot 2 -> (3,1) wynik 158897 OK
ruch 25: slot 0 -> (1,0) wynik 511 OK
ruch 26: slot 1 -> (1,3) wynik 1513 OK
ruch 27: slot 0 -> (0,0) wynik 1517 OK
ruch 28: slot 1 -> (5,2) wynik 158935 OK
ruch 29: slot 2 -> (3,0) wynik 1539 OK
ruch 30: slot 1 -> (5,5) wynik 1553 OK
ruch 31: slot 2 -> (0,6) wynik 158067 OK
ruch 32: slot 0 -> (1,0) wynik 158086 OK
ruch 33: slot 0 -> (0,5) wynik 1501 OK
ruch 34: slot 1 -> (2,3) wynik 15905 OK
ruch 35: slot 2 -> (1,2) wynik 1541 OK
ruch 36: slot 1 -> (0,2) wynik 15964 OK
ruch 37: slot 2 -> (0,5) wynik 159987 OK
ruch 38: slot 0 -> (1,7) wynik 15902 OK
ruch 39: slot 1 -> (4,2) wynik 15958 OK
ruch 40: slot 0 -> (2,5) wynik 159993 OK
ruch 41: slot 2 -> (2,2) wynik 15917 OK
ruch 42: slot 1 -> (3,0) wynik 159957 OK
ruch 43: slot 2 -> (2,4) wynik 1623 OK
ruch 44: slot 0 -> (1,6) wynik 16627 OK
ruch 45: slot 1 -> (0,3) wynik 16646 OK
ruch 46: slot 2 -> (4,5) wynik 1605 OK
ruch 47: slot 0 -> (3,3) wynik 1609 OK
ruch 48: slot 1 -> (0,3) wynik 16213 OK
ruch 49: slot 0 -> (5,6) wynik 1693033 OK
ruch 50: slot 2 -> (3,5) wynik 169987 OK
ruch 51: slot 2 -> (1,3) wynik 1693062 OK
ruch 52: slot 1 -> (1,5) wynik 1639937 OK
ruch 53: slot 0 -> (1,0) wynik 1641 OK
ruch 54: slot 2 -> (1,3) wynik 169066 OK
ruch 55: slot 0 -> (5,2) wynik 161947 OK
ruch 56: slot 1 -> (5,0) wynik 16551 OK
ruch 57: slot 0 -> (6,0) wynik 161959 OK
ruch 58: slot 1 -> (6,3) wynik 161963 OK
ruch 59: slot 2 -> (4,5) wynik 16988 OK
ruch 60: slot 1 -> (4,0) wynik 1681 OK
ruch 61: slot 2 -> (2,3) wynik 169965 OK
ruch 62: slot 0 -> (2,0) wynik 16014 OK
ruch 63: slot 0 -> (5,4) wynik 16235 OK
ruch 64: slot 1 -> (6,0) wynik 16235 OK
ruch 65: slot 2 -> (5,6) wynik 1639967 ROZBIEŻNOŚĆ
ruch 66: slot 0 -> (4,3) wynik 169871 ROZBIEŻNOŚĆ
ruch 67: slot 2 -> (4,0) wynik 16909 OK
ruch 68: slot 1 -> (6,5) wynik 1641 OK
ruch 69: slot 1 -> (4,0) wynik 163057 OK
ruch 70: slot 0 -> (6,3) wynik 16961 OK
ruch 71: slot 2 -> (5,1) wynik 163992 OK
ruch 72: slot 2 -> (3,2) wynik 163937 OK
ruch 73: slot 1 -> (5,3) wynik 1671 OK
ruch 74: slot 0 -> (3,6) wynik 16975 OK
ruch 75: slot 2 -> (5,0) wynik 163907 OK
ruch 76: slot 0 -> (5,1) wynik 1641 OK
ruch 77: slot 1 -> (6,4) wynik 164645 OK
ruch 78: slot 1 -> (0,0) wynik 16478 OK
ruch 79: slot 0 -> (0,5) wynik 164417 OK
ruch 80: slot 2 -> (4,5) wynik 16453 OK
ruch 81: slot 2 -> (2,5) wynik 164922 OK
ruch 82: slot 1 -> (0,3) wynik 164075 OK
ruch 83: slot 0 -> (5,4) wynik 164079 OK
ruch 84: slot 1 -> (2,4) wynik 164983 OK
ruch 85: slot 2 -> (1,2) wynik 16369 OK
ruch 86: slot 0 -> (1,0) wynik 163973 OK
ruch 87: slot 0 -> (4,3) wynik 1691 OK
ruch 88: slot 1 -> (2,3) wynik 16369 OK
ruch 89: slot 2 -> (0,2) wynik 163873 OK
ruch 90: slot 1 -> (3,4) wynik 16971 OK
ruch 91: slot 0 -> (6,2) wynik 163975 ROZBIEŻNOŚĆ
ruch 92: slot 2 -> (0,4) wynik 16379 ROZBIEŻNOŚĆ
ruch 93: slot 0 -> (7,4) wynik 1663 OK
ruch 94: slot 1 -> (4,5) wynik 16408 OK
ruch 95: slot 2 -> (1,5) wynik 16697 OK
ruch 96: slot 1 -> (0,1) wynik 1614 OK
ruch 97: slot 2 -> (2,3) wynik 163036 OK
ruch 98: slot 0 -> (3,1) wynik 163075 OK
ruch 99: slot 0 -> (0,0) wynik 167614 OK
ruch 100: slot 1 -> (6,1) wynik 16702 OK
ruch 101: slot 2 -> (4,4) wynik 16706 OK
ruch 102: slot 1 -> (1,4) wynik 16446 OK
ruch 103: slot 0 -> (0,1) wynik 16450 OK
ruch 104: slot 2 -> (5,1) wynik 16498 OK
ruch 105: slot 1 -> (7,0) wynik 16800 OK
ruch 106: slot 0 -> (0,2) wynik 168904 OK
ruch 107: slot 2 -> (2,1) wynik 168908 OK
ruch 108: slot 0 -> (1,3) wynik 168512 OK
ruch 109: slot 2 -> (3,3) wynik 168519 OK
ruch 110: slot 1 -> (5,3) wynik 168529 OK
ruch 111: slot 1 -> (0,3) wynik 168533 OK
ruch 112: slot 0 -> (3,2) wynik 168845 OK
ruch 113: slot 2 -> (0,1) wynik 168957 OK
ruch 114: slot 0 -> (0,3) wynik 168866 OK
ruch 115: slot 1 -> (5,2) wynik 168885 OK
ruch 116: slot 2 -> (0,0) wynik 169989 OK
ruch 117: slot 2 -> (2,1) wynik 16820 OK
ruch 118: slot 1 -> (1,6) wynik 169924 OK
ruch 119: slot 0 -> (2,3) wynik 168928 OK
ruch 120: slot 2 -> (1,4) wynik 168647 OK
ruch 121: slot 1 -> (5,1) wynik 168967 OK
ruch 122: slot 0 -> (6,2) wynik 1671 OK
ruch 123: slot 0 -> (0,3) wynik 1689675 OK
ruch 124: slot 1 -> (1,4) wynik 16716 OK
ruch 125: slot 2 -> (1,0) wynik 168933 OK
ruch 126: slot 1 -> (6,4) wynik 168964 OK
ruch 127: slot 0 -> (0,6) wynik 168968 OK
ruch 128: slot 2 -> (2,6) wynik 168802 OK
ruch 129: slot 1 -> (3,4) wynik 168922 OK
ruch 130: slot 0 -> (0,5) wynik 168086 OK
ruch 131: slot 2 -> (5,4) wynik 169905 OK
ruch 132: slot 2 -> (3,2) wynik 164081 OK
ruch 133: slot 1 -> (0,1) wynik 16962 OK
ruch 134: slot 0 -> (3,4) wynik 16966 OK
ruch 135: slot 0 -> (0,2) wynik 16960 OK
ruch 136: slot 1 -> (0,5) wynik 16976 OK
ruch 137: slot 2 -> (0,3) wynik 169964 OK
ruch 138: slot 2 -> (1,0) wynik 16904 OK
ruch 139: slot 0 -> (1,3) wynik 169988 OK
ruch 140: slot 1 -> (1,4) wynik 16910 OK
ruch 141: slot 0 -> (3,0) wynik 169924 OK
ruch 142: slot 1 -> (4,1) wynik 169934 OK
ruch 143: slot 2 -> (3,3) wynik 16956 OK
ruch 144: slot 0 -> (3,0) wynik 169985 OK
ruch 145: slot 1 -> (3,6) wynik 1704 OK
ruch 146: slot 2 -> (2,0) wynik 1721 OK
ruch 147: slot 0 -> (3,6) wynik 1750 OK
ruch 148: slot 1 -> (1,2) wynik 1754 OK
ruch 149: slot 2 -> (3,3) wynik 17658 OK
najdłuższa seria zgodnych ruchów: 60
