polityka: greedy (źródło: argv)
reset(seed='36499205925')
log ruchów: bridge-out/moves.17.jsonl
ruch 0: slot 0 -> (4,0) wynik 7 OK
OCR: 
ruch 1: slot 1 -> (0,1) wynik None OK
ruch 2: slot 2 -> (6,0) wynik 15 OK
ruch 3: slot 0 -> (0,3) wynik 19 OK
ruch 4: slot 2 -> (3,3) wynik 28 OK
ruch 5: slot 1 -> (6,3) wynik 37 OK
ruch 6: slot 1 -> (0,3) wynik 103 OK
ruch 7: slot 2 -> (1,3) wynik 128 OK
OCR: 
ruch 8: slot 0 -> (0,0) wynik None OK
OCR: 
ruch 9: slot 1 -> (0,1) wynik None OK
OCR: 
ruch 10: slot 0 -> (7,0) wynik None OK
OCR: 
ruch 11: slot 2 -> (0,2) wynik None OK
ruch 12: slot 0 -> (2,3) wynik 220 OK
ruch 13: slot 1 -> (4,3) wynik 224 OK
ruch 14: slot 2 -> (1,3) wynik 238 OK
ruch 15: slot 2 -> (0,5) wynik 242 OK
ruch 16: slot 0 -> (2,5) wynik 271 OK
ruch 17: slot 1 -> (3,2) wynik 276 OK
ruch 18: slot 1 -> (1,2) wynik 280 OK
OCR: 
ruch 19: slot 0 -> (0,0) wynik None OK
OCR: 
ruch 20: slot 2 -> (1,1) wynik None OK
OCR: 
ruch 21: slot 1 -> (5,1) wynik None OK
OCR: 
ruch 22: slot 2 -> (2,0) wynik None OK
OCR: 
ruch 23: slot 0 -> (0,0) wynik None OK
OCR: 
ruch 24: slot 0 -> (0,0) wynik None OK
OCR: 
ruch 25: slot 1 -> (2,0) wynik None OK
OCR: 
ruch 26: slot 2 -> (2,6) wynik None OK
OCR: 
ruch 27: slot 0 -> (2,0) wynik None OK
OCR: 
ruch 28: slot 1 -> (3,0) wynik None OK
OCR: 
ruch 29: slot 2 -> (4,0) wynik None OK
najdłuższa seria zgodnych ruchów: 30
