polityka: greedy (źródło: argv)
reset(seed='36499205925')
log ruchów: bridge-out/moves.19.jsonl
ruch 0: slot 2 -> (6,0) wynik 1 OK
OCR: 
ruch 1: slot 1 -> (1,0) wynik None OK
OCR: 
ruch 2: slot 0 -> (0,0) wynik None OK
ruch 3: slot 0 -> (3,0) wynik 3 OK
OCR: 
ruch 4: slot 1 -> (1,0) wynik None OK
OCR: 
ruch 5: slot 2 -> (4,0) wynik None OK
OCR: 
ruch 6: slot 0 -> (1,4) wynik None OK
OCR: 
ruch 7: slot 1 -> (0,0) wynik None OK
OCR: 
ruch 8: slot 2 -> (7,0) wynik None OK
OCR: 
ruch 9: slot 1 -> (4,0) wynik None OK
ruch 10: slot 0 -> (0,0) wynik 1 OK
OCR: 
ruch 11: slot 2 -> (2,0) wynik None OK
OCR: 
ruch 12: slot 2 -> (1,3) wynik None OK
OCR: 
ruch 13: slot 1 -> (0,1) wynik None OK
OCR: 
ruch 14: slot 0 -> (4,1) wynik None OK
OCR: 
ruch 15: slot 0 -> (7,1) wynik None OK
OCR: 
ruch 16: slot 1 -> (1,1) wynik None OK
OCR: 
ruch 17: slot 2 -> (6,0) wynik None OK
OCR: 
ruch 18: slot 1 -> (0,0) wynik None OK
OCR: 
ruch 19: slot 2 -> (4,0) wynik None OK
OCR: 
ruch 20: slot 0 -> (7,1) wynik None OK
OCR: 
ruch 21: slot 1 -> (2,1) wynik None OK
ruch 22: slot 2 -> (7,1) wynik 42 OK
OCR: 
ruch 23: slot 0 -> (0,0) wynik None OK
OCR: 
ruch 24: slot 1 -> (3,3) wynik None OK
OCR: 
ruch 25: slot 0 -> (1,4) wynik None OK
OCR: 
ruch 26: slot 2 -> (0,0) wynik None OK
OCR: 
ruch 27: slot 1 -> (5,0) wynik None OK
ruch 28: slot 0 -> (2,0) wynik 6 OK
OCR: 
ruch 29: slot 2 -> (5,0) wynik None OK
najdłuższa seria zgodnych ruchów: 30
