polityka: greedy (źródło: argv)
reset(seed='36499205925')
log ruchów: bridge-out/moves.18.jsonl
ruch 0: slot 0 -> (6,1) wynik 916 OK
ruch 1: slot 1 -> (0,3) wynik 920 OK
ruch 2: slot 2 -> (2,3) wynik 924 OK
ruch 3: slot 0 -> (7,2) wynik 928 OK
ruch 4: slot 1 -> (2,0) wynik 942 OK
ruch 5: slot 2 -> (4,1) wynik 965 OK
OCR: 
ruch 6: slot 1 -> (7,0) wynik None OK
OCR: 
ruch 7: slot 2 -> (0,0) wynik None OK
ruch 8: slot 0 -> (1,0) wynik 1 OK
OCR: 
ruch 9: slot 1 -> (1,0) wynik None OK
ruch 10: slot 2 -> (3,0) wynik 2 OK
OCR: 
ruch 11: slot 0 -> (4,0) wynik None OK
OCR: 
ruch 12: slot 0 -> (3,0) wynik None OK
OCR: 
ruch 13: slot 1 -> (4,0) wynik None OK
OCR: 
ruch 14: slot 2 -> (5,0) wynik None OK
OCR: 
ruch 15: slot 1 -> (0,0) wynik None OK
ruch 16: slot 2 -> (1,1) wynik 1 OK
ruch 17: slot 0 -> (7,0) wynik 1 OK
ruch 18: slot 0 -> (6,2) wynik 1211 OK
ruch 19: slot 2 -> (2,1) wynik 1225 OK
ruch 20: slot 1 -> (3,0) wynik 1247 OK
ruch 21: slot 2 -> (6,0) wynik 1252 OK
ruch 22: slot 1 -> (0,0) wynik 1 OK
OCR: 
ruch 23: slot 0 -> (2,0) wynik None OK
OCR: 
ruch 24: slot 0 -> (1,4) wynik None OK
ruch 25: slot 1 -> (0,0) wynik 1 OK
OCR: 
ruch 26: slot 2 -> (3,0) wynik None OK
OCR: 
ruch 27: slot 0 -> (1,3) wynik None OK
OCR: 
ruch 28: slot 1 -> (0,1) wynik None OK
ruch 29: slot 2 -> (5,0) wynik 1 OK
najdłuższa seria zgodnych ruchów: 30
