polityka: greedy (źródło: argv)
reset(seed='36499205925')
log ruchów: bridge-out/moves.11.jsonl
ruch 0: slot 1 -> (2,0) wynik 4544 OK
ruch 1: slot 2 -> (4,0) wynik 4548 OK
ruch 2: slot 0 -> (6,1) wynik 4552 OK
ruch 3: slot 1 -> (0,2) wynik 4568 OK
ruch 4: slot 2 -> (2,2) wynik 4574 OK
ruch 5: slot 0 -> (0,5) wynik 4578 OK
ruch 6: slot 1 -> (2,2) wynik 4607 OK
ruch 7: slot 2 -> (1,1) wynik 4642 OK
ruch 8: slot 0 -> (3,5) wynik 4683 OK
ruch 9: slot 1 -> (0,0) wynik 4737 OK
ruch 10: slot 2 -> (1,1) wynik 474 OK
ruch 11: slot 1 -> (0,4) wynik 4745 OK
ruch 12: slot 0 -> (4,2) wynik 4754 OK
ruch 13: slot 2 -> (5,3) wynik 4759 OK
ruch 14: slot 2 -> (3,5) wynik 4764 OK
ruch 15: slot 0 -> (4,5) wynik 4777 OK
ruch 16: slot 1 -> (3,0) wynik 4786 OK
ruch 17: slot 1 -> (4,4) wynik 4850 OK
ruch 18: slot 0 -> (2,0) wynik 4938 OK
ruch 19: slot 2 -> (0,0) wynik 4957 OK
ruch 20: slot 0 -> (5,0) wynik 4958 OK
ruch 21: slot 1 -> (4,0) wynik 9040 OK
ruch 22: slot 2 -> (0,1) wynik 9057 OK
ruch 23: slot 2 -> (5,0) wynik 9144 OK
ruch 24: slot 0 -> (0,0) wynik 9275 OK
ruch 25: slot 1 -> (0,1) wynik 5291 OK
ruch 26: slot 2 -> (1,0) wynik 9294 OK
ruch 27: slot 1 -> (4,0) wynik 9412 OK
ruch 28: slot 0 -> (0,0) wynik 9566 OK
ruch 29: slot 0 -> (4,3) wynik 9597 OK
najdłuższa seria zgodnych ruchów: 30
