polityka: greedy (źródło: argv)
reset(seed='36499205925')
log ruchów: bridge-out/moves.16.jsonl
OCR: 
ruch 0: slot 1 -> (0,0) wynik None OK
OCR: 
ruch 1: slot 0 -> (2,0) wynik None OK
OCR: 
ruch 2: slot 1 -> (5,0) wynik None OK
OCR: 
ruch 3: slot 2 -> (1,3) wynik None OK
OCR: 
ruch 4: slot 1 -> (1,0) wynik None OK
OCR: 
ruch 5: slot 2 -> (3,0) wynik None OK
OCR: 
ruch 6: slot 0 -> (0,0) wynik None OK
OCR: 
ruch 7: slot 2 -> (5,0) wynik None OK
OCR: 
ruch 8: slot 1 -> (5,2) wynik None OK
OCR: 
ruch 9: slot 0 -> (6,7) wynik None OK
OCR: 
ruch 10: slot 1 -> (5,3) wynik None OK
OCR: 
ruch 11: slot 0 -> (3,3) wynik None OK
OCR: 
ruch 12: slot 2 -> (0,3) wynik None OK
OCR: 
ruch 13: slot 2 -> (3,2) wynik None OK
ruch 14: slot 1 -> (6,1) wynik 53 OK
OCR: 
ruch 15: slot 0 -> (0,4) wynik None OK
OCR: 
ruch 16: slot 2 -> (4,4) wynik None OK
OCR: 
ruch 17: slot 1 -> (4,2) wynik None OK
ruch 18: slot 0 -> (0,2) wynik 5 OK
OCR: 
ruch 19: slot 0 -> (7,1) wynik None OK
OCR: 
ruch 20: slot 2 -> (3,2) wynik None OK
OCR: 
ruch 21: slot 1 -> (0,2) wynik None OK
OCR: 
ruch 22: slot 2 -> (3,2) wynik None OK
OCR: 
ruch 23: slot 0 -> (0,1) wynik None OK
OCR: 
ruch 24: slot 1 -> (0,1) wynik None OK
OCR: 
ruch 25: slot 1 -> (3,1) wynik None OK
OCR: 
ruch 26: slot 0 -> (3,4) wynik None ROZBIEŻNOŚĆ
OCR: 
okno: reklama_statyczna
OCR: 
okno: reklama_statyczna
OCR: Bottom=0, top=180, base=0, x=0

Total count=0
Min=0.00 Really=0
Lower quartile=0.00
Median=0.00, ile(0.5)=0.00
Upper quartile=0.00
Max=0.00 Really=0
Range=1
Mean= 0.00
SD= 0.00
koniec_partii, wynik 6737, nowa_partia 2
OCR: 
ruch 27: slot 1 -> (0,0) wynik None OK
ruch 28: slot 0 -> (2,0) wynik 3 OK
ruch 29: slot 2 -> (3,0) wynik 5 OK
najdłuższa seria zgodnych ruchów: 26
