polityka: greedy (źródło: argv)
reset(seed='36499205925')
log ruchów: bridge-out/moves.9.jsonl
ruch 0: slot 2 -> (2,3) wynik 344 OK
ruch 1: slot 1 -> (5,0) wynik 434 OK
ruch 2: slot 0 -> (0,0) wynik 456 OK
ruch 3: slot 1 -> (5,1) wynik 954 OK
ruch 4: slot 2 -> (1,2) wynik 694 OK
ruch 5: slot 0 -> (0,0) wynik 840 OK
ruch 6: slot 1 -> (3,0) wynik 877 OK
ruch 7: slot 2 -> (6,0) wynik 881 OK
ruch 8: slot 1 -> (7,0) wynik 884 OK
ruch 9: slot 0 -> (1,0) wynik 898 OK
ruch 10: slot 2 -> (4,1) wynik 902 OK
ruch 11: slot 1 -> (0,1) wynik 906 OK
ruch 12: slot 2 -> (3,1) wynik 930 OK
ruch 13: slot 0 -> (4,4) wynik 939 OK
ruch 14: slot 0 -> (0,1) wynik 945 OK
ruch 15: slot 1 -> (1,1) wynik 977 OK
ruch 16: slot 2 -> (4,0) wynik 981 OK
ruch 17: slot 0 -> (6,1) wynik 982 OK
ruch 18: slot 1 -> (3,1) wynik 1025 OK
ruch 19: slot 2 -> (2,6) wynik 1029 OK
ruch 20: slot 1 -> (4,0) wynik 1083 OK
ruch 21: slot 2 -> (0,0) wynik 1168 OK
ruch 22: slot 0 -> (2,0) wynik 1181 OK
ruch 23: slot 0 -> (4,0) wynik 1183 OK
ruch 24: slot 1 -> (4,5) wynik 1188 OK
ruch 25: slot 2 -> (4,0) wynik 1278 OK
ruch 26: slot 2 -> (2,2) wynik 1299 OK
ruch 27: slot 1 -> (1,1) wynik 1304 OK
ruch 28: slot 0 -> (6,2) wynik 1308 OK
ruch 29: slot 1 -> (5,0) wynik 1514 OK
najdłuższa seria zgodnych ruchów: 30
