polityka: greedy (źródło: argv)
reset(seed='36499205925')
log ruchów: bridge-out/moves.10.jsonl
ruch 0: slot 0 -> (0,1) wynik 1690 OK
ruch 1: slot 2 -> (5,0) wynik 1694 OK
ruch 2: slot 1 -> (1,1) wynik 1697 OK
ruch 3: slot 2 -> (3,6) wynik 1702 OK
ruch 4: slot 0 -> (6,3) wynik 1706 OK
ruch 5: slot 1 -> (0,4) wynik 1709 OK
ruch 6: slot 2 -> (4,1) wynik 723 OK
ruch 7: slot 0 -> (5,3) wynik 1726 OK
ruch 8: slot 2 -> (4,3) wynik 1748 OK
ruch 9: slot 0 -> (3,0) wynik 1782 OK
ruch 10: slot 1 -> (4,0) wynik 1825 OK
ruch 11: slot 0 -> (4,3) wynik 1830 OK
ruch 12: slot 1 -> (1,4) wynik 1885 OK
ruch 13: slot 2 -> (4,1) wynik 1890 OK
ruch 14: slot 1 -> (0,2) wynik 1894 OK
ruch 15: slot 0 -> (7,0) wynik 1976 OK
ruch 16: slot 2 -> (5,2) wynik 2076 OK
ruch 17: slot 0 -> (0,0) wynik 2185 OK
ruch 18: slot 2 -> (3,0) wynik 2222 OK
ruch 19: slot 1 -> (5,0) wynik 2338 OK
ruch 20: slot 0 -> (0,0) wynik 2485 OK
ruch 21: slot 1 -> (2,0) wynik 2521 OK
ruch 22: slot 2 -> (3,2) wynik 2525 OK
ruch 23: slot 0 -> (5,1) wynik 2709 OK
ruch 24: slot 1 -> (2,1) wynik 2758 OK
ruch 25: slot 2 -> (0,2) wynik 2956 OK
ruch 26: slot 0 -> (3,6) wynik 3221 OK
ruch 27: slot 1 -> (3,3) wynik 3503 OK
ruch 28: slot 2 -> (5,4) wynik 3799 OK
ruch 29: slot 0 -> (0,0) wynik 4417 OK
najdłuższa seria zgodnych ruchów: 30
