polityka: greedy (źródło: argv)
reset(seed='36499205925')
log ruchów: bridge-out/moves.7.jsonl
ruch 0: slot 0 -> (0,0) wynik 7875 OK
ruch 1: slot 1 -> (2,0) wynik 7879 OK
ruch 2: slot 2 -> (3,0) wynik 7882 OK
ruch 3: slot 0 -> (7,0) wynik 7885 OK
ruch 4: slot 1 -> (0,2) wynik 7890 OK
ruch 5: slot 2 -> (2,2) wynik 7894 OK
ruch 6: slot 2 -> (5,0) wynik 7906 OK
ruch 7: slot 0 -> (0,0) wynik 7923 OK
ruch 8: slot 1 -> (4,2) wynik 7944 OK
ruch 9: slot 0 -> (0,0) wynik 8194 OK
ruch 10: slot 1 -> (2,0) wynik 8271 OK
ruch 11: slot 2 -> (4,0) wynik 8277 OK
ruch 12: slot 0 -> (4,2) wynik 8281 OK
ruch 13: slot 1 -> (0,3) wynik 8285 OK
ruch 14: slot 2 -> (3,3) wynik 8289 OK
ruch 15: slot 0 -> (0,4) wynik 8293 OK
ruch 16: slot 1 -> (0,6) wynik 8297 OK
ruch 17: slot 2 -> (0,5) wynik 8305 OK
ruch 18: slot 1 -> (4,5) wynik 8317 OK
ruch 19: slot 0 -> (1,0) wynik 8335 OK
ruch 20: slot 2 -> (5,0) wynik 8339 OK
ruch 21: slot 0 -> (7,0) wynik 8343 OK
ruch 22: slot 1 -> (1,0) wynik 8387 OK
ruch 23: slot 2 -> (3,0) wynik 8393 OK
ruch 24: slot 0 -> (1,4) wynik 8397 OK
ruch 25: slot 1 -> (4,1) wynik 8437 OK
ruch 26: slot 2 -> (4,2) wynik 8472 OK
ruch 27: slot 2 -> (1,2) wynik 8476 OK
ruch 28: slot 0 -> (0,0) wynik 8516 OK
ruch 29: slot 1 -> (3,0) wynik 8520 OK
najdłuższa seria zgodnych ruchów: 30
