polityka: greedy (źródło: argv)
reset(seed='36499205925')
log ruchów: bridge-out/moves.4.jsonl
ruch 0: slot 0 -> (5,4) wynik 4955 OK
ruch 1: slot 1 -> (3,2) wynik 4989 OK
ruch 2: slot 2 -> (0,4) wynik 4993 OK
ruch 3: slot 0 -> (5,3) wynik 4997 OK
ruch 4: slot 1 -> (0,2) wynik 5041 OK
ruch 5: slot 2 -> (2,3) wynik 9045 OK
ruch 6: slot 0 -> (0,5) wynik 9049 OK
ruch 7: slot 1 -> (2,5) wynik 9053 OK
ruch 8: slot 2 -> (4,6) wynik 9057 OK
ruch 9: slot 1 -> (6,5) wynik 9061 OK
ruch 10: slot 2 -> (0,5) wynik 8075 ROZBIEŻNOŚĆ
OCR: Bottom=0, top=180, base=0, x=0

Total count=0
Min=0.00 Really=0
Lower quartile=0.00
Median=0.00, ile(0.5)=0.00
Upper quartile=0.00
Max=0.00 Really=0
Range=1
Mean= 0.00
SD= 0.00
okno: reklama_statyczna
OCR: 
okno: plansza_pusta_przejsciowo
OCR: 
okno: plansza_pusta_przejsciowo
OCR: 
okno: plansza_pusta_przejsciowo
OCR: 
okno: plansza_pusta_przejsciowo
OCR: 
okno: plansza_pusta_przejsciowo, okno: petla_bez_postepu
najdłuższa seria zgodnych ruchów: 10
