polityka: greedy (źródło: argv)
reset(seed='36499205925')
log ruchów: bridge-out/moves.14.jsonl
ruch 0: slot 2 -> (5,0) wynik 25 OK
ruch 1: slot 0 -> (6,0) wynik 29 OK
ruch 2: slot 1 -> (3,0) wynik 33 OK
ruch 3: slot 2 -> (0,2) wynik 37 OK
ruch 4: slot 1 -> (3,2) wynik 4 OK
ruch 5: slot 0 -> (5,2) wynik 95 OK
ruch 6: slot 2 -> (0,2) wynik 81 OK
ruch 7: slot 2 -> (4,2) wynik 85 OK
ruch 8: slot 0 -> (0,2) wynik 119 OK
ruch 9: slot 1 -> (4,2) wynik 123 OK
ruch 10: slot 1 -> (0,0) wynik 167 OK
ruch 11: slot 0 -> (1,0) wynik 331 OK
ruch 12: slot 2 -> (4,0) wynik 360 OK
ruch 13: slot 1 -> (7,0) wynik 369 OK
ruch 14: slot 0 -> (0,3) wynik 458 OK
ruch 15: slot 2 -> (0,2) wynik 979 OK
ruch 16: slot 2 -> (0,0) wynik 606 OK
ruch 17: slot 1 -> (4,2) wynik 869 OK
ruch 18: slot 0 -> (0,0) wynik 1085 OK
ruch 19: slot 1 -> (0,5) wynik 1136 OK
OCR: 
ruch 20: slot 0 -> (0,0) wynik None OK
ruch 21: slot 2 -> (3,0) wynik 1 OK
ruch 22: slot 2 -> (4,0) wynik 3 OK
OCR: 
ruch 23: slot 1 -> (0,1) wynik None OK
OCR: 
ruch 24: slot 0 -> (7,0) wynik None OK
OCR: 
ruch 25: slot 1 -> (0,0) wynik None OK
OCR: 
ruch 26: slot 2 -> (1,0) wynik None OK
ruch 27: slot 0 -> (4,0) wynik 1 OK
ruch 28: slot 2 -> (5,0) wynik 8 OK
OCR: 
ruch 29: slot 1 -> (0,1) wynik None OK
najdłuższa seria zgodnych ruchów: 30
