polityka: greedy (źródło: argv)
reset(seed='36499205925')
log ruchów: bridge-out/moves.22.jsonl
OCR: 
ruch 0: slot 1 -> (0,0) wynik None OK
ruch 1: slot 0 -> (1,0) wynik 3 OK
ruch 2: slot 2 -> (3,0) wynik 5 OK
ruch 3: slot 1 -> (5,0) wynik 7 OK
ruch 4: slot 2 -> (0,3) wynik 16 OK
ruch 5: slot 0 -> (3,3) wynik 25 OK
ruch 6: slot 1 -> (6,3) wynik 31 OK
ruch 7: slot 2 -> (3,5) wynik 95 OK
ruch 8: slot 0 -> (0,3) wynik 80 OK
ruch 9: slot 0 -> (3,3) wynik 86 OK
OCR: 
ruch 10: slot 1 -> (3,1) wynik None OK
OCR: 
ruch 11: slot 2 -> (4,3) wynik None OK
OCR: 
ruch 12: slot 2 -> (3,4) wynik None OK
OCR: 
ruch 13: slot 1 -> (0,2) wynik None OK
OCR: 
ruch 14: slot 0 -> (0,3) wynik None OK
OCR: 
ruch 15: slot 0 -> (2,3) wynik None OK
OCR: 
ruch 16: slot 1 -> (0,4) wynik None OK
OCR: 
ruch 17: slot 2 -> (3,4) wynik None OK
ruch 18: slot 1 -> (4,5) wynik 243 OK
OCR: 
ruch 19: slot 0 -> (0,6) wynik None OK
OCR: 
ruch 20: slot 2 -> (0,1) wynik None OK
OCR: 
ruch 21: slot 1 -> (4,3) wynik None ROZBIEŻNOŚĆ
OCR: 
ruch 22: slot 2 -> (5,0) wynik None OK
ruch 23: slot 0 -> (0,0) wynik 3 OK
OCR: 
ruch 24: slot 2 -> (1,5) wynik None OK
ruch 25: slot 0 -> (1,1) wynik 1 OK
ruch 26: slot 1 -> (1,0) wynik 1 OK
ruch 27: slot 0 -> (1,3) wynik 2 OK
ruch 28: slot 2 -> (1,0) wynik 1 OK
OCR: 
ruch 29: slot 1 -> (6,0) wynik None OK
najdłuższa seria zgodnych ruchów: 21
