polityka: greedy (źródło: argv)
reset(seed='36499205925')
log ruchów: bridge-out/moves.1.jsonl
ruch 0: slot 2 -> (2,0) wynik 1218 OK
ruch 1: slot 0 -> (3,0) wynik 1223 OK
ruch 2: slot 1 -> (4,0) wynik 1227 OK
ruch 3: slot 0 -> (4,1) wynik 1229 OK
ruch 4: slot 2 -> (6,0) wynik 1233 OK
ruch 5: slot 1 -> (1,2) wynik 1237 OK
ruch 6: slot 1 -> (0,1) wynik 1249 OK
ruch 7: slot 0 -> (5,0) wynik 1273 OK
ruch 8: slot 2 -> (7,0) wynik 1276 OK
ruch 9: slot 0 -> (0,0) wynik 1309 OK
ruch 10: slot 2 -> (3,0) wynik 1313 OK
ruch 11: slot 1 -> (6,0) wynik 1317 OK
ruch 12: slot 2 -> (0,0) wynik 1359 OK
ruch 13: slot 0 -> (4,0) wynik 1363 OK
ruch 14: slot 1 -> (7,0) wynik 1366 OK
ruch 15: slot 1 -> (3,1) wynik 1368 OK
ruch 16: slot 2 -> (6,1) wynik 1371 OK
ruch 17: slot 0 -> (1,0) wynik 1393 OK
ruch 18: slot 1 -> (2,0) wynik 1415 OK
ruch 19: slot 2 -> (3,0) wynik 1419 OK
ruch 20: slot 0 -> (0,0) wynik 1423 OK
ruch 21: slot 1 -> (4,3) wynik 1425 OK
ruch 22: slot 0 -> (6,1) wynik 1439 OK
ruch 23: slot 2 -> (0,0) wynik 1461 OK
ruch 24: slot 2 -> (6,0) wynik 1463 OK
ruch 25: slot 0 -> (1,0) wynik 1497 OK
ruch 26: slot 1 -> (0,2) wynik 1503 OK
ruch 27: slot 1 -> (2,5) wynik 1509 OK
ruch 28: slot 0 -> (4,0) wynik 1552 OK
ruch 29: slot 2 -> (6,0) wynik 1554 OK
najdłuższa seria zgodnych ruchów: 30
