polityka: greedy (źródło: argv)
reset(seed='36499205925')
log ruchów: bridge-out/moves.8.jsonl
ruch 0: slot 0 -> (5,1) wynik 8524 OK
ruch 1: slot 1 -> (5,2) wynik 8567 OK
ruch 2: slot 2 -> (4,0) wynik 8615 OK
ruch 3: slot 0 -> (0,1) wynik 8618 OK
ruch 4: slot 1 -> (0,2) wynik 8622 OK
ruch 5: slot 2 -> (5,2) wynik 8626 OK
ruch 6: slot 0 -> (4,5) wynik 8630 OK
ruch 7: slot 1 -> (5,4) wynik 8637 OK
ruch 8: slot 2 -> (4,0) wynik 8647 OK
ruch 9: slot 0 -> (3,3) wynik 8651 OK
ruch 10: slot 2 -> (2,2) wynik 8664 OK
ruch 11: slot 1 -> (2,1) wynik 8680 OK
ruch 12: slot 0 -> (6,1) wynik 8684 OK
ruch 13: slot 1 -> (0,1) wynik 8705 ROZBIEŻNOŚĆ
OCR: 
okno: reklama_statyczna
OCR: 
okno: reklama_statyczna
OCR: 
koniec_partii, wynik 8709, nowa_partia 2
OCR: 
ruch 14: slot 0 -> (0,0) wynik None OK
ruch 15: slot 1 -> (1,0) wynik 3 OK
ruch 16: slot 2 -> (3,0) wynik 6 OK
OCR: 
ruch 17: slot 0 -> (4,0) wynik None OK
ruch 18: slot 1 -> (6,0) wynik 13 OK
ruch 19: slot 2 -> (1,2) wynik 7 OK
ruch 20: slot 1 -> (0,3) wynik 20 OK
ruch 21: slot 0 -> (5,2) wynik 35 OK
ruch 22: slot 2 -> (1,3) wynik 39 OK
ruch 23: slot 1 -> (1,5) wynik 43 OK
ruch 24: slot 2 -> (0,1) wynik 68 OK
ruch 25: slot 0 -> (1,0) wynik 103 OK
ruch 26: slot 2 -> (3,3) wynik 107 OK
ruch 27: slot 1 -> (2,1) wynik 151 OK
ruch 28: slot 0 -> (0,3) wynik 156 OK
ruch 29: slot 0 -> (6,2) wynik 160 OK
najdłuższa seria zgodnych ruchów: 16
